build-and-test (18.x, ubuntu-latest)	Set up job	﻿2025-09-10T12:15:57.7894176Z Current runner version: '2.328.0'
build-and-test (18.x, ubuntu-latest)	Set up job	2025-09-10T12:15:57.7928624Z ##[group]Runner Image Provisioner
build-and-test (18.x, ubuntu-latest)	Set up job	2025-09-10T12:15:57.7930064Z Hosted Compute Agent
build-and-test (18.x, ubuntu-latest)	Set up job	2025-09-10T12:15:57.7931062Z Version: 20250829.383
build-and-test (18.x, ubuntu-latest)	Set up job	2025-09-10T12:15:57.7931968Z Commit: 27cb235aab5b0e52e153a26cd86b4742e89dac5d
build-and-test (18.x, ubuntu-latest)	Set up job	2025-09-10T12:15:57.7933082Z Build Date: 2025-08-29T13:48:48Z
build-and-test (18.x, ubuntu-latest)	Set up job	2025-09-10T12:15:57.7934035Z ##[endgroup]
build-and-test (18.x, ubuntu-latest)	Set up job	2025-09-10T12:15:57.7934911Z ##[group]Operating System
build-and-test (18.x, ubuntu-latest)	Set up job	2025-09-10T12:15:57.7935734Z Ubuntu
build-and-test (18.x, ubuntu-latest)	Set up job	2025-09-10T12:15:57.7936541Z 24.04.3
build-and-test (18.x, ubuntu-latest)	Set up job	2025-09-10T12:15:57.7937272Z LTS
build-and-test (18.x, ubuntu-latest)	Set up job	2025-09-10T12:15:57.7938103Z ##[endgroup]
build-and-test (18.x, ubuntu-latest)	Set up job	2025-09-10T12:15:57.7938952Z ##[group]Runner Image
build-and-test (18.x, ubuntu-latest)	Set up job	2025-09-10T12:15:57.7940133Z Image: ubuntu-24.04
build-and-test (18.x, ubuntu-latest)	Set up job	2025-09-10T12:15:57.7940996Z Version: 20250907.24.1
build-and-test (18.x, ubuntu-latest)	Set up job	2025-09-10T12:15:57.7942686Z Included Software: https://github.com/actions/runner-images/blob/ubuntu24/20250907.24/images/ubuntu/Ubuntu2404-Readme.md
build-and-test (18.x, ubuntu-latest)	Set up job	2025-09-10T12:15:57.7945409Z Image Release: https://github.com/actions/runner-images/releases/tag/ubuntu24%2F20250907.24
build-and-test (18.x, ubuntu-latest)	Set up job	2025-09-10T12:15:57.7947385Z ##[endgroup]
build-and-test (18.x, ubuntu-latest)	Set up job	2025-09-10T12:15:57.7949249Z ##[group]GITHUB_TOKEN Permissions
build-and-test (18.x, ubuntu-latest)	Set up job	2025-09-10T12:15:57.7951966Z Contents: read
build-and-test (18.x, ubuntu-latest)	Set up job	2025-09-10T12:15:57.7952948Z Metadata: read
build-and-test (18.x, ubuntu-latest)	Set up job	2025-09-10T12:15:57.7953794Z Packages: read
build-and-test (18.x, ubuntu-latest)	Set up job	2025-09-10T12:15:57.7954501Z ##[endgroup]
build-and-test (18.x, ubuntu-latest)	Set up job	2025-09-10T12:15:57.7957819Z Secret source: Actions
build-and-test (18.x, ubuntu-latest)	Set up job	2025-09-10T12:15:57.7959055Z Prepare workflow directory
build-and-test (18.x, ubuntu-latest)	Set up job	2025-09-10T12:15:57.8584386Z Prepare all required actions
build-and-test (18.x, ubuntu-latest)	Set up job	2025-09-10T12:15:57.8641749Z Getting action download info
build-and-test (18.x, ubuntu-latest)	Set up job	2025-09-10T12:15:58.4988556Z Download action repository 'actions/checkout@v4' (SHA:08eba0b27e820071cde6df949e0beb9ba4906955)
build-and-test (18.x, ubuntu-latest)	Set up job	2025-09-10T12:15:58.6791077Z Download action repository 'actions/setup-node@v4' (SHA:49933ea5288caeca8642d1e84afbd3f7d6820020)
build-and-test (18.x, ubuntu-latest)	Set up job	2025-09-10T12:15:58.7751690Z Download action repository 'actions/cache@v4' (SHA:0400d5f644dc74513175e3cd8d07132dd4860809)
build-and-test (18.x, ubuntu-latest)	Set up job	2025-09-10T12:15:58.9756502Z Complete job name: build-and-test (18.x, ubuntu-latest)
build-and-test (18.x, ubuntu-latest)	Run actions/checkout@v4	﻿2025-09-10T12:15:59.0375029Z ##[group]Run actions/checkout@v4
build-and-test (18.x, ubuntu-latest)	Run actions/checkout@v4	2025-09-10T12:15:59.0375978Z with:
build-and-test (18.x, ubuntu-latest)	Run actions/checkout@v4	2025-09-10T12:15:59.0376409Z   repository: sattva2020/N8N-Self
build-and-test (18.x, ubuntu-latest)	Run actions/checkout@v4	2025-09-10T12:15:59.0377086Z   token: ***
build-and-test (18.x, ubuntu-latest)	Run actions/checkout@v4	2025-09-10T12:15:59.0377481Z   ssh-strict: true
build-and-test (18.x, ubuntu-latest)	Run actions/checkout@v4	2025-09-10T12:15:59.0377900Z   ssh-user: git
build-and-test (18.x, ubuntu-latest)	Run actions/checkout@v4	2025-09-10T12:15:59.0378317Z   persist-credentials: true
build-and-test (18.x, ubuntu-latest)	Run actions/checkout@v4	2025-09-10T12:15:59.0378792Z   clean: true
build-and-test (18.x, ubuntu-latest)	Run actions/checkout@v4	2025-09-10T12:15:59.0379207Z   sparse-checkout-cone-mode: true
build-and-test (18.x, ubuntu-latest)	Run actions/checkout@v4	2025-09-10T12:15:59.0379875Z   fetch-depth: 1
build-and-test (18.x, ubuntu-latest)	Run actions/checkout@v4	2025-09-10T12:15:59.0380285Z   fetch-tags: false
build-and-test (18.x, ubuntu-latest)	Run actions/checkout@v4	2025-09-10T12:15:59.0380725Z   show-progress: true
build-and-test (18.x, ubuntu-latest)	Run actions/checkout@v4	2025-09-10T12:15:59.0381146Z   lfs: false
build-and-test (18.x, ubuntu-latest)	Run actions/checkout@v4	2025-09-10T12:15:59.0381542Z   submodules: false
build-and-test (18.x, ubuntu-latest)	Run actions/checkout@v4	2025-09-10T12:15:59.0381962Z   set-safe-directory: true
build-and-test (18.x, ubuntu-latest)	Run actions/checkout@v4	2025-09-10T12:15:59.0382677Z ##[endgroup]
build-and-test (18.x, ubuntu-latest)	Run actions/checkout@v4	2025-09-10T12:15:59.1508552Z Syncing repository: sattva2020/N8N-Self
build-and-test (18.x, ubuntu-latest)	Run actions/checkout@v4	2025-09-10T12:15:59.1514414Z ##[group]Getting Git version info
build-and-test (18.x, ubuntu-latest)	Run actions/checkout@v4	2025-09-10T12:15:59.1515438Z Working directory is '/home/runner/work/N8N-Self/N8N-Self'
build-and-test (18.x, ubuntu-latest)	Run actions/checkout@v4	2025-09-10T12:15:59.1517017Z [command]/usr/bin/git version
build-and-test (18.x, ubuntu-latest)	Run actions/checkout@v4	2025-09-10T12:15:59.1608239Z git version 2.51.0
build-and-test (18.x, ubuntu-latest)	Run actions/checkout@v4	2025-09-10T12:15:59.1636270Z ##[endgroup]
build-and-test (18.x, ubuntu-latest)	Run actions/checkout@v4	2025-09-10T12:15:59.1653483Z Temporarily overriding HOME='/home/runner/work/_temp/a231fd83-e0e2-490b-afa4-b54cb5b6ef73' before making global git config changes
build-and-test (18.x, ubuntu-latest)	Run actions/checkout@v4	2025-09-10T12:15:59.1658405Z Adding repository directory to the temporary git global config as a safe directory
build-and-test (18.x, ubuntu-latest)	Run actions/checkout@v4	2025-09-10T12:15:59.1660683Z [command]/usr/bin/git config --global --add safe.directory /home/runner/work/N8N-Self/N8N-Self
build-and-test (18.x, ubuntu-latest)	Run actions/checkout@v4	2025-09-10T12:15:59.1697571Z Deleting the contents of '/home/runner/work/N8N-Self/N8N-Self'
build-and-test (18.x, ubuntu-latest)	Run actions/checkout@v4	2025-09-10T12:15:59.1703058Z ##[group]Initializing the repository
build-and-test (18.x, ubuntu-latest)	Run actions/checkout@v4	2025-09-10T12:15:59.1707020Z [command]/usr/bin/git init /home/runner/work/N8N-Self/N8N-Self
build-and-test (18.x, ubuntu-latest)	Run actions/checkout@v4	2025-09-10T12:15:59.1819385Z hint: Using 'master' as the name for the initial branch. This default branch name
build-and-test (18.x, ubuntu-latest)	Run actions/checkout@v4	2025-09-10T12:15:59.1822323Z hint: is subject to change. To configure the initial branch name to use in all
build-and-test (18.x, ubuntu-latest)	Run actions/checkout@v4	2025-09-10T12:15:59.1825114Z hint: of your new repositories, which will suppress this warning, call:
build-and-test (18.x, ubuntu-latest)	Run actions/checkout@v4	2025-09-10T12:15:59.1826793Z hint:
build-and-test (18.x, ubuntu-latest)	Run actions/checkout@v4	2025-09-10T12:15:59.1827720Z hint: 	git config --global init.defaultBranch <name>
build-and-test (18.x, ubuntu-latest)	Run actions/checkout@v4	2025-09-10T12:15:59.1829142Z hint:
build-and-test (18.x, ubuntu-latest)	Run actions/checkout@v4	2025-09-10T12:15:59.1830436Z hint: Names commonly chosen instead of 'master' are 'main', 'trunk' and
build-and-test (18.x, ubuntu-latest)	Run actions/checkout@v4	2025-09-10T12:15:59.1833604Z hint: 'development'. The just-created branch can be renamed via this command:
build-and-test (18.x, ubuntu-latest)	Run actions/checkout@v4	2025-09-10T12:15:59.1834908Z hint:
build-and-test (18.x, ubuntu-latest)	Run actions/checkout@v4	2025-09-10T12:15:59.1835569Z hint: 	git branch -m <name>
build-and-test (18.x, ubuntu-latest)	Run actions/checkout@v4	2025-09-10T12:15:59.1836402Z hint:
build-and-test (18.x, ubuntu-latest)	Run actions/checkout@v4	2025-09-10T12:15:59.1837533Z hint: Disable this message with "git config set advice.defaultBranchName false"
build-and-test (18.x, ubuntu-latest)	Run actions/checkout@v4	2025-09-10T12:15:59.1841193Z Initialized empty Git repository in /home/runner/work/N8N-Self/N8N-Self/.git/
build-and-test (18.x, ubuntu-latest)	Run actions/checkout@v4	2025-09-10T12:15:59.1844118Z [command]/usr/bin/git remote add origin https://github.com/sattva2020/N8N-Self
build-and-test (18.x, ubuntu-latest)	Run actions/checkout@v4	2025-09-10T12:15:59.1883312Z ##[endgroup]
build-and-test (18.x, ubuntu-latest)	Run actions/checkout@v4	2025-09-10T12:15:59.1884724Z ##[group]Disabling automatic garbage collection
build-and-test (18.x, ubuntu-latest)	Run actions/checkout@v4	2025-09-10T12:15:59.1887604Z [command]/usr/bin/git config --local gc.auto 0
build-and-test (18.x, ubuntu-latest)	Run actions/checkout@v4	2025-09-10T12:15:59.1920082Z ##[endgroup]
build-and-test (18.x, ubuntu-latest)	Run actions/checkout@v4	2025-09-10T12:15:59.1922061Z ##[group]Setting up auth
build-and-test (18.x, ubuntu-latest)	Run actions/checkout@v4	2025-09-10T12:15:59.1928000Z [command]/usr/bin/git config --local --name-only --get-regexp core\.sshCommand
build-and-test (18.x, ubuntu-latest)	Run actions/checkout@v4	2025-09-10T12:15:59.1962390Z [command]/usr/bin/git submodule foreach --recursive sh -c "git config --local --name-only --get-regexp 'core\.sshCommand' && git config --local --unset-all 'core.sshCommand' || :"
build-and-test (18.x, ubuntu-latest)	Run actions/checkout@v4	2025-09-10T12:15:59.2449493Z [command]/usr/bin/git config --local --name-only --get-regexp http\.https\:\/\/github\.com\/\.extraheader
build-and-test (18.x, ubuntu-latest)	Run actions/checkout@v4	2025-09-10T12:15:59.2487212Z [command]/usr/bin/git submodule foreach --recursive sh -c "git config --local --name-only --get-regexp 'http\.https\:\/\/github\.com\/\.extraheader' && git config --local --unset-all 'http.https://github.com/.extraheader' || :"
build-and-test (18.x, ubuntu-latest)	Run actions/checkout@v4	2025-09-10T12:15:59.2724067Z [command]/usr/bin/git config --local http.https://github.com/.extraheader AUTHORIZATION: basic ***
build-and-test (18.x, ubuntu-latest)	Run actions/checkout@v4	2025-09-10T12:15:59.3455313Z ##[endgroup]
build-and-test (18.x, ubuntu-latest)	Run actions/checkout@v4	2025-09-10T12:15:59.3458415Z ##[group]Fetching the repository
build-and-test (18.x, ubuntu-latest)	Run actions/checkout@v4	2025-09-10T12:15:59.3472580Z [command]/usr/bin/git -c protocol.version=2 fetch --no-tags --prune --no-recurse-submodules --depth=1 origin +13654efa31913f34e968c01635f82ab444fb4cf5:refs/remotes/pull/3/merge
build-and-test (18.x, ubuntu-latest)	Run actions/checkout@v4	2025-09-10T12:16:02.3325935Z From https://github.com/sattva2020/N8N-Self
build-and-test (18.x, ubuntu-latest)	Run actions/checkout@v4	2025-09-10T12:16:02.3327122Z  * [new ref]         13654efa31913f34e968c01635f82ab444fb4cf5 -> pull/3/merge
build-and-test (18.x, ubuntu-latest)	Run actions/checkout@v4	2025-09-10T12:16:02.3366693Z ##[endgroup]
build-and-test (18.x, ubuntu-latest)	Run actions/checkout@v4	2025-09-10T12:16:02.3367448Z ##[group]Determining the checkout info
build-and-test (18.x, ubuntu-latest)	Run actions/checkout@v4	2025-09-10T12:16:02.3368344Z ##[endgroup]
build-and-test (18.x, ubuntu-latest)	Run actions/checkout@v4	2025-09-10T12:16:02.3370015Z [command]/usr/bin/git sparse-checkout disable
build-and-test (18.x, ubuntu-latest)	Run actions/checkout@v4	2025-09-10T12:16:02.3413819Z [command]/usr/bin/git config --local --unset-all extensions.worktreeConfig
build-and-test (18.x, ubuntu-latest)	Run actions/checkout@v4	2025-09-10T12:16:02.3443143Z ##[group]Checking out the ref
build-and-test (18.x, ubuntu-latest)	Run actions/checkout@v4	2025-09-10T12:16:02.3446296Z [command]/usr/bin/git checkout --progress --force refs/remotes/pull/3/merge
build-and-test (18.x, ubuntu-latest)	Run actions/checkout@v4	2025-09-10T12:16:03.3418911Z Note: switching to 'refs/remotes/pull/3/merge'.
build-and-test (18.x, ubuntu-latest)	Run actions/checkout@v4	2025-09-10T12:16:03.3421618Z 
build-and-test (18.x, ubuntu-latest)	Run actions/checkout@v4	2025-09-10T12:16:03.3422287Z You are in 'detached HEAD' state. You can look around, make experimental
build-and-test (18.x, ubuntu-latest)	Run actions/checkout@v4	2025-09-10T12:16:03.3423529Z changes and commit them, and you can discard any commits you make in this
build-and-test (18.x, ubuntu-latest)	Run actions/checkout@v4	2025-09-10T12:16:03.3424543Z state without impacting any branches by switching back to a branch.
build-and-test (18.x, ubuntu-latest)	Run actions/checkout@v4	2025-09-10T12:16:03.3425336Z 
build-and-test (18.x, ubuntu-latest)	Run actions/checkout@v4	2025-09-10T12:16:03.3425859Z If you want to create a new branch to retain commits you create, you may
build-and-test (18.x, ubuntu-latest)	Run actions/checkout@v4	2025-09-10T12:16:03.3426747Z do so (now or later) by using -c with the switch command. Example:
build-and-test (18.x, ubuntu-latest)	Run actions/checkout@v4	2025-09-10T12:16:03.3427368Z 
build-and-test (18.x, ubuntu-latest)	Run actions/checkout@v4	2025-09-10T12:16:03.3432149Z   git switch -c <new-branch-name>
build-and-test (18.x, ubuntu-latest)	Run actions/checkout@v4	2025-09-10T12:16:03.3432489Z 
build-and-test (18.x, ubuntu-latest)	Run actions/checkout@v4	2025-09-10T12:16:03.3432660Z Or undo this operation with:
build-and-test (18.x, ubuntu-latest)	Run actions/checkout@v4	2025-09-10T12:16:03.3432962Z 
build-and-test (18.x, ubuntu-latest)	Run actions/checkout@v4	2025-09-10T12:16:03.3433096Z   git switch -
build-and-test (18.x, ubuntu-latest)	Run actions/checkout@v4	2025-09-10T12:16:03.3433311Z 
build-and-test (18.x, ubuntu-latest)	Run actions/checkout@v4	2025-09-10T12:16:03.3433662Z Turn off this advice by setting config variable advice.detachedHead to false
build-and-test (18.x, ubuntu-latest)	Run actions/checkout@v4	2025-09-10T12:16:03.3434155Z 
build-and-test (18.x, ubuntu-latest)	Run actions/checkout@v4	2025-09-10T12:16:03.3434701Z HEAD is now at 13654ef Merge 061775b2e7a59b7575edd834cf96ea0426c24e1c into 032e0c286f1161b571d7313b759da5e74c4c9fb4
build-and-test (18.x, ubuntu-latest)	Run actions/checkout@v4	2025-09-10T12:16:03.3464309Z ##[endgroup]
build-and-test (18.x, ubuntu-latest)	Run actions/checkout@v4	2025-09-10T12:16:03.3502876Z [command]/usr/bin/git log -1 --format=%H
build-and-test (18.x, ubuntu-latest)	Run actions/checkout@v4	2025-09-10T12:16:03.3527296Z 13654efa31913f34e968c01635f82ab444fb4cf5
build-and-test (18.x, ubuntu-latest)	Use Node.js 18.x	﻿2025-09-10T12:16:03.3768459Z ##[group]Run actions/setup-node@v4
build-and-test (18.x, ubuntu-latest)	Use Node.js 18.x	2025-09-10T12:16:03.3768767Z with:
build-and-test (18.x, ubuntu-latest)	Use Node.js 18.x	2025-09-10T12:16:03.3768963Z   node-version: 18.x
build-and-test (18.x, ubuntu-latest)	Use Node.js 18.x	2025-09-10T12:16:03.3769172Z   always-auth: false
build-and-test (18.x, ubuntu-latest)	Use Node.js 18.x	2025-09-10T12:16:03.3769373Z   check-latest: false
build-and-test (18.x, ubuntu-latest)	Use Node.js 18.x	2025-09-10T12:16:03.3769856Z   token: ***
build-and-test (18.x, ubuntu-latest)	Use Node.js 18.x	2025-09-10T12:16:03.3770057Z ##[endgroup]
build-and-test (18.x, ubuntu-latest)	Use Node.js 18.x	2025-09-10T12:16:03.5572156Z Found in cache @ /opt/hostedtoolcache/node/18.20.8/x64
build-and-test (18.x, ubuntu-latest)	Use Node.js 18.x	2025-09-10T12:16:03.5576249Z ##[group]Environment details
build-and-test (18.x, ubuntu-latest)	Use Node.js 18.x	2025-09-10T12:16:07.0901722Z node: v18.20.8
build-and-test (18.x, ubuntu-latest)	Use Node.js 18.x	2025-09-10T12:16:07.0903143Z npm: 10.8.2
build-and-test (18.x, ubuntu-latest)	Use Node.js 18.x	2025-09-10T12:16:07.0903436Z yarn: 1.22.22
build-and-test (18.x, ubuntu-latest)	Use Node.js 18.x	2025-09-10T12:16:07.0904262Z ##[endgroup]
build-and-test (18.x, ubuntu-latest)	Cache node modules	﻿2025-09-10T12:16:08.0451966Z ##[group]Run actions/cache@v4
build-and-test (18.x, ubuntu-latest)	Cache node modules	2025-09-10T12:16:08.0452390Z with:
build-and-test (18.x, ubuntu-latest)	Cache node modules	2025-09-10T12:16:08.0452714Z   path: **/node_modules
build-and-test (18.x, ubuntu-latest)	Cache node modules	~/.npm
build-and-test (18.x, ubuntu-latest)	Cache node modules	
build-and-test (18.x, ubuntu-latest)	Cache node modules	2025-09-10T12:16:08.0453449Z   key: Linux-node-18.x-9c4515ee7adb94e86eaefcee7a417f196dc4582eff054bf1d1b2cc0e45105eb1
build-and-test (18.x, ubuntu-latest)	Cache node modules	2025-09-10T12:16:08.0454212Z   restore-keys: Linux-node-18.x-
build-and-test (18.x, ubuntu-latest)	Cache node modules	
build-and-test (18.x, ubuntu-latest)	Cache node modules	2025-09-10T12:16:08.0454650Z   enableCrossOsArchive: false
build-and-test (18.x, ubuntu-latest)	Cache node modules	2025-09-10T12:16:08.0455046Z   fail-on-cache-miss: false
build-and-test (18.x, ubuntu-latest)	Cache node modules	2025-09-10T12:16:08.0455425Z   lookup-only: false
build-and-test (18.x, ubuntu-latest)	Cache node modules	2025-09-10T12:16:08.0455750Z   save-always: false
build-and-test (18.x, ubuntu-latest)	Cache node modules	2025-09-10T12:16:08.0456075Z ##[endgroup]
build-and-test (18.x, ubuntu-latest)	Cache node modules	2025-09-10T12:16:08.4466535Z Cache not found for input keys: Linux-node-18.x-9c4515ee7adb94e86eaefcee7a417f196dc4582eff054bf1d1b2cc0e45105eb1, Linux-node-18.x-
build-and-test (18.x, ubuntu-latest)	Install & Build & Test	﻿2025-09-10T12:16:08.4558404Z ##[group]Run cd dashboard/frontend
build-and-test (18.x, ubuntu-latest)	Install & Build & Test	2025-09-10T12:16:08.4558760Z [36;1mcd dashboard/frontend[0m
build-and-test (18.x, ubuntu-latest)	Install & Build & Test	2025-09-10T12:16:08.4559008Z [36;1mnpm ci --prefer-offline[0m
build-and-test (18.x, ubuntu-latest)	Install & Build & Test	2025-09-10T12:16:08.4559260Z [36;1mnpm run build --if-present[0m
build-and-test (18.x, ubuntu-latest)	Install & Build & Test	2025-09-10T12:16:08.4559509Z [36;1mnpm test --if-present[0m
build-and-test (18.x, ubuntu-latest)	Install & Build & Test	2025-09-10T12:16:08.4803512Z shell: /usr/bin/bash -e {0}
build-and-test (18.x, ubuntu-latest)	Install & Build & Test	2025-09-10T12:16:08.4803800Z ##[endgroup]
build-and-test (18.x, ubuntu-latest)	Install & Build & Test	2025-09-10T12:16:18.6928828Z npm error code EUSAGE
build-and-test (18.x, ubuntu-latest)	Install & Build & Test	2025-09-10T12:16:18.6930594Z npm error
build-and-test (18.x, ubuntu-latest)	Install & Build & Test	2025-09-10T12:16:18.6932683Z npm error `npm ci` can only install packages when your package.json and package-lock.json or npm-shrinkwrap.json are in sync. Please update your lock file with `npm install` before continuing.
build-and-test (18.x, ubuntu-latest)	Install & Build & Test	2025-09-10T12:16:18.6934847Z npm error
build-and-test (18.x, ubuntu-latest)	Install & Build & Test	2025-09-10T12:16:18.6935941Z npm error Missing: @commitlint/config-conventional@17.8.1 from lock file
build-and-test (18.x, ubuntu-latest)	Install & Build & Test	2025-09-10T12:16:18.6937126Z npm error Missing: commitlint@19.8.1 from lock file
build-and-test (18.x, ubuntu-latest)	Install & Build & Test	2025-09-10T12:16:18.6944584Z npm error Missing: conventional-changelog-conventionalcommits@6.1.0 from lock file
build-and-test (18.x, ubuntu-latest)	Install & Build & Test	2025-09-10T12:16:18.6945691Z npm error Missing: @commitlint/cli@19.8.1 from lock file
build-and-test (18.x, ubuntu-latest)	Install & Build & Test	2025-09-10T12:16:18.6946482Z npm error Missing: @commitlint/types@19.8.1 from lock file
build-and-test (18.x, ubuntu-latest)	Install & Build & Test	2025-09-10T12:16:18.6947271Z npm error Missing: @commitlint/format@19.8.1 from lock file
build-and-test (18.x, ubuntu-latest)	Install & Build & Test	2025-09-10T12:16:18.6948113Z npm error Missing: @commitlint/lint@19.8.1 from lock file
build-and-test (18.x, ubuntu-latest)	Install & Build & Test	2025-09-10T12:16:18.6948931Z npm error Missing: @commitlint/load@19.8.1 from lock file
build-and-test (18.x, ubuntu-latest)	Install & Build & Test	2025-09-10T12:16:18.6957118Z npm error Missing: @commitlint/read@19.8.1 from lock file
build-and-test (18.x, ubuntu-latest)	Install & Build & Test	2025-09-10T12:16:18.6957832Z npm error Missing: tinyexec@1.0.1 from lock file
build-and-test (18.x, ubuntu-latest)	Install & Build & Test	2025-09-10T12:16:18.6958427Z npm error Missing: yargs@17.7.2 from lock file
build-and-test (18.x, ubuntu-latest)	Install & Build & Test	2025-09-10T12:16:18.6959024Z npm error Missing: chalk@5.6.2 from lock file
build-and-test (18.x, ubuntu-latest)	Install & Build & Test	2025-09-10T12:16:18.6959957Z npm error Missing: @commitlint/is-ignored@19.8.1 from lock file
build-and-test (18.x, ubuntu-latest)	Install & Build & Test	2025-09-10T12:16:18.6960838Z npm error Missing: @commitlint/parse@19.8.1 from lock file
build-and-test (18.x, ubuntu-latest)	Install & Build & Test	2025-09-10T12:16:18.6961588Z npm error Missing: @commitlint/rules@19.8.1 from lock file
build-and-test (18.x, ubuntu-latest)	Install & Build & Test	2025-09-10T12:16:18.6962315Z npm error Missing: semver@7.7.2 from lock file
build-and-test (18.x, ubuntu-latest)	Install & Build & Test	2025-09-10T12:16:18.6963141Z npm error Missing: @commitlint/config-validator@19.8.1 from lock file
build-and-test (18.x, ubuntu-latest)	Install & Build & Test	2025-09-10T12:16:18.6964034Z npm error Missing: @commitlint/execute-rule@19.8.1 from lock file
build-and-test (18.x, ubuntu-latest)	Install & Build & Test	2025-09-10T12:16:18.6964932Z npm error Missing: @commitlint/resolve-extends@19.8.1 from lock file
build-and-test (18.x, ubuntu-latest)	Install & Build & Test	2025-09-10T12:16:18.6965683Z npm error Missing: chalk@5.6.2 from lock file
build-and-test (18.x, ubuntu-latest)	Install & Build & Test	2025-09-10T12:16:18.6966750Z npm error Missing: cosmiconfig@9.0.0 from lock file
build-and-test (18.x, ubuntu-latest)	Install & Build & Test	2025-09-10T12:16:18.6967670Z npm error Missing: cosmiconfig-typescript-loader@6.1.0 from lock file
build-and-test (18.x, ubuntu-latest)	Install & Build & Test	2025-09-10T12:16:18.6968563Z npm error Missing: lodash.isplainobject@4.0.6 from lock file
build-and-test (18.x, ubuntu-latest)	Install & Build & Test	2025-09-10T12:16:18.6969365Z npm error Missing: lodash.merge@4.6.2 from lock file
build-and-test (18.x, ubuntu-latest)	Install & Build & Test	2025-09-10T12:16:18.6970310Z npm error Missing: lodash.uniq@4.5.0 from lock file
build-and-test (18.x, ubuntu-latest)	Install & Build & Test	2025-09-10T12:16:18.6971054Z npm error Missing: ajv@8.17.1 from lock file
build-and-test (18.x, ubuntu-latest)	Install & Build & Test	2025-09-10T12:16:18.6971897Z npm error Missing: conventional-changelog-angular@7.0.0 from lock file
build-and-test (18.x, ubuntu-latest)	Install & Build & Test	2025-09-10T12:16:18.6972898Z npm error Missing: conventional-commits-parser@5.0.0 from lock file
build-and-test (18.x, ubuntu-latest)	Install & Build & Test	2025-09-10T12:16:18.6973774Z npm error Missing: @commitlint/top-level@19.8.1 from lock file
build-and-test (18.x, ubuntu-latest)	Install & Build & Test	2025-09-10T12:16:18.6974556Z npm error Missing: git-raw-commits@4.0.0 from lock file
build-and-test (18.x, ubuntu-latest)	Install & Build & Test	2025-09-10T12:16:18.6975302Z npm error Missing: global-directory@4.0.1 from lock file
build-and-test (18.x, ubuntu-latest)	Install & Build & Test	2025-09-10T12:16:18.6976094Z npm error Missing: import-meta-resolve@4.2.0 from lock file
build-and-test (18.x, ubuntu-latest)	Install & Build & Test	2025-09-10T12:16:18.6976886Z npm error Missing: lodash.mergewith@4.6.2 from lock file
build-and-test (18.x, ubuntu-latest)	Install & Build & Test	2025-09-10T12:16:18.6977591Z npm error Missing: resolve-from@5.0.0 from lock file
build-and-test (18.x, ubuntu-latest)	Install & Build & Test	2025-09-10T12:16:18.6978342Z npm error Missing: @commitlint/ensure@19.8.1 from lock file
build-and-test (18.x, ubuntu-latest)	Install & Build & Test	2025-09-10T12:16:18.6979133Z npm error Missing: @commitlint/message@19.8.1 from lock file
build-and-test (18.x, ubuntu-latest)	Install & Build & Test	2025-09-10T12:16:18.6980231Z npm error Missing: @commitlint/to-lines@19.8.1 from lock file
build-and-test (18.x, ubuntu-latest)	Install & Build & Test	2025-09-10T12:16:18.6981085Z npm error Missing: lodash.camelcase@4.3.0 from lock file
build-and-test (18.x, ubuntu-latest)	Install & Build & Test	2025-09-10T12:16:18.6982277Z npm error Missing: lodash.kebabcase@4.1.1 from lock file
build-and-test (18.x, ubuntu-latest)	Install & Build & Test	2025-09-10T12:16:18.6983041Z npm error Missing: lodash.snakecase@4.1.1 from lock file
build-and-test (18.x, ubuntu-latest)	Install & Build & Test	2025-09-10T12:16:18.6983763Z npm error Missing: lodash.startcase@4.4.0 from lock file
build-and-test (18.x, ubuntu-latest)	Install & Build & Test	2025-09-10T12:16:18.6984501Z npm error Missing: lodash.upperfirst@4.3.1 from lock file
build-and-test (18.x, ubuntu-latest)	Install & Build & Test	2025-09-10T12:16:18.6985201Z npm error Missing: find-up@7.0.0 from lock file
build-and-test (18.x, ubuntu-latest)	Install & Build & Test	2025-09-10T12:16:18.6986098Z npm error Missing: @types/conventional-commits-parser@5.0.1 from lock file
build-and-test (18.x, ubuntu-latest)	Install & Build & Test	2025-09-10T12:16:18.6986913Z npm error Missing: chalk@5.6.2 from lock file
build-and-test (18.x, ubuntu-latest)	Install & Build & Test	2025-09-10T12:16:18.6987620Z npm error Missing: fast-deep-equal@3.1.3 from lock file
build-and-test (18.x, ubuntu-latest)	Install & Build & Test	2025-09-10T12:16:18.6988333Z npm error Missing: fast-uri@3.1.0 from lock file
build-and-test (18.x, ubuntu-latest)	Install & Build & Test	2025-09-10T12:16:18.6989120Z npm error Missing: json-schema-traverse@1.0.0 from lock file
build-and-test (18.x, ubuntu-latest)	Install & Build & Test	2025-09-10T12:16:18.6990210Z npm error Missing: require-from-string@2.0.2 from lock file
build-and-test (18.x, ubuntu-latest)	Install & Build & Test	2025-09-10T12:16:18.6990971Z npm error Missing: compare-func@2.0.0 from lock file
build-and-test (18.x, ubuntu-latest)	Install & Build & Test	2025-09-10T12:16:18.6991700Z npm error Missing: array-ify@1.0.0 from lock file
build-and-test (18.x, ubuntu-latest)	Install & Build & Test	2025-09-10T12:16:18.6992381Z npm error Missing: dot-prop@5.3.0 from lock file
build-and-test (18.x, ubuntu-latest)	Install & Build & Test	2025-09-10T12:16:18.6993076Z npm error Missing: is-text-path@2.0.0 from lock file
build-and-test (18.x, ubuntu-latest)	Install & Build & Test	2025-09-10T12:16:18.6993796Z npm error Missing: JSONStream@1.3.5 from lock file
build-and-test (18.x, ubuntu-latest)	Install & Build & Test	2025-09-10T12:16:18.6994468Z npm error Missing: meow@12.1.1 from lock file
build-and-test (18.x, ubuntu-latest)	Install & Build & Test	2025-09-10T12:16:18.6995140Z npm error Missing: split2@4.2.0 from lock file
build-and-test (18.x, ubuntu-latest)	Install & Build & Test	2025-09-10T12:16:18.6995848Z npm error Missing: env-paths@2.2.1 from lock file
build-and-test (18.x, ubuntu-latest)	Install & Build & Test	2025-09-10T12:16:18.6996559Z npm error Missing: import-fresh@3.3.1 from lock file
build-and-test (18.x, ubuntu-latest)	Install & Build & Test	2025-09-10T12:16:18.6997241Z npm error Missing: js-yaml@4.1.0 from lock file
build-and-test (18.x, ubuntu-latest)	Install & Build & Test	2025-09-10T12:16:18.6997934Z npm error Missing: parse-json@5.2.0 from lock file
build-and-test (18.x, ubuntu-latest)	Install & Build & Test	2025-09-10T12:16:18.6998586Z npm error Missing: jiti@2.5.1 from lock file
build-and-test (18.x, ubuntu-latest)	Install & Build & Test	2025-09-10T12:16:18.6999298Z npm error Missing: is-obj@2.0.0 from lock file
build-and-test (18.x, ubuntu-latest)	Install & Build & Test	2025-09-10T12:16:18.7001687Z npm error Missing: locate-path@7.2.0 from lock file
build-and-test (18.x, ubuntu-latest)	Install & Build & Test	2025-09-10T12:16:18.7002414Z npm error Missing: path-exists@5.0.0 from lock file
build-and-test (18.x, ubuntu-latest)	Install & Build & Test	2025-09-10T12:16:18.7003029Z npm error Missing: unicorn-magic@0.1.0 from lock file
build-and-test (18.x, ubuntu-latest)	Install & Build & Test	2025-09-10T12:16:18.7003587Z npm error Missing: dargs@8.1.0 from lock file
build-and-test (18.x, ubuntu-latest)	Install & Build & Test	2025-09-10T12:16:18.7004097Z npm error Missing: ini@4.1.1 from lock file
build-and-test (18.x, ubuntu-latest)	Install & Build & Test	2025-09-10T12:16:18.7004667Z npm error Missing: parent-module@1.0.1 from lock file
build-and-test (18.x, ubuntu-latest)	Install & Build & Test	2025-09-10T12:16:18.7005274Z npm error Missing: resolve-from@4.0.0 from lock file
build-and-test (18.x, ubuntu-latest)	Install & Build & Test	2025-09-10T12:16:18.7006162Z npm error Missing: text-extensions@2.4.0 from lock file
build-and-test (18.x, ubuntu-latest)	Install & Build & Test	2025-09-10T12:16:18.7006727Z npm error Missing: argparse@2.0.1 from lock file
build-and-test (18.x, ubuntu-latest)	Install & Build & Test	2025-09-10T12:16:18.7007288Z npm error Missing: jsonparse@1.3.1 from lock file
build-and-test (18.x, ubuntu-latest)	Install & Build & Test	2025-09-10T12:16:18.7007821Z npm error Missing: through@2.3.8 from lock file
build-and-test (18.x, ubuntu-latest)	Install & Build & Test	2025-09-10T12:16:18.7008436Z npm error Missing: p-locate@6.0.0 from lock file
build-and-test (18.x, ubuntu-latest)	Install & Build & Test	2025-09-10T12:16:18.7009049Z npm error Missing: callsites@3.1.0 from lock file
build-and-test (18.x, ubuntu-latest)	Install & Build & Test	2025-09-10T12:16:18.7009601Z npm error Missing: error-ex@1.3.2 from lock file
build-and-test (18.x, ubuntu-latest)	Install & Build & Test	2025-09-10T12:16:18.7010554Z npm error Missing: json-parse-even-better-errors@2.3.1 from lock file
build-and-test (18.x, ubuntu-latest)	Install & Build & Test	2025-09-10T12:16:18.7011333Z npm error Missing: is-arrayish@0.2.1 from lock file
build-and-test (18.x, ubuntu-latest)	Install & Build & Test	2025-09-10T12:16:18.7011999Z npm error Missing: cliui@8.0.1 from lock file
build-and-test (18.x, ubuntu-latest)	Install & Build & Test	2025-09-10T12:16:18.7012703Z npm error Missing: get-caller-file@2.0.5 from lock file
build-and-test (18.x, ubuntu-latest)	Install & Build & Test	2025-09-10T12:16:18.7013496Z npm error Missing: require-directory@2.1.1 from lock file
build-and-test (18.x, ubuntu-latest)	Install & Build & Test	2025-09-10T12:16:18.7014270Z npm error Missing: string-width@4.2.3 from lock file
build-and-test (18.x, ubuntu-latest)	Install & Build & Test	2025-09-10T12:16:18.7014975Z npm error Missing: y18n@5.0.8 from lock file
build-and-test (18.x, ubuntu-latest)	Install & Build & Test	2025-09-10T12:16:18.7015684Z npm error Missing: yargs-parser@21.1.1 from lock file
build-and-test (18.x, ubuntu-latest)	Install & Build & Test	2025-09-10T12:16:18.7016450Z npm error Missing: string-width@4.2.3 from lock file
build-and-test (18.x, ubuntu-latest)	Install & Build & Test	2025-09-10T12:16:18.7017155Z npm error Missing: strip-ansi@6.0.1 from lock file
build-and-test (18.x, ubuntu-latest)	Install & Build & Test	2025-09-10T12:16:18.7017855Z npm error Missing: wrap-ansi@7.0.0 from lock file
build-and-test (18.x, ubuntu-latest)	Install & Build & Test	2025-09-10T12:16:18.7018575Z npm error Missing: emoji-regex@8.0.0 from lock file
build-and-test (18.x, ubuntu-latest)	Install & Build & Test	2025-09-10T12:16:18.7019306Z npm error Missing: emoji-regex@8.0.0 from lock file
build-and-test (18.x, ubuntu-latest)	Install & Build & Test	2025-09-10T12:16:18.7040661Z npm error Missing: strip-ansi@6.0.1 from lock file
build-and-test (18.x, ubuntu-latest)	Install & Build & Test	2025-09-10T12:16:18.7041189Z npm error
build-and-test (18.x, ubuntu-latest)	Install & Build & Test	2025-09-10T12:16:18.7041616Z npm error Clean install a project
build-and-test (18.x, ubuntu-latest)	Install & Build & Test	2025-09-10T12:16:18.7042043Z npm error
build-and-test (18.x, ubuntu-latest)	Install & Build & Test	2025-09-10T12:16:18.7042350Z npm error Usage:
build-and-test (18.x, ubuntu-latest)	Install & Build & Test	2025-09-10T12:16:18.7042691Z npm error npm ci
build-and-test (18.x, ubuntu-latest)	Install & Build & Test	2025-09-10T12:16:18.7042997Z npm error
build-and-test (18.x, ubuntu-latest)	Install & Build & Test	2025-09-10T12:16:18.7043348Z npm error Options:
build-and-test (18.x, ubuntu-latest)	Install & Build & Test	2025-09-10T12:16:18.7044130Z npm error [--install-strategy <hoisted|nested|shallow|linked>] [--legacy-bundling]
build-and-test (18.x, ubuntu-latest)	Install & Build & Test	2025-09-10T12:16:18.7045248Z npm error [--global-style] [--omit <dev|optional|peer> [--omit <dev|optional|peer> ...]]
build-and-test (18.x, ubuntu-latest)	Install & Build & Test	2025-09-10T12:16:18.7046437Z npm error [--include <prod|dev|optional|peer> [--include <prod|dev|optional|peer> ...]]
build-and-test (18.x, ubuntu-latest)	Install & Build & Test	2025-09-10T12:16:18.7047571Z npm error [--strict-peer-deps] [--foreground-scripts] [--ignore-scripts] [--no-audit]
build-and-test (18.x, ubuntu-latest)	Install & Build & Test	2025-09-10T12:16:18.7048466Z npm error [--no-bin-links] [--no-fund] [--dry-run]
build-and-test (18.x, ubuntu-latest)	Install & Build & Test	2025-09-10T12:16:18.7049378Z npm error [-w|--workspace <workspace-name> [-w|--workspace <workspace-name> ...]]
build-and-test (18.x, ubuntu-latest)	Install & Build & Test	2025-09-10T12:16:18.7050645Z npm error [-ws|--workspaces] [--include-workspace-root] [--install-links]
build-and-test (18.x, ubuntu-latest)	Install & Build & Test	2025-09-10T12:16:18.7051308Z npm error
build-and-test (18.x, ubuntu-latest)	Install & Build & Test	2025-09-10T12:16:18.7052059Z npm error aliases: clean-install, ic, install-clean, isntall-clean
build-and-test (18.x, ubuntu-latest)	Install & Build & Test	2025-09-10T12:16:18.7052691Z npm error
build-and-test (18.x, ubuntu-latest)	Install & Build & Test	2025-09-10T12:16:18.7053158Z npm error Run "npm help ci" for more info
build-and-test (18.x, ubuntu-latest)	Install & Build & Test	2025-09-10T12:16:18.7054286Z npm error A complete log of this run can be found in: /home/runner/.npm/_logs/2025-09-10T12_16_08_557Z-debug-0.log
build-and-test (18.x, ubuntu-latest)	Install & Build & Test	2025-09-10T12:16:18.7268771Z ##[error]The operation was canceled.
build-and-test (18.x, ubuntu-latest)	Post Run actions/checkout@v4	﻿2025-09-10T12:16:18.7346033Z Post job cleanup.
build-and-test (18.x, ubuntu-latest)	Post Run actions/checkout@v4	2025-09-10T12:16:18.8302755Z [command]/usr/bin/git version
build-and-test (18.x, ubuntu-latest)	Post Run actions/checkout@v4	2025-09-10T12:16:18.8343147Z git version 2.51.0
build-and-test (18.x, ubuntu-latest)	Post Run actions/checkout@v4	2025-09-10T12:16:18.8421591Z Temporarily overriding HOME='/home/runner/work/_temp/bfe899c9-cddf-4519-84b1-96d05005f818' before making global git config changes
build-and-test (18.x, ubuntu-latest)	Post Run actions/checkout@v4	2025-09-10T12:16:18.8425067Z Adding repository directory to the temporary git global config as a safe directory
build-and-test (18.x, ubuntu-latest)	Post Run actions/checkout@v4	2025-09-10T12:16:18.8429073Z [command]/usr/bin/git config --global --add safe.directory /home/runner/work/N8N-Self/N8N-Self
build-and-test (18.x, ubuntu-latest)	Post Run actions/checkout@v4	2025-09-10T12:16:18.8466195Z [command]/usr/bin/git config --local --name-only --get-regexp core\.sshCommand
build-and-test (18.x, ubuntu-latest)	Post Run actions/checkout@v4	2025-09-10T12:16:18.8502177Z [command]/usr/bin/git submodule foreach --recursive sh -c "git config --local --name-only --get-regexp 'core\.sshCommand' && git config --local --unset-all 'core.sshCommand' || :"
build-and-test (18.x, ubuntu-latest)	Post Run actions/checkout@v4	2025-09-10T12:16:18.8741418Z fatal: No url found for submodule path 'LightRAG' in .gitmodules
build-and-test (18.x, ubuntu-latest)	Post Run actions/checkout@v4	2025-09-10T12:16:18.8785886Z ##[warning]The process '/usr/bin/git' failed with exit code 128
build-and-test (18.x, ubuntu-latest)	Complete job	﻿2025-09-10T12:16:18.8870249Z Cleaning up orphan processes
build-and-test (18.x, windows-latest)	Set up job	﻿2025-09-10T12:15:57.7313718Z Current runner version: '2.328.0'
build-and-test (18.x, windows-latest)	Set up job	2025-09-10T12:15:57.7349287Z ##[group]Runner Image Provisioner
build-and-test (18.x, windows-latest)	Set up job	2025-09-10T12:15:57.7350662Z Hosted Compute Agent
build-and-test (18.x, windows-latest)	Set up job	2025-09-10T12:15:57.7351608Z Version: 20250829.383
build-and-test (18.x, windows-latest)	Set up job	2025-09-10T12:15:57.7352561Z Commit: 27cb235aab5b0e52e153a26cd86b4742e89dac5d
build-and-test (18.x, windows-latest)	Set up job	2025-09-10T12:15:57.7353870Z Build Date: 2025-08-29T13:48:48Z
build-and-test (18.x, windows-latest)	Set up job	2025-09-10T12:15:57.7354910Z ##[endgroup]
build-and-test (18.x, windows-latest)	Set up job	2025-09-10T12:15:57.7355878Z ##[group]Operating System
build-and-test (18.x, windows-latest)	Set up job	2025-09-10T12:15:57.7356761Z Ubuntu
build-and-test (18.x, windows-latest)	Set up job	2025-09-10T12:15:57.7358252Z 24.04.3
build-and-test (18.x, windows-latest)	Set up job	2025-09-10T12:15:57.7359075Z LTS
build-and-test (18.x, windows-latest)	Set up job	2025-09-10T12:15:57.7359779Z ##[endgroup]
build-and-test (18.x, windows-latest)	Set up job	2025-09-10T12:15:57.7360777Z ##[group]Runner Image
build-and-test (18.x, windows-latest)	Set up job	2025-09-10T12:15:57.7361713Z Image: ubuntu-24.04
build-and-test (18.x, windows-latest)	Set up job	2025-09-10T12:15:57.7362537Z Version: 20250907.24.1
build-and-test (18.x, windows-latest)	Set up job	2025-09-10T12:15:57.7364341Z Included Software: https://github.com/actions/runner-images/blob/ubuntu24/20250907.24/images/ubuntu/Ubuntu2404-Readme.md
build-and-test (18.x, windows-latest)	Set up job	2025-09-10T12:15:57.7366799Z Image Release: https://github.com/actions/runner-images/releases/tag/ubuntu24%2F20250907.24
build-and-test (18.x, windows-latest)	Set up job	2025-09-10T12:15:57.7369133Z ##[endgroup]
build-and-test (18.x, windows-latest)	Set up job	2025-09-10T12:15:57.7371059Z ##[group]GITHUB_TOKEN Permissions
build-and-test (18.x, windows-latest)	Set up job	2025-09-10T12:15:57.7373757Z Contents: read
build-and-test (18.x, windows-latest)	Set up job	2025-09-10T12:15:57.7374615Z Metadata: read
build-and-test (18.x, windows-latest)	Set up job	2025-09-10T12:15:57.7375450Z Packages: read
build-and-test (18.x, windows-latest)	Set up job	2025-09-10T12:15:57.7376347Z ##[endgroup]
build-and-test (18.x, windows-latest)	Set up job	2025-09-10T12:15:57.7379605Z Secret source: Actions
build-and-test (18.x, windows-latest)	Set up job	2025-09-10T12:15:57.7380702Z Prepare workflow directory
build-and-test (18.x, windows-latest)	Set up job	2025-09-10T12:15:57.8028738Z Prepare all required actions
build-and-test (18.x, windows-latest)	Set up job	2025-09-10T12:15:57.8087750Z Getting action download info
build-and-test (18.x, windows-latest)	Set up job	2025-09-10T12:15:58.3644104Z Download action repository 'actions/checkout@v4' (SHA:08eba0b27e820071cde6df949e0beb9ba4906955)
build-and-test (18.x, windows-latest)	Set up job	2025-09-10T12:15:58.5530447Z Download action repository 'actions/setup-node@v4' (SHA:49933ea5288caeca8642d1e84afbd3f7d6820020)
build-and-test (18.x, windows-latest)	Set up job	2025-09-10T12:15:58.6508141Z Download action repository 'actions/cache@v4' (SHA:0400d5f644dc74513175e3cd8d07132dd4860809)
build-and-test (18.x, windows-latest)	Set up job	2025-09-10T12:15:58.8502362Z Complete job name: build-and-test (18.x, windows-latest)
build-and-test (18.x, windows-latest)	Run actions/checkout@v4	﻿2025-09-10T12:15:58.9082843Z ##[group]Run actions/checkout@v4
build-and-test (18.x, windows-latest)	Run actions/checkout@v4	2025-09-10T12:15:58.9083693Z with:
build-and-test (18.x, windows-latest)	Run actions/checkout@v4	2025-09-10T12:15:58.9084103Z   repository: sattva2020/N8N-Self
build-and-test (18.x, windows-latest)	Run actions/checkout@v4	2025-09-10T12:15:58.9084733Z   token: ***
build-and-test (18.x, windows-latest)	Run actions/checkout@v4	2025-09-10T12:15:58.9085111Z   ssh-strict: true
build-and-test (18.x, windows-latest)	Run actions/checkout@v4	2025-09-10T12:15:58.9085499Z   ssh-user: git
build-and-test (18.x, windows-latest)	Run actions/checkout@v4	2025-09-10T12:15:58.9085893Z   persist-credentials: true
build-and-test (18.x, windows-latest)	Run actions/checkout@v4	2025-09-10T12:15:58.9086346Z   clean: true
build-and-test (18.x, windows-latest)	Run actions/checkout@v4	2025-09-10T12:15:58.9086741Z   sparse-checkout-cone-mode: true
build-and-test (18.x, windows-latest)	Run actions/checkout@v4	2025-09-10T12:15:58.9087404Z   fetch-depth: 1
build-and-test (18.x, windows-latest)	Run actions/checkout@v4	2025-09-10T12:15:58.9087794Z   fetch-tags: false
build-and-test (18.x, windows-latest)	Run actions/checkout@v4	2025-09-10T12:15:58.9088196Z   show-progress: true
build-and-test (18.x, windows-latest)	Run actions/checkout@v4	2025-09-10T12:15:58.9088587Z   lfs: false
build-and-test (18.x, windows-latest)	Run actions/checkout@v4	2025-09-10T12:15:58.9088950Z   submodules: false
build-and-test (18.x, windows-latest)	Run actions/checkout@v4	2025-09-10T12:15:58.9089351Z   set-safe-directory: true
build-and-test (18.x, windows-latest)	Run actions/checkout@v4	2025-09-10T12:15:58.9090029Z ##[endgroup]
build-and-test (18.x, windows-latest)	Run actions/checkout@v4	2025-09-10T12:15:59.0249890Z Syncing repository: sattva2020/N8N-Self
build-and-test (18.x, windows-latest)	Run actions/checkout@v4	2025-09-10T12:15:59.0251906Z ##[group]Getting Git version info
build-and-test (18.x, windows-latest)	Run actions/checkout@v4	2025-09-10T12:15:59.0252651Z Working directory is '/home/runner/work/N8N-Self/N8N-Self'
build-and-test (18.x, windows-latest)	Run actions/checkout@v4	2025-09-10T12:15:59.0255108Z [command]/usr/bin/git version
build-and-test (18.x, windows-latest)	Run actions/checkout@v4	2025-09-10T12:15:59.0314390Z git version 2.51.0
build-and-test (18.x, windows-latest)	Run actions/checkout@v4	2025-09-10T12:15:59.0343525Z ##[endgroup]
build-and-test (18.x, windows-latest)	Run actions/checkout@v4	2025-09-10T12:15:59.0358599Z Temporarily overriding HOME='/home/runner/work/_temp/90ae12dc-2969-4382-9585-126256e1e4b7' before making global git config changes
build-and-test (18.x, windows-latest)	Run actions/checkout@v4	2025-09-10T12:15:59.0362563Z Adding repository directory to the temporary git global config as a safe directory
build-and-test (18.x, windows-latest)	Run actions/checkout@v4	2025-09-10T12:15:59.0366282Z [command]/usr/bin/git config --global --add safe.directory /home/runner/work/N8N-Self/N8N-Self
build-and-test (18.x, windows-latest)	Run actions/checkout@v4	2025-09-10T12:15:59.0404611Z Deleting the contents of '/home/runner/work/N8N-Self/N8N-Self'
build-and-test (18.x, windows-latest)	Run actions/checkout@v4	2025-09-10T12:15:59.0409389Z ##[group]Initializing the repository
build-and-test (18.x, windows-latest)	Run actions/checkout@v4	2025-09-10T12:15:59.0414320Z [command]/usr/bin/git init /home/runner/work/N8N-Self/N8N-Self
build-and-test (18.x, windows-latest)	Run actions/checkout@v4	2025-09-10T12:15:59.0546437Z hint: Using 'master' as the name for the initial branch. This default branch name
build-and-test (18.x, windows-latest)	Run actions/checkout@v4	2025-09-10T12:15:59.0549503Z hint: is subject to change. To configure the initial branch name to use in all
build-and-test (18.x, windows-latest)	Run actions/checkout@v4	2025-09-10T12:15:59.0552233Z hint: of your new repositories, which will suppress this warning, call:
build-and-test (18.x, windows-latest)	Run actions/checkout@v4	2025-09-10T12:15:59.0553699Z hint:
build-and-test (18.x, windows-latest)	Run actions/checkout@v4	2025-09-10T12:15:59.0554521Z hint: 	git config --global init.defaultBranch <name>
build-and-test (18.x, windows-latest)	Run actions/checkout@v4	2025-09-10T12:15:59.0555563Z hint:
build-and-test (18.x, windows-latest)	Run actions/checkout@v4	2025-09-10T12:15:59.0556549Z hint: Names commonly chosen instead of 'master' are 'main', 'trunk' and
build-and-test (18.x, windows-latest)	Run actions/checkout@v4	2025-09-10T12:15:59.0558432Z hint: 'development'. The just-created branch can be renamed via this command:
build-and-test (18.x, windows-latest)	Run actions/checkout@v4	2025-09-10T12:15:59.0559739Z hint:
build-and-test (18.x, windows-latest)	Run actions/checkout@v4	2025-09-10T12:15:59.0560452Z hint: 	git branch -m <name>
build-and-test (18.x, windows-latest)	Run actions/checkout@v4	2025-09-10T12:15:59.0561221Z hint:
build-and-test (18.x, windows-latest)	Run actions/checkout@v4	2025-09-10T12:15:59.0562205Z hint: Disable this message with "git config set advice.defaultBranchName false"
build-and-test (18.x, windows-latest)	Run actions/checkout@v4	2025-09-10T12:15:59.0564198Z Initialized empty Git repository in /home/runner/work/N8N-Self/N8N-Self/.git/
build-and-test (18.x, windows-latest)	Run actions/checkout@v4	2025-09-10T12:15:59.0570449Z [command]/usr/bin/git remote add origin https://github.com/sattva2020/N8N-Self
build-and-test (18.x, windows-latest)	Run actions/checkout@v4	2025-09-10T12:15:59.0610911Z ##[endgroup]
build-and-test (18.x, windows-latest)	Run actions/checkout@v4	2025-09-10T12:15:59.0613664Z ##[group]Disabling automatic garbage collection
build-and-test (18.x, windows-latest)	Run actions/checkout@v4	2025-09-10T12:15:59.0615216Z [command]/usr/bin/git config --local gc.auto 0
build-and-test (18.x, windows-latest)	Run actions/checkout@v4	2025-09-10T12:15:59.0648393Z ##[endgroup]
build-and-test (18.x, windows-latest)	Run actions/checkout@v4	2025-09-10T12:15:59.0650961Z ##[group]Setting up auth
build-and-test (18.x, windows-latest)	Run actions/checkout@v4	2025-09-10T12:15:59.0655047Z [command]/usr/bin/git config --local --name-only --get-regexp core\.sshCommand
build-and-test (18.x, windows-latest)	Run actions/checkout@v4	2025-09-10T12:15:59.0688622Z [command]/usr/bin/git submodule foreach --recursive sh -c "git config --local --name-only --get-regexp 'core\.sshCommand' && git config --local --unset-all 'core.sshCommand' || :"
build-and-test (18.x, windows-latest)	Run actions/checkout@v4	2025-09-10T12:15:59.1033324Z [command]/usr/bin/git config --local --name-only --get-regexp http\.https\:\/\/github\.com\/\.extraheader
build-and-test (18.x, windows-latest)	Run actions/checkout@v4	2025-09-10T12:15:59.1070939Z [command]/usr/bin/git submodule foreach --recursive sh -c "git config --local --name-only --get-regexp 'http\.https\:\/\/github\.com\/\.extraheader' && git config --local --unset-all 'http.https://github.com/.extraheader' || :"
build-and-test (18.x, windows-latest)	Run actions/checkout@v4	2025-09-10T12:15:59.1296030Z [command]/usr/bin/git config --local http.https://github.com/.extraheader AUTHORIZATION: basic ***
build-and-test (18.x, windows-latest)	Run actions/checkout@v4	2025-09-10T12:15:59.1342842Z ##[endgroup]
build-and-test (18.x, windows-latest)	Run actions/checkout@v4	2025-09-10T12:15:59.1346203Z ##[group]Fetching the repository
build-and-test (18.x, windows-latest)	Run actions/checkout@v4	2025-09-10T12:15:59.1353252Z [command]/usr/bin/git -c protocol.version=2 fetch --no-tags --prune --no-recurse-submodules --depth=1 origin +13654efa31913f34e968c01635f82ab444fb4cf5:refs/remotes/pull/3/merge
build-and-test (18.x, windows-latest)	Run actions/checkout@v4	2025-09-10T12:16:01.3749899Z From https://github.com/sattva2020/N8N-Self
build-and-test (18.x, windows-latest)	Run actions/checkout@v4	2025-09-10T12:16:01.3751029Z  * [new ref]         13654efa31913f34e968c01635f82ab444fb4cf5 -> pull/3/merge
build-and-test (18.x, windows-latest)	Run actions/checkout@v4	2025-09-10T12:16:01.3789110Z ##[endgroup]
build-and-test (18.x, windows-latest)	Run actions/checkout@v4	2025-09-10T12:16:01.3791298Z ##[group]Determining the checkout info
build-and-test (18.x, windows-latest)	Run actions/checkout@v4	2025-09-10T12:16:01.3794045Z ##[endgroup]
build-and-test (18.x, windows-latest)	Run actions/checkout@v4	2025-09-10T12:16:01.3800827Z [command]/usr/bin/git sparse-checkout disable
build-and-test (18.x, windows-latest)	Run actions/checkout@v4	2025-09-10T12:16:01.3843645Z [command]/usr/bin/git config --local --unset-all extensions.worktreeConfig
build-and-test (18.x, windows-latest)	Run actions/checkout@v4	2025-09-10T12:16:01.3875761Z ##[group]Checking out the ref
build-and-test (18.x, windows-latest)	Run actions/checkout@v4	2025-09-10T12:16:01.3879340Z [command]/usr/bin/git checkout --progress --force refs/remotes/pull/3/merge
build-and-test (18.x, windows-latest)	Run actions/checkout@v4	2025-09-10T12:16:02.3848780Z Note: switching to 'refs/remotes/pull/3/merge'.
build-and-test (18.x, windows-latest)	Run actions/checkout@v4	2025-09-10T12:16:02.3852449Z 
build-and-test (18.x, windows-latest)	Run actions/checkout@v4	2025-09-10T12:16:02.3853143Z You are in 'detached HEAD' state. You can look around, make experimental
build-and-test (18.x, windows-latest)	Run actions/checkout@v4	2025-09-10T12:16:02.3855900Z changes and commit them, and you can discard any commits you make in this
build-and-test (18.x, windows-latest)	Run actions/checkout@v4	2025-09-10T12:16:02.3856796Z state without impacting any branches by switching back to a branch.
build-and-test (18.x, windows-latest)	Run actions/checkout@v4	2025-09-10T12:16:02.3857476Z 
build-and-test (18.x, windows-latest)	Run actions/checkout@v4	2025-09-10T12:16:02.3857843Z If you want to create a new branch to retain commits you create, you may
build-and-test (18.x, windows-latest)	Run actions/checkout@v4	2025-09-10T12:16:02.3858597Z do so (now or later) by using -c with the switch command. Example:
build-and-test (18.x, windows-latest)	Run actions/checkout@v4	2025-09-10T12:16:02.3859031Z 
build-and-test (18.x, windows-latest)	Run actions/checkout@v4	2025-09-10T12:16:02.3859243Z   git switch -c <new-branch-name>
build-and-test (18.x, windows-latest)	Run actions/checkout@v4	2025-09-10T12:16:02.3859590Z 
build-and-test (18.x, windows-latest)	Run actions/checkout@v4	2025-09-10T12:16:02.3859813Z Or undo this operation with:
build-and-test (18.x, windows-latest)	Run actions/checkout@v4	2025-09-10T12:16:02.3860099Z 
build-and-test (18.x, windows-latest)	Run actions/checkout@v4	2025-09-10T12:16:02.3860277Z   git switch -
build-and-test (18.x, windows-latest)	Run actions/checkout@v4	2025-09-10T12:16:02.3860504Z 
build-and-test (18.x, windows-latest)	Run actions/checkout@v4	2025-09-10T12:16:02.3860937Z Turn off this advice by setting config variable advice.detachedHead to false
build-and-test (18.x, windows-latest)	Run actions/checkout@v4	2025-09-10T12:16:02.3861467Z 
build-and-test (18.x, windows-latest)	Run actions/checkout@v4	2025-09-10T12:16:02.3862067Z HEAD is now at 13654ef Merge 061775b2e7a59b7575edd834cf96ea0426c24e1c into 032e0c286f1161b571d7313b759da5e74c4c9fb4
build-and-test (18.x, windows-latest)	Run actions/checkout@v4	2025-09-10T12:16:02.3887841Z ##[endgroup]
build-and-test (18.x, windows-latest)	Run actions/checkout@v4	2025-09-10T12:16:02.3928730Z [command]/usr/bin/git log -1 --format=%H
build-and-test (18.x, windows-latest)	Run actions/checkout@v4	2025-09-10T12:16:02.3952554Z 13654efa31913f34e968c01635f82ab444fb4cf5
build-and-test (18.x, windows-latest)	Use Node.js 18.x	﻿2025-09-10T12:16:02.4192653Z ##[group]Run actions/setup-node@v4
build-and-test (18.x, windows-latest)	Use Node.js 18.x	2025-09-10T12:16:02.4193005Z with:
build-and-test (18.x, windows-latest)	Use Node.js 18.x	2025-09-10T12:16:02.4193248Z   node-version: 18.x
build-and-test (18.x, windows-latest)	Use Node.js 18.x	2025-09-10T12:16:02.4193497Z   always-auth: false
build-and-test (18.x, windows-latest)	Use Node.js 18.x	2025-09-10T12:16:02.4193744Z   check-latest: false
build-and-test (18.x, windows-latest)	Use Node.js 18.x	2025-09-10T12:16:02.4194129Z   token: ***
build-and-test (18.x, windows-latest)	Use Node.js 18.x	2025-09-10T12:16:02.4194366Z ##[endgroup]
build-and-test (18.x, windows-latest)	Use Node.js 18.x	2025-09-10T12:16:02.6040212Z Found in cache @ /opt/hostedtoolcache/node/18.20.8/x64
build-and-test (18.x, windows-latest)	Use Node.js 18.x	2025-09-10T12:16:02.6041543Z ##[group]Environment details
build-and-test (18.x, windows-latest)	Use Node.js 18.x	2025-09-10T12:16:04.5903800Z node: v18.20.8
build-and-test (18.x, windows-latest)	Use Node.js 18.x	2025-09-10T12:16:04.5905156Z npm: 10.8.2
build-and-test (18.x, windows-latest)	Use Node.js 18.x	2025-09-10T12:16:04.5905900Z yarn: 1.22.22
build-and-test (18.x, windows-latest)	Use Node.js 18.x	2025-09-10T12:16:04.5912653Z ##[endgroup]
build-and-test (18.x, windows-latest)	Cache node modules	﻿2025-09-10T12:16:05.5915015Z ##[group]Run actions/cache@v4
build-and-test (18.x, windows-latest)	Cache node modules	2025-09-10T12:16:05.5915437Z with:
build-and-test (18.x, windows-latest)	Cache node modules	2025-09-10T12:16:05.5916143Z   path: **/node_modules
build-and-test (18.x, windows-latest)	Cache node modules	~/.npm
build-and-test (18.x, windows-latest)	Cache node modules	
build-and-test (18.x, windows-latest)	Cache node modules	2025-09-10T12:16:05.5916877Z   key: Linux-node-18.x-9c4515ee7adb94e86eaefcee7a417f196dc4582eff054bf1d1b2cc0e45105eb1
build-and-test (18.x, windows-latest)	Cache node modules	2025-09-10T12:16:05.5917782Z   restore-keys: Linux-node-18.x-
build-and-test (18.x, windows-latest)	Cache node modules	
build-and-test (18.x, windows-latest)	Cache node modules	2025-09-10T12:16:05.5918228Z   enableCrossOsArchive: false
build-and-test (18.x, windows-latest)	Cache node modules	2025-09-10T12:16:05.5918646Z   fail-on-cache-miss: false
build-and-test (18.x, windows-latest)	Cache node modules	2025-09-10T12:16:05.5919030Z   lookup-only: false
build-and-test (18.x, windows-latest)	Cache node modules	2025-09-10T12:16:05.5919382Z   save-always: false
build-and-test (18.x, windows-latest)	Cache node modules	2025-09-10T12:16:05.5919714Z ##[endgroup]
build-and-test (18.x, windows-latest)	Cache node modules	2025-09-10T12:16:06.0408523Z Cache not found for input keys: Linux-node-18.x-9c4515ee7adb94e86eaefcee7a417f196dc4582eff054bf1d1b2cc0e45105eb1, Linux-node-18.x-
build-and-test (18.x, windows-latest)	Install & Build & Test	﻿2025-09-10T12:16:06.0487377Z ##[group]Run cd dashboard/frontend
build-and-test (18.x, windows-latest)	Install & Build & Test	2025-09-10T12:16:06.0487781Z [36;1mcd dashboard/frontend[0m
build-and-test (18.x, windows-latest)	Install & Build & Test	2025-09-10T12:16:06.0488043Z [36;1mnpm ci --prefer-offline[0m
build-and-test (18.x, windows-latest)	Install & Build & Test	2025-09-10T12:16:06.0488317Z [36;1mnpm run build --if-present[0m
build-and-test (18.x, windows-latest)	Install & Build & Test	2025-09-10T12:16:06.0488583Z [36;1mnpm test --if-present[0m
build-and-test (18.x, windows-latest)	Install & Build & Test	2025-09-10T12:16:06.0552676Z shell: /usr/bin/bash -e {0}
build-and-test (18.x, windows-latest)	Install & Build & Test	2025-09-10T12:16:06.0552956Z ##[endgroup]
build-and-test (18.x, windows-latest)	Install & Build & Test	2025-09-10T12:16:12.4943949Z npm error code EUSAGE
build-and-test (18.x, windows-latest)	Install & Build & Test	2025-09-10T12:16:12.4946366Z npm error
build-and-test (18.x, windows-latest)	Install & Build & Test	2025-09-10T12:16:12.4948303Z npm error `npm ci` can only install packages when your package.json and package-lock.json or npm-shrinkwrap.json are in sync. Please update your lock file with `npm install` before continuing.
build-and-test (18.x, windows-latest)	Install & Build & Test	2025-09-10T12:16:12.4949680Z npm error
build-and-test (18.x, windows-latest)	Install & Build & Test	2025-09-10T12:16:12.4950451Z npm error Missing: @commitlint/config-conventional@17.8.1 from lock file
build-and-test (18.x, windows-latest)	Install & Build & Test	2025-09-10T12:16:12.4951366Z npm error Missing: commitlint@19.8.1 from lock file
build-and-test (18.x, windows-latest)	Install & Build & Test	2025-09-10T12:16:12.4952369Z npm error Missing: conventional-changelog-conventionalcommits@6.1.0 from lock file
build-and-test (18.x, windows-latest)	Install & Build & Test	2025-09-10T12:16:12.4953496Z npm error Missing: @commitlint/cli@19.8.1 from lock file
build-and-test (18.x, windows-latest)	Install & Build & Test	2025-09-10T12:16:12.4954353Z npm error Missing: @commitlint/types@19.8.1 from lock file
build-and-test (18.x, windows-latest)	Install & Build & Test	2025-09-10T12:16:12.4955193Z npm error Missing: @commitlint/format@19.8.1 from lock file
build-and-test (18.x, windows-latest)	Install & Build & Test	2025-09-10T12:16:12.4956017Z npm error Missing: @commitlint/lint@19.8.1 from lock file
build-and-test (18.x, windows-latest)	Install & Build & Test	2025-09-10T12:16:12.4956882Z npm error Missing: @commitlint/load@19.8.1 from lock file
build-and-test (18.x, windows-latest)	Install & Build & Test	2025-09-10T12:16:12.4957896Z npm error Missing: @commitlint/read@19.8.1 from lock file
build-and-test (18.x, windows-latest)	Install & Build & Test	2025-09-10T12:16:12.4958648Z npm error Missing: tinyexec@1.0.1 from lock file
build-and-test (18.x, windows-latest)	Install & Build & Test	2025-09-10T12:16:12.4959215Z npm error Missing: yargs@17.7.2 from lock file
build-and-test (18.x, windows-latest)	Install & Build & Test	2025-09-10T12:16:12.4959807Z npm error Missing: chalk@5.6.2 from lock file
build-and-test (18.x, windows-latest)	Install & Build & Test	2025-09-10T12:16:12.4960512Z npm error Missing: @commitlint/is-ignored@19.8.1 from lock file
build-and-test (18.x, windows-latest)	Install & Build & Test	2025-09-10T12:16:12.4961303Z npm error Missing: @commitlint/parse@19.8.1 from lock file
build-and-test (18.x, windows-latest)	Install & Build & Test	2025-09-10T12:16:12.4962054Z npm error Missing: @commitlint/rules@19.8.1 from lock file
build-and-test (18.x, windows-latest)	Install & Build & Test	2025-09-10T12:16:12.4962776Z npm error Missing: semver@7.7.2 from lock file
build-and-test (18.x, windows-latest)	Install & Build & Test	2025-09-10T12:16:12.4963537Z npm error Missing: @commitlint/config-validator@19.8.1 from lock file
build-and-test (18.x, windows-latest)	Install & Build & Test	2025-09-10T12:16:12.4964407Z npm error Missing: @commitlint/execute-rule@19.8.1 from lock file
build-and-test (18.x, windows-latest)	Install & Build & Test	2025-09-10T12:16:12.4965291Z npm error Missing: @commitlint/resolve-extends@19.8.1 from lock file
build-and-test (18.x, windows-latest)	Install & Build & Test	2025-09-10T12:16:12.4965984Z npm error Missing: chalk@5.6.2 from lock file
build-and-test (18.x, windows-latest)	Install & Build & Test	2025-09-10T12:16:12.4967415Z npm error Missing: cosmiconfig@9.0.0 from lock file
build-and-test (18.x, windows-latest)	Install & Build & Test	2025-09-10T12:16:12.4968430Z npm error Missing: cosmiconfig-typescript-loader@6.1.0 from lock file
build-and-test (18.x, windows-latest)	Install & Build & Test	2025-09-10T12:16:12.4969364Z npm error Missing: lodash.isplainobject@4.0.6 from lock file
build-and-test (18.x, windows-latest)	Install & Build & Test	2025-09-10T12:16:12.4970174Z npm error Missing: lodash.merge@4.6.2 from lock file
build-and-test (18.x, windows-latest)	Install & Build & Test	2025-09-10T12:16:12.4970960Z npm error Missing: lodash.uniq@4.5.0 from lock file
build-and-test (18.x, windows-latest)	Install & Build & Test	2025-09-10T12:16:12.4971732Z npm error Missing: ajv@8.17.1 from lock file
build-and-test (18.x, windows-latest)	Install & Build & Test	2025-09-10T12:16:12.4972590Z npm error Missing: conventional-changelog-angular@7.0.0 from lock file
build-and-test (18.x, windows-latest)	Install & Build & Test	2025-09-10T12:16:12.4973665Z npm error Missing: conventional-commits-parser@5.0.0 from lock file
build-and-test (18.x, windows-latest)	Install & Build & Test	2025-09-10T12:16:12.4975128Z npm error Missing: @commitlint/top-level@19.8.1 from lock file
build-and-test (18.x, windows-latest)	Install & Build & Test	2025-09-10T12:16:12.4976016Z npm error Missing: git-raw-commits@4.0.0 from lock file
build-and-test (18.x, windows-latest)	Install & Build & Test	2025-09-10T12:16:12.4976842Z npm error Missing: global-directory@4.0.1 from lock file
build-and-test (18.x, windows-latest)	Install & Build & Test	2025-09-10T12:16:12.4977850Z npm error Missing: import-meta-resolve@4.2.0 from lock file
build-and-test (18.x, windows-latest)	Install & Build & Test	2025-09-10T12:16:12.4978608Z npm error Missing: lodash.mergewith@4.6.2 from lock file
build-and-test (18.x, windows-latest)	Install & Build & Test	2025-09-10T12:16:12.4980464Z npm error Missing: resolve-from@5.0.0 from lock file
build-and-test (18.x, windows-latest)	Install & Build & Test	2025-09-10T12:16:12.4981330Z npm error Missing: @commitlint/ensure@19.8.1 from lock file
build-and-test (18.x, windows-latest)	Install & Build & Test	2025-09-10T12:16:12.4982056Z npm error Missing: @commitlint/message@19.8.1 from lock file
build-and-test (18.x, windows-latest)	Install & Build & Test	2025-09-10T12:16:12.4982721Z npm error Missing: @commitlint/to-lines@19.8.1 from lock file
build-and-test (18.x, windows-latest)	Install & Build & Test	2025-09-10T12:16:12.4983382Z npm error Missing: lodash.camelcase@4.3.0 from lock file
build-and-test (18.x, windows-latest)	Install & Build & Test	2025-09-10T12:16:12.4984363Z npm error Missing: lodash.kebabcase@4.1.1 from lock file
build-and-test (18.x, windows-latest)	Install & Build & Test	2025-09-10T12:16:12.4985025Z npm error Missing: lodash.snakecase@4.1.1 from lock file
build-and-test (18.x, windows-latest)	Install & Build & Test	2025-09-10T12:16:12.4985650Z npm error Missing: lodash.startcase@4.4.0 from lock file
build-and-test (18.x, windows-latest)	Install & Build & Test	2025-09-10T12:16:12.4986284Z npm error Missing: lodash.upperfirst@4.3.1 from lock file
build-and-test (18.x, windows-latest)	Install & Build & Test	2025-09-10T12:16:12.4986860Z npm error Missing: find-up@7.0.0 from lock file
build-and-test (18.x, windows-latest)	Install & Build & Test	2025-09-10T12:16:12.4987966Z npm error Missing: @types/conventional-commits-parser@5.0.1 from lock file
build-and-test (18.x, windows-latest)	Install & Build & Test	2025-09-10T12:16:12.4988702Z npm error Missing: chalk@5.6.2 from lock file
build-and-test (18.x, windows-latest)	Install & Build & Test	2025-09-10T12:16:12.4989291Z npm error Missing: fast-deep-equal@3.1.3 from lock file
build-and-test (18.x, windows-latest)	Install & Build & Test	2025-09-10T12:16:12.4989897Z npm error Missing: fast-uri@3.1.0 from lock file
build-and-test (18.x, windows-latest)	Install & Build & Test	2025-09-10T12:16:12.4990547Z npm error Missing: json-schema-traverse@1.0.0 from lock file
build-and-test (18.x, windows-latest)	Install & Build & Test	2025-09-10T12:16:12.4991279Z npm error Missing: require-from-string@2.0.2 from lock file
build-and-test (18.x, windows-latest)	Install & Build & Test	2025-09-10T12:16:12.4991984Z npm error Missing: compare-func@2.0.0 from lock file
build-and-test (18.x, windows-latest)	Install & Build & Test	2025-09-10T12:16:12.4992660Z npm error Missing: array-ify@1.0.0 from lock file
build-and-test (18.x, windows-latest)	Install & Build & Test	2025-09-10T12:16:12.4993281Z npm error Missing: dot-prop@5.3.0 from lock file
build-and-test (18.x, windows-latest)	Install & Build & Test	2025-09-10T12:16:12.4993916Z npm error Missing: is-text-path@2.0.0 from lock file
build-and-test (18.x, windows-latest)	Install & Build & Test	2025-09-10T12:16:12.4994542Z npm error Missing: JSONStream@1.3.5 from lock file
build-and-test (18.x, windows-latest)	Install & Build & Test	2025-09-10T12:16:12.4995136Z npm error Missing: meow@12.1.1 from lock file
build-and-test (18.x, windows-latest)	Install & Build & Test	2025-09-10T12:16:12.4995706Z npm error Missing: split2@4.2.0 from lock file
build-and-test (18.x, windows-latest)	Install & Build & Test	2025-09-10T12:16:12.4996317Z npm error Missing: env-paths@2.2.1 from lock file
build-and-test (18.x, windows-latest)	Install & Build & Test	2025-09-10T12:16:12.4996949Z npm error Missing: import-fresh@3.3.1 from lock file
build-and-test (18.x, windows-latest)	Install & Build & Test	2025-09-10T12:16:12.4997772Z npm error Missing: js-yaml@4.1.0 from lock file
build-and-test (18.x, windows-latest)	Install & Build & Test	2025-09-10T12:16:12.4998402Z npm error Missing: parse-json@5.2.0 from lock file
build-and-test (18.x, windows-latest)	Install & Build & Test	2025-09-10T12:16:12.4998986Z npm error Missing: jiti@2.5.1 from lock file
build-and-test (18.x, windows-latest)	Install & Build & Test	2025-09-10T12:16:12.4999578Z npm error Missing: is-obj@2.0.0 from lock file
build-and-test (18.x, windows-latest)	Install & Build & Test	2025-09-10T12:16:12.5000256Z npm error Missing: locate-path@7.2.0 from lock file
build-and-test (18.x, windows-latest)	Install & Build & Test	2025-09-10T12:16:12.5000906Z npm error Missing: path-exists@5.0.0 from lock file
build-and-test (18.x, windows-latest)	Install & Build & Test	2025-09-10T12:16:12.5001554Z npm error Missing: unicorn-magic@0.1.0 from lock file
build-and-test (18.x, windows-latest)	Install & Build & Test	2025-09-10T12:16:12.5002173Z npm error Missing: dargs@8.1.0 from lock file
build-and-test (18.x, windows-latest)	Install & Build & Test	2025-09-10T12:16:12.5002719Z npm error Missing: ini@4.1.1 from lock file
build-and-test (18.x, windows-latest)	Install & Build & Test	2025-09-10T12:16:12.5003330Z npm error Missing: parent-module@1.0.1 from lock file
build-and-test (18.x, windows-latest)	Install & Build & Test	2025-09-10T12:16:12.5003977Z npm error Missing: resolve-from@4.0.0 from lock file
build-and-test (18.x, windows-latest)	Install & Build & Test	2025-09-10T12:16:12.5004851Z npm error Missing: text-extensions@2.4.0 from lock file
build-and-test (18.x, windows-latest)	Install & Build & Test	2025-09-10T12:16:12.5005484Z npm error Missing: argparse@2.0.1 from lock file
build-and-test (18.x, windows-latest)	Install & Build & Test	2025-09-10T12:16:12.5006105Z npm error Missing: jsonparse@1.3.1 from lock file
build-and-test (18.x, windows-latest)	Install & Build & Test	2025-09-10T12:16:12.5006700Z npm error Missing: through@2.3.8 from lock file
build-and-test (18.x, windows-latest)	Install & Build & Test	2025-09-10T12:16:12.5007503Z npm error Missing: p-locate@6.0.0 from lock file
build-and-test (18.x, windows-latest)	Install & Build & Test	2025-09-10T12:16:12.5008115Z npm error Missing: callsites@3.1.0 from lock file
build-and-test (18.x, windows-latest)	Install & Build & Test	2025-09-10T12:16:12.5008704Z npm error Missing: error-ex@1.3.2 from lock file
build-and-test (18.x, windows-latest)	Install & Build & Test	2025-09-10T12:16:12.5009468Z npm error Missing: json-parse-even-better-errors@2.3.1 from lock file
build-and-test (18.x, windows-latest)	Install & Build & Test	2025-09-10T12:16:12.5010212Z npm error Missing: is-arrayish@0.2.1 from lock file
build-and-test (18.x, windows-latest)	Install & Build & Test	2025-09-10T12:16:12.5010794Z npm error Missing: cliui@8.0.1 from lock file
build-and-test (18.x, windows-latest)	Install & Build & Test	2025-09-10T12:16:12.5011409Z npm error Missing: get-caller-file@2.0.5 from lock file
build-and-test (18.x, windows-latest)	Install & Build & Test	2025-09-10T12:16:12.5012089Z npm error Missing: require-directory@2.1.1 from lock file
build-and-test (18.x, windows-latest)	Install & Build & Test	2025-09-10T12:16:12.5012753Z npm error Missing: string-width@4.2.3 from lock file
build-and-test (18.x, windows-latest)	Install & Build & Test	2025-09-10T12:16:12.5013326Z npm error Missing: y18n@5.0.8 from lock file
build-and-test (18.x, windows-latest)	Install & Build & Test	2025-09-10T12:16:12.5013901Z npm error Missing: yargs-parser@21.1.1 from lock file
build-and-test (18.x, windows-latest)	Install & Build & Test	2025-09-10T12:16:12.5014514Z npm error Missing: string-width@4.2.3 from lock file
build-and-test (18.x, windows-latest)	Install & Build & Test	2025-09-10T12:16:12.5015134Z npm error Missing: strip-ansi@6.0.1 from lock file
build-and-test (18.x, windows-latest)	Install & Build & Test	2025-09-10T12:16:12.5015758Z npm error Missing: wrap-ansi@7.0.0 from lock file
build-and-test (18.x, windows-latest)	Install & Build & Test	2025-09-10T12:16:12.5016372Z npm error Missing: emoji-regex@8.0.0 from lock file
build-and-test (18.x, windows-latest)	Install & Build & Test	2025-09-10T12:16:12.5017629Z npm error Missing: emoji-regex@8.0.0 from lock file
build-and-test (18.x, windows-latest)	Install & Build & Test	2025-09-10T12:16:12.5018557Z npm error Missing: strip-ansi@6.0.1 from lock file
build-and-test (18.x, windows-latest)	Install & Build & Test	2025-09-10T12:16:12.5019030Z npm error
build-and-test (18.x, windows-latest)	Install & Build & Test	2025-09-10T12:16:12.5019426Z npm error Clean install a project
build-and-test (18.x, windows-latest)	Install & Build & Test	2025-09-10T12:16:12.5019824Z npm error
build-and-test (18.x, windows-latest)	Install & Build & Test	2025-09-10T12:16:12.5020118Z npm error Usage:
build-and-test (18.x, windows-latest)	Install & Build & Test	2025-09-10T12:16:12.5020435Z npm error npm ci
build-and-test (18.x, windows-latest)	Install & Build & Test	2025-09-10T12:16:12.5020746Z npm error
build-and-test (18.x, windows-latest)	Install & Build & Test	2025-09-10T12:16:12.5021065Z npm error Options:
build-and-test (18.x, windows-latest)	Install & Build & Test	2025-09-10T12:16:12.5021813Z npm error [--install-strategy <hoisted|nested|shallow|linked>] [--legacy-bundling]
build-and-test (18.x, windows-latest)	Install & Build & Test	2025-09-10T12:16:12.5022900Z npm error [--global-style] [--omit <dev|optional|peer> [--omit <dev|optional|peer> ...]]
build-and-test (18.x, windows-latest)	Install & Build & Test	2025-09-10T12:16:12.5023993Z npm error [--include <prod|dev|optional|peer> [--include <prod|dev|optional|peer> ...]]
build-and-test (18.x, windows-latest)	Install & Build & Test	2025-09-10T12:16:12.5025083Z npm error [--strict-peer-deps] [--foreground-scripts] [--ignore-scripts] [--no-audit]
build-and-test (18.x, windows-latest)	Install & Build & Test	2025-09-10T12:16:12.5025897Z npm error [--no-bin-links] [--no-fund] [--dry-run]
build-and-test (18.x, windows-latest)	Install & Build & Test	2025-09-10T12:16:12.5026711Z npm error [-w|--workspace <workspace-name> [-w|--workspace <workspace-name> ...]]
build-and-test (18.x, windows-latest)	Install & Build & Test	2025-09-10T12:16:12.5027786Z npm error [-ws|--workspaces] [--include-workspace-root] [--install-links]
build-and-test (18.x, windows-latest)	Install & Build & Test	2025-09-10T12:16:12.5028357Z npm error
build-and-test (18.x, windows-latest)	Install & Build & Test	2025-09-10T12:16:12.5028941Z npm error aliases: clean-install, ic, install-clean, isntall-clean
build-and-test (18.x, windows-latest)	Install & Build & Test	2025-09-10T12:16:12.5029495Z npm error
build-and-test (18.x, windows-latest)	Install & Build & Test	2025-09-10T12:16:12.5029898Z npm error Run "npm help ci" for more info
build-and-test (18.x, windows-latest)	Install & Build & Test	2025-09-10T12:16:12.5031204Z npm error A complete log of this run can be found in: /home/runner/.npm/_logs/2025-09-10T12_16_06_130Z-debug-0.log
build-and-test (18.x, windows-latest)	Install & Build & Test	2025-09-10T12:16:12.5122783Z ##[error]Process completed with exit code 1.
build-and-test (18.x, windows-latest)	Post Run actions/checkout@v4	﻿2025-09-10T12:16:12.5208389Z Post job cleanup.
build-and-test (18.x, windows-latest)	Post Run actions/checkout@v4	2025-09-10T12:16:12.6147529Z [command]/usr/bin/git version
build-and-test (18.x, windows-latest)	Post Run actions/checkout@v4	2025-09-10T12:16:12.6199075Z git version 2.51.0
build-and-test (18.x, windows-latest)	Post Run actions/checkout@v4	2025-09-10T12:16:12.6245690Z Temporarily overriding HOME='/home/runner/work/_temp/3c999b15-6f54-46b8-a1d9-ce561da4a92c' before making global git config changes
build-and-test (18.x, windows-latest)	Post Run actions/checkout@v4	2025-09-10T12:16:12.6248070Z Adding repository directory to the temporary git global config as a safe directory
build-and-test (18.x, windows-latest)	Post Run actions/checkout@v4	2025-09-10T12:16:12.6252337Z [command]/usr/bin/git config --global --add safe.directory /home/runner/work/N8N-Self/N8N-Self
build-and-test (18.x, windows-latest)	Post Run actions/checkout@v4	2025-09-10T12:16:12.6289117Z [command]/usr/bin/git config --local --name-only --get-regexp core\.sshCommand
build-and-test (18.x, windows-latest)	Post Run actions/checkout@v4	2025-09-10T12:16:12.6325863Z [command]/usr/bin/git submodule foreach --recursive sh -c "git config --local --name-only --get-regexp 'core\.sshCommand' && git config --local --unset-all 'core.sshCommand' || :"
build-and-test (18.x, windows-latest)	Post Run actions/checkout@v4	2025-09-10T12:16:12.6563011Z fatal: No url found for submodule path 'LightRAG' in .gitmodules
build-and-test (18.x, windows-latest)	Post Run actions/checkout@v4	2025-09-10T12:16:12.6609604Z ##[warning]The process '/usr/bin/git' failed with exit code 128
build-and-test (18.x, windows-latest)	Complete job	﻿2025-09-10T12:16:12.6687445Z Cleaning up orphan processes
commitlint	Set up job	﻿2025-09-10T12:15:57.9417667Z Current runner version: '2.328.0'
commitlint	Set up job	2025-09-10T12:15:57.9458917Z ##[group]Runner Image Provisioner
commitlint	Set up job	2025-09-10T12:15:57.9460106Z Hosted Compute Agent
commitlint	Set up job	2025-09-10T12:15:57.9460950Z Version: 20250829.383
commitlint	Set up job	2025-09-10T12:15:57.9461946Z Commit: 27cb235aab5b0e52e153a26cd86b4742e89dac5d
commitlint	Set up job	2025-09-10T12:15:57.9463052Z Build Date: 2025-08-29T13:48:48Z
commitlint	Set up job	2025-09-10T12:15:57.9463943Z ##[endgroup]
commitlint	Set up job	2025-09-10T12:15:57.9464889Z ##[group]Operating System
commitlint	Set up job	2025-09-10T12:15:57.9465998Z Ubuntu
commitlint	Set up job	2025-09-10T12:15:57.9466797Z 24.04.3
commitlint	Set up job	2025-09-10T12:15:57.9467586Z LTS
commitlint	Set up job	2025-09-10T12:15:57.9468266Z ##[endgroup]
commitlint	Set up job	2025-09-10T12:15:57.9469068Z ##[group]Runner Image
commitlint	Set up job	2025-09-10T12:15:57.9470020Z Image: ubuntu-24.04
commitlint	Set up job	2025-09-10T12:15:57.9470832Z Version: 20250907.24.1
commitlint	Set up job	2025-09-10T12:15:57.9472511Z Included Software: https://github.com/actions/runner-images/blob/ubuntu24/20250907.24/images/ubuntu/Ubuntu2404-Readme.md
commitlint	Set up job	2025-09-10T12:15:57.9475241Z Image Release: https://github.com/actions/runner-images/releases/tag/ubuntu24%2F20250907.24
commitlint	Set up job	2025-09-10T12:15:57.9477562Z ##[endgroup]
commitlint	Set up job	2025-09-10T12:15:57.9479625Z ##[group]GITHUB_TOKEN Permissions
commitlint	Set up job	2025-09-10T12:15:57.9482609Z Contents: read
commitlint	Set up job	2025-09-10T12:15:57.9483457Z Metadata: read
commitlint	Set up job	2025-09-10T12:15:57.9484449Z Packages: read
commitlint	Set up job	2025-09-10T12:15:57.9485339Z ##[endgroup]
commitlint	Set up job	2025-09-10T12:15:57.9488656Z Secret source: Actions
commitlint	Set up job	2025-09-10T12:15:57.9490320Z Prepare workflow directory
commitlint	Set up job	2025-09-10T12:15:57.9885024Z Prepare all required actions
commitlint	Set up job	2025-09-10T12:15:57.9941725Z Getting action download info
commitlint	Set up job	2025-09-10T12:15:58.3460072Z Download action repository 'actions/checkout@v4' (SHA:08eba0b27e820071cde6df949e0beb9ba4906955)
commitlint	Set up job	2025-09-10T12:15:58.5564871Z Download action repository 'actions/setup-node@v4' (SHA:49933ea5288caeca8642d1e84afbd3f7d6820020)
commitlint	Set up job	2025-09-10T12:15:58.7385321Z Complete job name: commitlint
commitlint	Run actions/checkout@v4	﻿2025-09-10T12:15:58.8091560Z ##[group]Run actions/checkout@v4
commitlint	Run actions/checkout@v4	2025-09-10T12:15:58.8092484Z with:
commitlint	Run actions/checkout@v4	2025-09-10T12:15:58.8092910Z   repository: sattva2020/N8N-Self
commitlint	Run actions/checkout@v4	2025-09-10T12:15:58.8093634Z   token: ***
commitlint	Run actions/checkout@v4	2025-09-10T12:15:58.8094055Z   ssh-strict: true
commitlint	Run actions/checkout@v4	2025-09-10T12:15:58.8094462Z   ssh-user: git
commitlint	Run actions/checkout@v4	2025-09-10T12:15:58.8094867Z   persist-credentials: true
commitlint	Run actions/checkout@v4	2025-09-10T12:15:58.8095311Z   clean: true
commitlint	Run actions/checkout@v4	2025-09-10T12:15:58.8095986Z   sparse-checkout-cone-mode: true
commitlint	Run actions/checkout@v4	2025-09-10T12:15:58.8096461Z   fetch-depth: 1
commitlint	Run actions/checkout@v4	2025-09-10T12:15:58.8096853Z   fetch-tags: false
commitlint	Run actions/checkout@v4	2025-09-10T12:15:58.8097240Z   show-progress: true
commitlint	Run actions/checkout@v4	2025-09-10T12:15:58.8097645Z   lfs: false
commitlint	Run actions/checkout@v4	2025-09-10T12:15:58.8098012Z   submodules: false
commitlint	Run actions/checkout@v4	2025-09-10T12:15:58.8098419Z   set-safe-directory: true
commitlint	Run actions/checkout@v4	2025-09-10T12:15:58.8099125Z ##[endgroup]
commitlint	Run actions/checkout@v4	2025-09-10T12:15:58.9396995Z Syncing repository: sattva2020/N8N-Self
commitlint	Run actions/checkout@v4	2025-09-10T12:15:58.9398801Z ##[group]Getting Git version info
commitlint	Run actions/checkout@v4	2025-09-10T12:15:58.9399522Z Working directory is '/home/runner/work/N8N-Self/N8N-Self'
commitlint	Run actions/checkout@v4	2025-09-10T12:15:58.9400481Z [command]/usr/bin/git version
commitlint	Run actions/checkout@v4	2025-09-10T12:15:58.9477684Z git version 2.51.0
commitlint	Run actions/checkout@v4	2025-09-10T12:15:58.9498003Z ##[endgroup]
commitlint	Run actions/checkout@v4	2025-09-10T12:15:58.9512133Z Temporarily overriding HOME='/home/runner/work/_temp/6ea14bb7-43f4-498a-af72-d535ced676cd' before making global git config changes
commitlint	Run actions/checkout@v4	2025-09-10T12:15:58.9516473Z Adding repository directory to the temporary git global config as a safe directory
commitlint	Run actions/checkout@v4	2025-09-10T12:15:58.9520374Z [command]/usr/bin/git config --global --add safe.directory /home/runner/work/N8N-Self/N8N-Self
commitlint	Run actions/checkout@v4	2025-09-10T12:15:59.0463843Z Deleting the contents of '/home/runner/work/N8N-Self/N8N-Self'
commitlint	Run actions/checkout@v4	2025-09-10T12:15:59.0465892Z ##[group]Initializing the repository
commitlint	Run actions/checkout@v4	2025-09-10T12:15:59.0467067Z [command]/usr/bin/git init /home/runner/work/N8N-Self/N8N-Self
commitlint	Run actions/checkout@v4	2025-09-10T12:15:59.0468670Z hint: Using 'master' as the name for the initial branch. This default branch name
commitlint	Run actions/checkout@v4	2025-09-10T12:15:59.0470319Z hint: is subject to change. To configure the initial branch name to use in all
commitlint	Run actions/checkout@v4	2025-09-10T12:15:59.0471844Z hint: of your new repositories, which will suppress this warning, call:
commitlint	Run actions/checkout@v4	2025-09-10T12:15:59.0473033Z hint:
commitlint	Run actions/checkout@v4	2025-09-10T12:15:59.0473856Z hint: 	git config --global init.defaultBranch <name>
commitlint	Run actions/checkout@v4	2025-09-10T12:15:59.0474871Z hint:
commitlint	Run actions/checkout@v4	2025-09-10T12:15:59.0476714Z hint: Names commonly chosen instead of 'master' are 'main', 'trunk' and
commitlint	Run actions/checkout@v4	2025-09-10T12:15:59.0478415Z hint: 'development'. The just-created branch can be renamed via this command:
commitlint	Run actions/checkout@v4	2025-09-10T12:15:59.0479729Z hint:
commitlint	Run actions/checkout@v4	2025-09-10T12:15:59.0480470Z hint: 	git branch -m <name>
commitlint	Run actions/checkout@v4	2025-09-10T12:15:59.0481231Z hint:
commitlint	Run actions/checkout@v4	2025-09-10T12:15:59.0482242Z hint: Disable this message with "git config set advice.defaultBranchName false"
commitlint	Run actions/checkout@v4	2025-09-10T12:15:59.0483871Z Initialized empty Git repository in /home/runner/work/N8N-Self/N8N-Self/.git/
commitlint	Run actions/checkout@v4	2025-09-10T12:15:59.0486711Z [command]/usr/bin/git remote add origin https://github.com/sattva2020/N8N-Self
commitlint	Run actions/checkout@v4	2025-09-10T12:15:59.0489670Z ##[endgroup]
commitlint	Run actions/checkout@v4	2025-09-10T12:15:59.0490876Z ##[group]Disabling automatic garbage collection
commitlint	Run actions/checkout@v4	2025-09-10T12:15:59.0491951Z [command]/usr/bin/git config --local gc.auto 0
commitlint	Run actions/checkout@v4	2025-09-10T12:15:59.0494247Z ##[endgroup]
commitlint	Run actions/checkout@v4	2025-09-10T12:15:59.0507009Z ##[group]Setting up auth
commitlint	Run actions/checkout@v4	2025-09-10T12:15:59.0508239Z [command]/usr/bin/git config --local --name-only --get-regexp core\.sshCommand
commitlint	Run actions/checkout@v4	2025-09-10T12:15:59.0511751Z [command]/usr/bin/git submodule foreach --recursive sh -c "git config --local --name-only --get-regexp 'core\.sshCommand' && git config --local --unset-all 'core.sshCommand' || :"
commitlint	Run actions/checkout@v4	2025-09-10T12:15:59.0515798Z [command]/usr/bin/git config --local --name-only --get-regexp http\.https\:\/\/github\.com\/\.extraheader
commitlint	Run actions/checkout@v4	2025-09-10T12:15:59.0520117Z [command]/usr/bin/git submodule foreach --recursive sh -c "git config --local --name-only --get-regexp 'http\.https\:\/\/github\.com\/\.extraheader' && git config --local --unset-all 'http.https://github.com/.extraheader' || :"
commitlint	Run actions/checkout@v4	2025-09-10T12:15:59.0712482Z [command]/usr/bin/git config --local http.https://github.com/.extraheader AUTHORIZATION: basic ***
commitlint	Run actions/checkout@v4	2025-09-10T12:15:59.0771224Z ##[endgroup]
commitlint	Run actions/checkout@v4	2025-09-10T12:15:59.0774618Z ##[group]Fetching the repository
commitlint	Run actions/checkout@v4	2025-09-10T12:15:59.0781672Z [command]/usr/bin/git -c protocol.version=2 fetch --no-tags --prune --no-recurse-submodules --depth=1 origin +13654efa31913f34e968c01635f82ab444fb4cf5:refs/remotes/pull/3/merge
commitlint	Run actions/checkout@v4	2025-09-10T12:16:01.2594280Z From https://github.com/sattva2020/N8N-Self
commitlint	Run actions/checkout@v4	2025-09-10T12:16:01.2600492Z  * [new ref]         13654efa31913f34e968c01635f82ab444fb4cf5 -> pull/3/merge
commitlint	Run actions/checkout@v4	2025-09-10T12:16:01.2640968Z ##[endgroup]
commitlint	Run actions/checkout@v4	2025-09-10T12:16:01.2642506Z ##[group]Determining the checkout info
commitlint	Run actions/checkout@v4	2025-09-10T12:16:01.2644154Z ##[endgroup]
commitlint	Run actions/checkout@v4	2025-09-10T12:16:01.2645819Z [command]/usr/bin/git sparse-checkout disable
commitlint	Run actions/checkout@v4	2025-09-10T12:16:01.2696633Z [command]/usr/bin/git config --local --unset-all extensions.worktreeConfig
commitlint	Run actions/checkout@v4	2025-09-10T12:16:01.2732760Z ##[group]Checking out the ref
commitlint	Run actions/checkout@v4	2025-09-10T12:16:01.2736900Z [command]/usr/bin/git checkout --progress --force refs/remotes/pull/3/merge
commitlint	Run actions/checkout@v4	2025-09-10T12:16:02.2882500Z Note: switching to 'refs/remotes/pull/3/merge'.
commitlint	Run actions/checkout@v4	2025-09-10T12:16:02.2887199Z 
commitlint	Run actions/checkout@v4	2025-09-10T12:16:02.2887926Z You are in 'detached HEAD' state. You can look around, make experimental
commitlint	Run actions/checkout@v4	2025-09-10T12:16:02.2889851Z changes and commit them, and you can discard any commits you make in this
commitlint	Run actions/checkout@v4	2025-09-10T12:16:02.2892477Z state without impacting any branches by switching back to a branch.
commitlint	Run actions/checkout@v4	2025-09-10T12:16:02.2907714Z 
commitlint	Run actions/checkout@v4	2025-09-10T12:16:02.2908585Z If you want to create a new branch to retain commits you create, you may
commitlint	Run actions/checkout@v4	2025-09-10T12:16:02.2909777Z do so (now or later) by using -c with the switch command. Example:
commitlint	Run actions/checkout@v4	2025-09-10T12:16:02.2910585Z 
commitlint	Run actions/checkout@v4	2025-09-10T12:16:02.2911140Z   git switch -c <new-branch-name>
commitlint	Run actions/checkout@v4	2025-09-10T12:16:02.2911798Z 
commitlint	Run actions/checkout@v4	2025-09-10T12:16:02.2912319Z Or undo this operation with:
commitlint	Run actions/checkout@v4	2025-09-10T12:16:02.2912937Z 
commitlint	Run actions/checkout@v4	2025-09-10T12:16:02.2913445Z   git switch -
commitlint	Run actions/checkout@v4	2025-09-10T12:16:02.2914165Z 
commitlint	Run actions/checkout@v4	2025-09-10T12:16:02.2914898Z Turn off this advice by setting config variable advice.detachedHead to false
commitlint	Run actions/checkout@v4	2025-09-10T12:16:02.2916109Z 
commitlint	Run actions/checkout@v4	2025-09-10T12:16:02.2917104Z HEAD is now at 13654ef Merge 061775b2e7a59b7575edd834cf96ea0426c24e1c into 032e0c286f1161b571d7313b759da5e74c4c9fb4
commitlint	Run actions/checkout@v4	2025-09-10T12:16:02.2928817Z ##[endgroup]
commitlint	Run actions/checkout@v4	2025-09-10T12:16:02.2988963Z [command]/usr/bin/git log -1 --format=%H
commitlint	Run actions/checkout@v4	2025-09-10T12:16:02.3018484Z 13654efa31913f34e968c01635f82ab444fb4cf5
commitlint	Setup Node	﻿2025-09-10T12:16:02.3276342Z ##[group]Run actions/setup-node@v4
commitlint	Setup Node	2025-09-10T12:16:02.3276857Z with:
commitlint	Setup Node	2025-09-10T12:16:02.3277201Z   node-version: 18.x
commitlint	Setup Node	2025-09-10T12:16:02.3277593Z   always-auth: false
commitlint	Setup Node	2025-09-10T12:16:02.3277951Z   check-latest: false
commitlint	Setup Node	2025-09-10T12:16:02.3278506Z   token: ***
commitlint	Setup Node	2025-09-10T12:16:02.3279105Z ##[endgroup]
commitlint	Setup Node	2025-09-10T12:16:02.5188957Z Found in cache @ /opt/hostedtoolcache/node/18.20.8/x64
commitlint	Setup Node	2025-09-10T12:16:02.5190275Z ##[group]Environment details
commitlint	Setup Node	2025-09-10T12:16:02.9929443Z node: v18.20.8
commitlint	Setup Node	2025-09-10T12:16:02.9975982Z npm: 10.8.2
commitlint	Setup Node	2025-09-10T12:16:02.9976311Z yarn: 1.22.22
commitlint	Setup Node	2025-09-10T12:16:02.9977088Z ##[endgroup]
commitlint	Install commitlint	﻿2025-09-10T12:16:03.0063149Z ##[group]Run cd dashboard/frontend
commitlint	Install commitlint	2025-09-10T12:16:03.0063517Z [36;1mcd dashboard/frontend[0m
commitlint	Install commitlint	2025-09-10T12:16:03.0063790Z [36;1mnpm ci --prefer-offline[0m
commitlint	Install commitlint	2025-09-10T12:16:03.0139111Z shell: /usr/bin/bash -e {0}
commitlint	Install commitlint	2025-09-10T12:16:03.0139430Z ##[endgroup]
commitlint	Install commitlint	2025-09-10T12:16:13.6571081Z npm error code EUSAGE
commitlint	Install commitlint	2025-09-10T12:16:13.6576854Z npm error
commitlint	Install commitlint	2025-09-10T12:16:13.6578469Z npm error `npm ci` can only install packages when your package.json and package-lock.json or npm-shrinkwrap.json are in sync. Please update your lock file with `npm install` before continuing.
commitlint	Install commitlint	2025-09-10T12:16:13.6579657Z npm error
commitlint	Install commitlint	2025-09-10T12:16:13.6580315Z npm error Missing: @commitlint/config-conventional@17.8.1 from lock file
commitlint	Install commitlint	2025-09-10T12:16:13.6581080Z npm error Missing: commitlint@19.8.1 from lock file
commitlint	Install commitlint	2025-09-10T12:16:13.6582024Z npm error Missing: conventional-changelog-conventionalcommits@6.1.0 from lock file
commitlint	Install commitlint	2025-09-10T12:16:13.6582962Z npm error Missing: @commitlint/cli@19.8.1 from lock file
commitlint	Install commitlint	2025-09-10T12:16:13.6583698Z npm error Missing: @commitlint/types@19.8.1 from lock file
commitlint	Install commitlint	2025-09-10T12:16:13.6584533Z npm error Missing: @commitlint/format@19.8.1 from lock file
commitlint	Install commitlint	2025-09-10T12:16:13.6585274Z npm error Missing: @commitlint/lint@19.8.1 from lock file
commitlint	Install commitlint	2025-09-10T12:16:13.6586279Z npm error Missing: @commitlint/load@19.8.1 from lock file
commitlint	Install commitlint	2025-09-10T12:16:13.6587079Z npm error Missing: @commitlint/read@19.8.1 from lock file
commitlint	Install commitlint	2025-09-10T12:16:13.6587739Z npm error Missing: tinyexec@1.0.1 from lock file
commitlint	Install commitlint	2025-09-10T12:16:13.6588359Z npm error Missing: yargs@17.7.2 from lock file
commitlint	Install commitlint	2025-09-10T12:16:13.6588954Z npm error Missing: chalk@5.6.2 from lock file
commitlint	Install commitlint	2025-09-10T12:16:13.6589674Z npm error Missing: @commitlint/is-ignored@19.8.1 from lock file
commitlint	Install commitlint	2025-09-10T12:16:13.6590460Z npm error Missing: @commitlint/parse@19.8.1 from lock file
commitlint	Install commitlint	2025-09-10T12:16:13.6591203Z npm error Missing: @commitlint/rules@19.8.1 from lock file
commitlint	Install commitlint	2025-09-10T12:16:13.6591856Z npm error Missing: semver@7.7.2 from lock file
commitlint	Install commitlint	2025-09-10T12:16:13.6592632Z npm error Missing: @commitlint/config-validator@19.8.1 from lock file
commitlint	Install commitlint	2025-09-10T12:16:13.6593599Z npm error Missing: @commitlint/execute-rule@19.8.1 from lock file
commitlint	Install commitlint	2025-09-10T12:16:13.6594470Z npm error Missing: @commitlint/resolve-extends@19.8.1 from lock file
commitlint	Install commitlint	2025-09-10T12:16:13.6595143Z npm error Missing: chalk@5.6.2 from lock file
commitlint	Install commitlint	2025-09-10T12:16:13.6595965Z npm error Missing: cosmiconfig@9.0.0 from lock file
commitlint	Install commitlint	2025-09-10T12:16:13.6596761Z npm error Missing: cosmiconfig-typescript-loader@6.1.0 from lock file
commitlint	Install commitlint	2025-09-10T12:16:13.6597622Z npm error Missing: lodash.isplainobject@4.0.6 from lock file
commitlint	Install commitlint	2025-09-10T12:16:13.6598319Z npm error Missing: lodash.merge@4.6.2 from lock file
commitlint	Install commitlint	2025-09-10T12:16:13.6598985Z npm error Missing: lodash.uniq@4.5.0 from lock file
commitlint	Install commitlint	2025-09-10T12:16:13.6599583Z npm error Missing: ajv@8.17.1 from lock file
commitlint	Install commitlint	2025-09-10T12:16:13.6600341Z npm error Missing: conventional-changelog-angular@7.0.0 from lock file
commitlint	Install commitlint	2025-09-10T12:16:13.6601246Z npm error Missing: conventional-commits-parser@5.0.0 from lock file
commitlint	Install commitlint	2025-09-10T12:16:13.6602087Z npm error Missing: @commitlint/top-level@19.8.1 from lock file
commitlint	Install commitlint	2025-09-10T12:16:13.6602832Z npm error Missing: git-raw-commits@4.0.0 from lock file
commitlint	Install commitlint	2025-09-10T12:16:13.6603541Z npm error Missing: global-directory@4.0.1 from lock file
commitlint	Install commitlint	2025-09-10T12:16:13.6604595Z npm error Missing: import-meta-resolve@4.2.0 from lock file
commitlint	Install commitlint	2025-09-10T12:16:13.6605328Z npm error Missing: lodash.mergewith@4.6.2 from lock file
commitlint	Install commitlint	2025-09-10T12:16:13.6606315Z npm error Missing: resolve-from@5.0.0 from lock file
commitlint	Install commitlint	2025-09-10T12:16:13.6607032Z npm error Missing: @commitlint/ensure@19.8.1 from lock file
commitlint	Install commitlint	2025-09-10T12:16:13.6607772Z npm error Missing: @commitlint/message@19.8.1 from lock file
commitlint	Install commitlint	2025-09-10T12:16:13.6608520Z npm error Missing: @commitlint/to-lines@19.8.1 from lock file
commitlint	Install commitlint	2025-09-10T12:16:13.6609239Z npm error Missing: lodash.camelcase@4.3.0 from lock file
commitlint	Install commitlint	2025-09-10T12:16:13.6609926Z npm error Missing: lodash.kebabcase@4.1.1 from lock file
commitlint	Install commitlint	2025-09-10T12:16:13.6610618Z npm error Missing: lodash.snakecase@4.1.1 from lock file
commitlint	Install commitlint	2025-09-10T12:16:13.6611601Z npm error Missing: lodash.startcase@4.4.0 from lock file
commitlint	Install commitlint	2025-09-10T12:16:13.6612338Z npm error Missing: lodash.upperfirst@4.3.1 from lock file
commitlint	Install commitlint	2025-09-10T12:16:13.6613021Z npm error Missing: find-up@7.0.0 from lock file
commitlint	Install commitlint	2025-09-10T12:16:13.6613858Z npm error Missing: @types/conventional-commits-parser@5.0.1 from lock file
commitlint	Install commitlint	2025-09-10T12:16:13.6614648Z npm error Missing: chalk@5.6.2 from lock file
commitlint	Install commitlint	2025-09-10T12:16:13.6615310Z npm error Missing: fast-deep-equal@3.1.3 from lock file
commitlint	Install commitlint	2025-09-10T12:16:13.6616161Z npm error Missing: fast-uri@3.1.0 from lock file
commitlint	Install commitlint	2025-09-10T12:16:13.6616884Z npm error Missing: json-schema-traverse@1.0.0 from lock file
commitlint	Install commitlint	2025-09-10T12:16:13.6617674Z npm error Missing: require-from-string@2.0.2 from lock file
commitlint	Install commitlint	2025-09-10T12:16:13.6618388Z npm error Missing: compare-func@2.0.0 from lock file
commitlint	Install commitlint	2025-09-10T12:16:13.6619049Z npm error Missing: array-ify@1.0.0 from lock file
commitlint	Install commitlint	2025-09-10T12:16:13.6619682Z npm error Missing: dot-prop@5.3.0 from lock file
commitlint	Install commitlint	2025-09-10T12:16:13.6620348Z npm error Missing: is-text-path@2.0.0 from lock file
commitlint	Install commitlint	2025-09-10T12:16:13.6621021Z npm error Missing: JSONStream@1.3.5 from lock file
commitlint	Install commitlint	2025-09-10T12:16:13.6621644Z npm error Missing: meow@12.1.1 from lock file
commitlint	Install commitlint	2025-09-10T12:16:13.6622254Z npm error Missing: split2@4.2.0 from lock file
commitlint	Install commitlint	2025-09-10T12:16:13.6622904Z npm error Missing: env-paths@2.2.1 from lock file
commitlint	Install commitlint	2025-09-10T12:16:13.6623567Z npm error Missing: import-fresh@3.3.1 from lock file
commitlint	Install commitlint	2025-09-10T12:16:13.6624212Z npm error Missing: js-yaml@4.1.0 from lock file
commitlint	Install commitlint	2025-09-10T12:16:13.6624845Z npm error Missing: parse-json@5.2.0 from lock file
commitlint	Install commitlint	2025-09-10T12:16:13.6625603Z npm error Missing: jiti@2.5.1 from lock file
commitlint	Install commitlint	2025-09-10T12:16:13.6626279Z npm error Missing: is-obj@2.0.0 from lock file
commitlint	Install commitlint	2025-09-10T12:16:13.6626955Z npm error Missing: locate-path@7.2.0 from lock file
commitlint	Install commitlint	2025-09-10T12:16:13.6627605Z npm error Missing: path-exists@5.0.0 from lock file
commitlint	Install commitlint	2025-09-10T12:16:13.6628291Z npm error Missing: unicorn-magic@0.1.0 from lock file
commitlint	Install commitlint	2025-09-10T12:16:13.6628936Z npm error Missing: dargs@8.1.0 from lock file
commitlint	Install commitlint	2025-09-10T12:16:13.6629524Z npm error Missing: ini@4.1.1 from lock file
commitlint	Install commitlint	2025-09-10T12:16:13.6630165Z npm error Missing: parent-module@1.0.1 from lock file
commitlint	Install commitlint	2025-09-10T12:16:13.6630846Z npm error Missing: resolve-from@4.0.0 from lock file
commitlint	Install commitlint	2025-09-10T12:16:13.6631555Z npm error Missing: text-extensions@2.4.0 from lock file
commitlint	Install commitlint	2025-09-10T12:16:13.6632220Z npm error Missing: argparse@2.0.1 from lock file
commitlint	Install commitlint	2025-09-10T12:16:13.6723312Z npm error Missing: jsonparse@1.3.1 from lock file
commitlint	Install commitlint	2025-09-10T12:16:13.6724032Z npm error Missing: through@2.3.8 from lock file
commitlint	Install commitlint	2025-09-10T12:16:13.6724659Z npm error Missing: p-locate@6.0.0 from lock file
commitlint	Install commitlint	2025-09-10T12:16:13.6725262Z npm error Missing: callsites@3.1.0 from lock file
commitlint	Install commitlint	2025-09-10T12:16:13.6728154Z npm error Missing: error-ex@1.3.2 from lock file
commitlint	Install commitlint	2025-09-10T12:16:13.6728659Z npm error Missing: json-parse-even-better-errors@2.3.1 from lock file
commitlint	Install commitlint	2025-09-10T12:16:13.6729137Z npm error Missing: is-arrayish@0.2.1 from lock file
commitlint	Install commitlint	2025-09-10T12:16:13.6729533Z npm error Missing: cliui@8.0.1 from lock file
commitlint	Install commitlint	2025-09-10T12:16:13.6729912Z npm error Missing: get-caller-file@2.0.5 from lock file
commitlint	Install commitlint	2025-09-10T12:16:13.6730345Z npm error Missing: require-directory@2.1.1 from lock file
commitlint	Install commitlint	2025-09-10T12:16:13.6730990Z npm error Missing: string-width@4.2.3 from lock file
commitlint	Install commitlint	2025-09-10T12:16:13.6731368Z npm error Missing: y18n@5.0.8 from lock file
commitlint	Install commitlint	2025-09-10T12:16:13.6731743Z npm error Missing: yargs-parser@21.1.1 from lock file
commitlint	Install commitlint	2025-09-10T12:16:13.6732133Z npm error Missing: string-width@4.2.3 from lock file
commitlint	Install commitlint	2025-09-10T12:16:13.6732514Z npm error Missing: strip-ansi@6.0.1 from lock file
commitlint	Install commitlint	2025-09-10T12:16:13.6732891Z npm error Missing: wrap-ansi@7.0.0 from lock file
commitlint	Install commitlint	2025-09-10T12:16:13.6733261Z npm error Missing: emoji-regex@8.0.0 from lock file
commitlint	Install commitlint	2025-09-10T12:16:13.6733650Z npm error Missing: emoji-regex@8.0.0 from lock file
commitlint	Install commitlint	2025-09-10T12:16:13.6734024Z npm error Missing: strip-ansi@6.0.1 from lock file
commitlint	Install commitlint	2025-09-10T12:16:13.6734453Z npm error
commitlint	Install commitlint	2025-09-10T12:16:13.6734702Z npm error Clean install a project
commitlint	Install commitlint	2025-09-10T12:16:13.6734943Z npm error
commitlint	Install commitlint	2025-09-10T12:16:13.6735131Z npm error Usage:
commitlint	Install commitlint	2025-09-10T12:16:13.6735326Z npm error npm ci
commitlint	Install commitlint	2025-09-10T12:16:13.6735744Z npm error
commitlint	Install commitlint	2025-09-10T12:16:13.6735963Z npm error Options:
commitlint	Install commitlint	2025-09-10T12:16:13.6736420Z npm error [--install-strategy <hoisted|nested|shallow|linked>] [--legacy-bundling]
commitlint	Install commitlint	2025-09-10T12:16:13.6737052Z npm error [--global-style] [--omit <dev|optional|peer> [--omit <dev|optional|peer> ...]]
commitlint	Install commitlint	2025-09-10T12:16:13.6737678Z npm error [--include <prod|dev|optional|peer> [--include <prod|dev|optional|peer> ...]]
commitlint	Install commitlint	2025-09-10T12:16:13.6738291Z npm error [--strict-peer-deps] [--foreground-scripts] [--ignore-scripts] [--no-audit]
commitlint	Install commitlint	2025-09-10T12:16:13.6738774Z npm error [--no-bin-links] [--no-fund] [--dry-run]
commitlint	Install commitlint	2025-09-10T12:16:13.6739265Z npm error [-w|--workspace <workspace-name> [-w|--workspace <workspace-name> ...]]
commitlint	Install commitlint	2025-09-10T12:16:13.6739810Z npm error [-ws|--workspaces] [--include-workspace-root] [--install-links]
commitlint	Install commitlint	2025-09-10T12:16:13.6740165Z npm error
commitlint	Install commitlint	2025-09-10T12:16:13.6740502Z npm error aliases: clean-install, ic, install-clean, isntall-clean
commitlint	Install commitlint	2025-09-10T12:16:13.6740837Z npm error
commitlint	Install commitlint	2025-09-10T12:16:13.6741081Z npm error Run "npm help ci" for more info
commitlint	Install commitlint	2025-09-10T12:16:13.6741652Z npm error A complete log of this run can be found in: /home/runner/.npm/_logs/2025-09-10T12_16_03_096Z-debug-0.log
commitlint	Install commitlint	2025-09-10T12:16:13.6754857Z ##[error]Process completed with exit code 1.
commitlint	Post Run actions/checkout@v4	﻿2025-09-10T12:16:13.6864538Z Post job cleanup.
commitlint	Post Run actions/checkout@v4	2025-09-10T12:16:13.7843241Z [command]/usr/bin/git version
commitlint	Post Run actions/checkout@v4	2025-09-10T12:16:13.7883916Z git version 2.51.0
commitlint	Post Run actions/checkout@v4	2025-09-10T12:16:13.7940881Z Temporarily overriding HOME='/home/runner/work/_temp/edeeeeb7-464b-450d-9d99-83c1a68f9a74' before making global git config changes
commitlint	Post Run actions/checkout@v4	2025-09-10T12:16:13.7943786Z Adding repository directory to the temporary git global config as a safe directory
commitlint	Post Run actions/checkout@v4	2025-09-10T12:16:13.7947817Z [command]/usr/bin/git config --global --add safe.directory /home/runner/work/N8N-Self/N8N-Self
commitlint	Post Run actions/checkout@v4	2025-09-10T12:16:13.7986204Z [command]/usr/bin/git config --local --name-only --get-regexp core\.sshCommand
commitlint	Post Run actions/checkout@v4	2025-09-10T12:16:13.8021657Z [command]/usr/bin/git submodule foreach --recursive sh -c "git config --local --name-only --get-regexp 'core\.sshCommand' && git config --local --unset-all 'core.sshCommand' || :"
commitlint	Post Run actions/checkout@v4	2025-09-10T12:16:13.8264492Z fatal: No url found for submodule path 'LightRAG' in .gitmodules
commitlint	Post Run actions/checkout@v4	2025-09-10T12:16:13.8312533Z ##[warning]The process '/usr/bin/git' failed with exit code 128
commitlint	Complete job	﻿2025-09-10T12:16:13.8399437Z Cleaning up orphan processes
