2025-09-11T07:48:59.2501414Z Current runner version: '2.328.0'
2025-09-11T07:48:59.2526680Z ##[group]Runner Image Provisioner
2025-09-11T07:48:59.2527536Z Hosted Compute Agent
2025-09-11T07:48:59.2528123Z Version: 20250829.383
2025-09-11T07:48:59.2528724Z Commit: 27cb235aab5b0e52e153a26cd86b4742e89dac5d
2025-09-11T07:48:59.2529447Z Build Date: 2025-08-29T13:48:48Z
2025-09-11T07:48:59.2530070Z ##[endgroup]
2025-09-11T07:48:59.2530588Z ##[group]Operating System
2025-09-11T07:48:59.2531415Z Ubuntu
2025-09-11T07:48:59.2531898Z 24.04.3
2025-09-11T07:48:59.2532358Z LTS
2025-09-11T07:48:59.2532761Z ##[endgroup]
2025-09-11T07:48:59.2533345Z ##[group]Runner Image
2025-09-11T07:48:59.2533917Z Image: ubuntu-24.04
2025-09-11T07:48:59.2534377Z Version: 20250907.24.1
2025-09-11T07:48:59.2535523Z Included Software: https://github.com/actions/runner-images/blob/ubuntu24/20250907.24/images/ubuntu/Ubuntu2404-Readme.md
2025-09-11T07:48:59.2537101Z Image Release: https://github.com/actions/runner-images/releases/tag/ubuntu24%2F20250907.24
2025-09-11T07:48:59.2538144Z ##[endgroup]
2025-09-11T07:48:59.2539241Z ##[group]GITHUB_TOKEN Permissions
2025-09-11T07:48:59.2541401Z Contents: read
2025-09-11T07:48:59.2542087Z Metadata: read
2025-09-11T07:48:59.2542563Z Packages: read
2025-09-11T07:48:59.2543164Z ##[endgroup]
2025-09-11T07:48:59.2545215Z Secret source: Actions
2025-09-11T07:48:59.2545915Z Prepare workflow directory
2025-09-11T07:48:59.2875901Z Prepare all required actions
2025-09-11T07:48:59.2913943Z Getting action download info
2025-09-11T07:48:59.6063577Z Download action repository 'actions/checkout@v4' (SHA:08eba0b27e820071cde6df949e0beb9ba4906955)
2025-09-11T07:48:59.7882725Z Download action repository 'actions/setup-node@v4' (SHA:49933ea5288caeca8642d1e84afbd3f7d6820020)
2025-09-11T07:48:59.8849700Z Download action repository 'actions/cache@v4' (SHA:0400d5f644dc74513175e3cd8d07132dd4860809)
2025-09-11T07:49:00.0081729Z Download action repository 'actions/upload-artifact@v4' (SHA:ea165f8d65b6e75b540449e92b4886f43607fa02)
2025-09-11T07:49:00.2079532Z Complete job name: e2e-smoke (ubuntu-latest, 18.x)
2025-09-11T07:49:00.2783748Z ##[group]Run actions/checkout@v4
2025-09-11T07:49:00.2784599Z with:
2025-09-11T07:49:00.2785001Z   repository: sattva2020/N8N-Self
2025-09-11T07:49:00.2785679Z   token: ***
2025-09-11T07:49:00.2786062Z   ssh-strict: true
2025-09-11T07:49:00.2786463Z   ssh-user: git
2025-09-11T07:49:00.2786859Z   persist-credentials: true
2025-09-11T07:49:00.2787311Z   clean: true
2025-09-11T07:49:00.2787707Z   sparse-checkout-cone-mode: true
2025-09-11T07:49:00.2788187Z   fetch-depth: 1
2025-09-11T07:49:00.2788575Z   fetch-tags: false
2025-09-11T07:49:00.2788968Z   show-progress: true
2025-09-11T07:49:00.2789444Z   lfs: false
2025-09-11T07:49:00.2789869Z   submodules: false
2025-09-11T07:49:00.2790270Z   set-safe-directory: true
2025-09-11T07:49:00.2790948Z ##[endgroup]
2025-09-11T07:49:00.3922844Z Syncing repository: sattva2020/N8N-Self
2025-09-11T07:49:00.3925962Z ##[group]Getting Git version info
2025-09-11T07:49:00.3927134Z Working directory is '/home/runner/work/N8N-Self/N8N-Self'
2025-09-11T07:49:00.3929277Z [command]/usr/bin/git version
2025-09-11T07:49:00.4042973Z git version 2.51.0
2025-09-11T07:49:00.4055949Z ##[endgroup]
2025-09-11T07:49:00.4069666Z Temporarily overriding HOME='/home/runner/work/_temp/77b628ed-e696-4a50-a53f-a809c19275d4' before making global git config changes
2025-09-11T07:49:00.4073483Z Adding repository directory to the temporary git global config as a safe directory
2025-09-11T07:49:00.4076410Z [command]/usr/bin/git config --global --add safe.directory /home/runner/work/N8N-Self/N8N-Self
2025-09-11T07:49:00.4117064Z Deleting the contents of '/home/runner/work/N8N-Self/N8N-Self'
2025-09-11T07:49:00.4121962Z ##[group]Initializing the repository
2025-09-11T07:49:00.4126534Z [command]/usr/bin/git init /home/runner/work/N8N-Self/N8N-Self
2025-09-11T07:49:00.4263649Z hint: Using 'master' as the name for the initial branch. This default branch name
2025-09-11T07:49:00.4266536Z hint: is subject to change. To configure the initial branch name to use in all
2025-09-11T07:49:00.4268430Z hint: of your new repositories, which will suppress this warning, call:
2025-09-11T07:49:00.4269556Z hint:
2025-09-11T07:49:00.4270358Z hint: 	git config --global init.defaultBranch <name>
2025-09-11T07:49:00.4271900Z hint:
2025-09-11T07:49:00.4272953Z hint: Names commonly chosen instead of 'master' are 'main', 'trunk' and
2025-09-11T07:49:00.4274687Z hint: 'development'. The just-created branch can be renamed via this command:
2025-09-11T07:49:00.4276026Z hint:
2025-09-11T07:49:00.4276765Z hint: 	git branch -m <name>
2025-09-11T07:49:00.4277611Z hint:
2025-09-11T07:49:00.4278648Z hint: Disable this message with "git config set advice.defaultBranchName false"
2025-09-11T07:49:00.4281477Z Initialized empty Git repository in /home/runner/work/N8N-Self/N8N-Self/.git/
2025-09-11T07:49:00.4284546Z [command]/usr/bin/git remote add origin https://github.com/sattva2020/N8N-Self
2025-09-11T07:49:00.4326411Z ##[endgroup]
2025-09-11T07:49:00.4327628Z ##[group]Disabling automatic garbage collection
2025-09-11T07:49:00.4330603Z [command]/usr/bin/git config --local gc.auto 0
2025-09-11T07:49:00.4363291Z ##[endgroup]
2025-09-11T07:49:00.4364563Z ##[group]Setting up auth
2025-09-11T07:49:00.4370386Z [command]/usr/bin/git config --local --name-only --get-regexp core\.sshCommand
2025-09-11T07:49:00.4403456Z [command]/usr/bin/git submodule foreach --recursive sh -c "git config --local --name-only --get-regexp 'core\.sshCommand' && git config --local --unset-all 'core.sshCommand' || :"
2025-09-11T07:49:00.4784185Z [command]/usr/bin/git config --local --name-only --get-regexp http\.https\:\/\/github\.com\/\.extraheader
2025-09-11T07:49:00.4817711Z [command]/usr/bin/git submodule foreach --recursive sh -c "git config --local --name-only --get-regexp 'http\.https\:\/\/github\.com\/\.extraheader' && git config --local --unset-all 'http.https://github.com/.extraheader' || :"
2025-09-11T07:49:00.5062701Z [command]/usr/bin/git config --local http.https://github.com/.extraheader AUTHORIZATION: basic ***
2025-09-11T07:49:00.5110817Z ##[endgroup]
2025-09-11T07:49:00.5114794Z ##[group]Fetching the repository
2025-09-11T07:49:00.5122204Z [command]/usr/bin/git -c protocol.version=2 fetch --no-tags --prune --no-recurse-submodules --depth=1 origin +a4e5c88403e2468312523e1ff628f265d57025a3:refs/remotes/pull/4/merge
2025-09-11T07:49:02.7616221Z From https://github.com/sattva2020/N8N-Self
2025-09-11T07:49:02.7619935Z  * [new ref]         a4e5c88403e2468312523e1ff628f265d57025a3 -> pull/4/merge
2025-09-11T07:49:02.7652421Z ##[endgroup]
2025-09-11T07:49:02.7655375Z ##[group]Determining the checkout info
2025-09-11T07:49:02.7657113Z ##[endgroup]
2025-09-11T07:49:02.7659807Z [command]/usr/bin/git sparse-checkout disable
2025-09-11T07:49:02.7702741Z [command]/usr/bin/git config --local --unset-all extensions.worktreeConfig
2025-09-11T07:49:02.7733900Z ##[group]Checking out the ref
2025-09-11T07:49:02.7736916Z [command]/usr/bin/git checkout --progress --force refs/remotes/pull/4/merge
2025-09-11T07:49:03.7857682Z Note: switching to 'refs/remotes/pull/4/merge'.
2025-09-11T07:49:03.7861903Z 
2025-09-11T07:49:03.7862839Z You are in 'detached HEAD' state. You can look around, make experimental
2025-09-11T07:49:03.7864721Z changes and commit them, and you can discard any commits you make in this
2025-09-11T07:49:03.7867019Z state without impacting any branches by switching back to a branch.
2025-09-11T07:49:03.7867725Z 
2025-09-11T07:49:03.7885642Z If you want to create a new branch to retain commits you create, you may
2025-09-11T07:49:03.7886980Z do so (now or later) by using -c with the switch command. Example:
2025-09-11T07:49:03.7887657Z 
2025-09-11T07:49:03.7888027Z   git switch -c <new-branch-name>
2025-09-11T07:49:03.7888662Z 
2025-09-11T07:49:03.7889037Z Or undo this operation with:
2025-09-11T07:49:03.7889481Z 
2025-09-11T07:49:03.7889846Z   git switch -
2025-09-11T07:49:03.7890357Z 
2025-09-11T07:49:03.7890912Z Turn off this advice by setting config variable advice.detachedHead to false
2025-09-11T07:49:03.7892306Z 
2025-09-11T07:49:03.7899169Z HEAD is now at a4e5c88 Merge 4d7538491204619ee077593d9b41ecda9841635d into 032e0c286f1161b571d7313b759da5e74c4c9fb4
2025-09-11T07:49:03.7905608Z ##[endgroup]
2025-09-11T07:49:03.7946685Z [command]/usr/bin/git log -1 --format=%H
2025-09-11T07:49:03.7970879Z a4e5c88403e2468312523e1ff628f265d57025a3
2025-09-11T07:49:03.8211339Z ##[group]Run actions/setup-node@v4
2025-09-11T07:49:03.8211673Z with:
2025-09-11T07:49:03.8211889Z   node-version: 18.x
2025-09-11T07:49:03.8212124Z   always-auth: false
2025-09-11T07:49:03.8212354Z   check-latest: false
2025-09-11T07:49:03.8212695Z   token: ***
2025-09-11T07:49:03.8212912Z ##[endgroup]
2025-09-11T07:49:04.0170221Z Found in cache @ /opt/hostedtoolcache/node/18.20.8/x64
2025-09-11T07:49:04.0184380Z ##[group]Environment details
2025-09-11T07:49:06.6701699Z node: v18.20.8
2025-09-11T07:49:06.6702786Z npm: 10.8.2
2025-09-11T07:49:06.6721853Z yarn: 1.22.22
2025-09-11T07:49:06.6723257Z ##[endgroup]
2025-09-11T07:49:06.6829734Z ##[group]Run cd dashboard/frontend
2025-09-11T07:49:06.6830100Z [36;1mcd dashboard/frontend[0m
2025-09-11T07:49:06.6830365Z [36;1mnpm ci --prefer-offline[0m
2025-09-11T07:49:06.6984777Z shell: /usr/bin/bash -e {0}
2025-09-11T07:49:06.6985052Z ##[endgroup]
2025-09-11T07:49:14.2532217Z npm warn deprecated rimraf@3.0.2: Rimraf versions prior to v4 are no longer supported
2025-09-11T07:49:14.9630564Z npm warn deprecated inflight@1.0.6: This module is not supported, and leaks memory. Do not use it. Check out lru-cache if you want a good and tested way to coalesce async requests by a key value, which is much more comprehensive and powerful.
2025-09-11T07:49:15.7414730Z npm warn deprecated domexception@4.0.0: Use your platform's native DOMException instead
2025-09-11T07:49:16.0736020Z npm warn deprecated abab@2.0.6: Use your platform's native atob() and btoa() methods instead
2025-09-11T07:49:16.4647662Z npm warn deprecated @humanwhocodes/object-schema@2.0.3: Use @eslint/object-schema instead
2025-09-11T07:49:16.4912441Z npm warn deprecated @humanwhocodes/config-array@0.13.0: Use @eslint/config-array instead
2025-09-11T07:49:16.6517162Z npm warn deprecated glob@7.2.3: Glob versions prior to v9 are no longer supported
2025-09-11T07:49:20.3799734Z npm warn deprecated eslint@8.57.1: This version is no longer supported. Please see https://eslint.org/version-support for other options.
2025-09-11T07:49:21.3505838Z 
2025-09-11T07:49:21.3507240Z added 589 packages, and audited 590 packages in 15s
2025-09-11T07:49:21.3517170Z 
2025-09-11T07:49:21.3517736Z 180 packages are looking for funding
2025-09-11T07:49:21.3518242Z   run `npm fund` for details
2025-09-11T07:49:21.3637094Z 
2025-09-11T07:49:21.3641533Z 3 moderate severity vulnerabilities
2025-09-11T07:49:21.3656653Z 
2025-09-11T07:49:21.3657551Z To address all issues (including breaking changes), run:
2025-09-11T07:49:21.3658581Z   npm audit fix --force
2025-09-11T07:49:21.3659040Z 
2025-09-11T07:49:21.3659423Z Run `npm audit` for details.
2025-09-11T07:49:23.7010360Z ##[group]Run actions/cache@v4
2025-09-11T07:49:23.7010668Z with:
2025-09-11T07:49:23.7010854Z   path: ~/.cache/ms-playwright
2025-09-11T07:49:23.7011580Z   key: playwright-browsers-Linux-34911ae93f909afeddde5938e9fc1ca836d04dd7ce1c0241dcb30629a1e2bd93
2025-09-11T07:49:23.7012095Z   restore-keys: playwright-browsers-Linux-

2025-09-11T07:49:23.7012380Z   enableCrossOsArchive: false
2025-09-11T07:49:23.7012675Z   fail-on-cache-miss: false
2025-09-11T07:49:23.7012886Z   lookup-only: false
2025-09-11T07:49:23.7013082Z   save-always: false
2025-09-11T07:49:23.7013264Z ##[endgroup]
2025-09-11T07:49:23.9572318Z Cache not found for input keys: playwright-browsers-Linux-34911ae93f909afeddde5938e9fc1ca836d04dd7ce1c0241dcb30629a1e2bd93, playwright-browsers-Linux-
2025-09-11T07:49:23.9660388Z ##[group]Run cd dashboard/frontend
2025-09-11T07:49:23.9660896Z [36;1mcd dashboard/frontend[0m
2025-09-11T07:49:23.9661562Z [36;1mfor i in 1 2 3; do[0m
2025-09-11T07:49:23.9662064Z [36;1m  npx playwright install --with-deps && break || true[0m
2025-09-11T07:49:23.9663052Z [36;1m  echo "playwright install failed, retrying ($i/3)..."[0m
2025-09-11T07:49:23.9663599Z [36;1m  sleep 5[0m
2025-09-11T07:49:23.9663926Z [36;1mdone[0m
2025-09-11T07:49:23.9708314Z shell: /usr/bin/bash -e {0}
2025-09-11T07:49:23.9708784Z ##[endgroup]
2025-09-11T07:49:25.5629334Z Installing dependencies...
2025-09-11T07:49:25.5703886Z Switching to root user to install dependencies...
2025-09-11T07:49:25.6834152Z Get:1 file:/etc/apt/apt-mirrors.txt Mirrorlist [144 B]
2025-09-11T07:49:25.7699611Z Hit:6 https://packages.microsoft.com/repos/azure-cli noble InRelease
2025-09-11T07:49:25.7701557Z Hit:2 http://azure.archive.ubuntu.com/ubuntu noble InRelease
2025-09-11T07:49:25.7722304Z Get:7 https://packages.microsoft.com/ubuntu/24.04/prod noble InRelease [3600 B]
2025-09-11T07:49:25.7752552Z Get:3 http://azure.archive.ubuntu.com/ubuntu noble-updates InRelease [126 kB]
2025-09-11T07:49:25.7822294Z Get:4 http://azure.archive.ubuntu.com/ubuntu noble-backports InRelease [126 kB]
2025-09-11T07:49:25.7884056Z Get:5 http://azure.archive.ubuntu.com/ubuntu noble-security InRelease [126 kB]
2025-09-11T07:49:26.0050783Z Get:8 https://packages.microsoft.com/ubuntu/24.04/prod noble/main arm64 Packages [35.3 kB]
2025-09-11T07:49:26.0317460Z Get:9 https://packages.microsoft.com/ubuntu/24.04/prod noble/main amd64 Packages [51.6 kB]
2025-09-11T07:49:26.0631758Z Get:10 http://azure.archive.ubuntu.com/ubuntu noble-updates/main amd64 Packages [1389 kB]
2025-09-11T07:49:26.0802997Z Get:11 http://azure.archive.ubuntu.com/ubuntu noble-updates/main Translation-en [274 kB]
2025-09-11T07:49:26.0844591Z Get:12 http://azure.archive.ubuntu.com/ubuntu noble-updates/main amd64 Components [175 kB]
2025-09-11T07:49:26.0862357Z Get:13 http://azure.archive.ubuntu.com/ubuntu noble-updates/main amd64 c-n-f Metadata [15.2 kB]
2025-09-11T07:49:26.0888801Z Get:14 http://azure.archive.ubuntu.com/ubuntu noble-updates/universe amd64 Packages [1482 kB]
2025-09-11T07:49:26.1071914Z Get:15 http://azure.archive.ubuntu.com/ubuntu noble-updates/universe Translation-en [298 kB]
2025-09-11T07:49:26.1158194Z Get:16 http://azure.archive.ubuntu.com/ubuntu noble-updates/universe amd64 Components [377 kB]
2025-09-11T07:49:26.1226604Z Get:17 http://azure.archive.ubuntu.com/ubuntu noble-updates/universe amd64 c-n-f Metadata [31.0 kB]
2025-09-11T07:49:26.1235711Z Get:18 http://azure.archive.ubuntu.com/ubuntu noble-updates/restricted amd64 Components [212 B]
2025-09-11T07:49:26.1244456Z Get:19 http://azure.archive.ubuntu.com/ubuntu noble-updates/multiverse amd64 Components [940 B]
2025-09-11T07:49:26.2505236Z Get:20 http://azure.archive.ubuntu.com/ubuntu noble-backports/main amd64 Components [7076 B]
2025-09-11T07:49:26.2550010Z Get:21 http://azure.archive.ubuntu.com/ubuntu noble-backports/universe amd64 Components [19.2 kB]
2025-09-11T07:49:26.2559338Z Get:22 http://azure.archive.ubuntu.com/ubuntu noble-backports/restricted amd64 Components [216 B]
2025-09-11T07:49:26.2567241Z Get:23 http://azure.archive.ubuntu.com/ubuntu noble-backports/multiverse amd64 Components [212 B]
2025-09-11T07:49:26.3043672Z Get:24 http://azure.archive.ubuntu.com/ubuntu noble-security/main amd64 Packages [1118 kB]
2025-09-11T07:49:26.3146943Z Get:25 http://azure.archive.ubuntu.com/ubuntu noble-security/main amd64 Components [21.6 kB]
2025-09-11T07:49:26.3160340Z Get:26 http://azure.archive.ubuntu.com/ubuntu noble-security/main amd64 c-n-f Metadata [8708 B]
2025-09-11T07:49:26.3169878Z Get:27 http://azure.archive.ubuntu.com/ubuntu noble-security/universe amd64 Packages [879 kB]
2025-09-11T07:49:26.3229262Z Get:28 http://azure.archive.ubuntu.com/ubuntu noble-security/universe amd64 Components [52.2 kB]
2025-09-11T07:49:26.3239888Z Get:29 http://azure.archive.ubuntu.com/ubuntu noble-security/restricted amd64 Components [212 B]
2025-09-11T07:49:26.3250261Z Get:30 http://azure.archive.ubuntu.com/ubuntu noble-security/multiverse amd64 Components [208 B]
2025-09-11T07:49:31.3761549Z Fetched 6618 kB in 1s (5805 kB/s)
2025-09-11T07:49:32.1305749Z Reading package lists...
2025-09-11T07:49:32.1846605Z Reading package lists...
2025-09-11T07:49:32.3846106Z Building dependency tree...
2025-09-11T07:49:32.3859466Z Reading state information...
2025-09-11T07:49:32.4019033Z libasound2t64 is already the newest version (1.2.11-1ubuntu0.1).
2025-09-11T07:49:32.4021651Z libasound2t64 set to manually installed.
2025-09-11T07:49:32.4027231Z libatk-bridge2.0-0t64 is already the newest version (2.52.0-1build1).
2025-09-11T07:49:32.4028000Z libatk-bridge2.0-0t64 set to manually installed.
2025-09-11T07:49:32.4028670Z libatk1.0-0t64 is already the newest version (2.52.0-1build1).
2025-09-11T07:49:32.4029273Z libatk1.0-0t64 set to manually installed.
2025-09-11T07:49:32.4029948Z libatspi2.0-0t64 is already the newest version (2.52.0-1build1).
2025-09-11T07:49:32.4030567Z libatspi2.0-0t64 set to manually installed.
2025-09-11T07:49:32.4031456Z libcairo2 is already the newest version (1.18.0-3build1).
2025-09-11T07:49:32.4032014Z libcairo2 set to manually installed.
2025-09-11T07:49:32.4032641Z libcups2t64 is already the newest version (2.4.7-1.2ubuntu7.3).
2025-09-11T07:49:32.4033244Z libcups2t64 set to manually installed.
2025-09-11T07:49:32.4033904Z libdbus-1-3 is already the newest version (1.14.10-4ubuntu4.1).
2025-09-11T07:49:32.4034480Z libdbus-1-3 set to manually installed.
2025-09-11T07:49:32.4035104Z libdrm2 is already the newest version (2.4.122-1~ubuntu0.24.04.1).
2025-09-11T07:49:32.4035688Z libdrm2 set to manually installed.
2025-09-11T07:49:32.4036290Z libgbm1 is already the newest version (25.0.7-0ubuntu0.24.04.2).
2025-09-11T07:49:32.4036852Z libgbm1 set to manually installed.
2025-09-11T07:49:32.4037465Z libglib2.0-0t64 is already the newest version (2.80.0-6ubuntu3.4).
2025-09-11T07:49:32.4038086Z libglib2.0-0t64 set to manually installed.
2025-09-11T07:49:32.4038697Z libnspr4 is already the newest version (2:4.35-1.1build1).
2025-09-11T07:49:32.4039257Z libnspr4 set to manually installed.
2025-09-11T07:49:32.4039811Z libnss3 is already the newest version (2:3.98-1build1).
2025-09-11T07:49:32.4040345Z libnss3 set to manually installed.
2025-09-11T07:49:32.4040955Z libpango-1.0-0 is already the newest version (1.52.1+ds-1build1).
2025-09-11T07:49:32.4066465Z libpango-1.0-0 set to manually installed.
2025-09-11T07:49:32.4067127Z libx11-6 is already the newest version (2:1.8.7-1build1).
2025-09-11T07:49:32.4067717Z libx11-6 set to manually installed.
2025-09-11T07:49:32.4068299Z libxcb1 is already the newest version (1.15-1ubuntu2).
2025-09-11T07:49:32.4068869Z libxcb1 set to manually installed.
2025-09-11T07:49:32.4069532Z libxcomposite1 is already the newest version (1:0.4.5-1build3).
2025-09-11T07:49:32.4070180Z libxcomposite1 set to manually installed.
2025-09-11T07:49:32.4070852Z libxdamage1 is already the newest version (1:1.1.6-1build1).
2025-09-11T07:49:32.4071641Z libxdamage1 set to manually installed.
2025-09-11T07:49:32.4072247Z libxext6 is already the newest version (2:1.3.4-1build2).
2025-09-11T07:49:32.4072816Z libxext6 set to manually installed.
2025-09-11T07:49:32.4073416Z libxfixes3 is already the newest version (1:6.0.0-2build1).
2025-09-11T07:49:32.4073996Z libxfixes3 set to manually installed.
2025-09-11T07:49:32.4074688Z libxkbcommon0 is already the newest version (1.6.0-1build1).
2025-09-11T07:49:32.4075332Z libxkbcommon0 set to manually installed.
2025-09-11T07:49:32.4075977Z libxrandr2 is already the newest version (2:1.5.2-2build1).
2025-09-11T07:49:32.4076578Z libxrandr2 set to manually installed.
2025-09-11T07:49:32.4077193Z libcairo-gobject2 is already the newest version (1.18.0-3build1).
2025-09-11T07:49:32.4077794Z libcairo-gobject2 set to manually installed.
2025-09-11T07:49:32.4078391Z libfontconfig1 is already the newest version (2.15.0-1.1ubuntu2).
2025-09-11T07:49:32.4079353Z libfontconfig1 set to manually installed.
2025-09-11T07:49:32.4079996Z libfreetype6 is already the newest version (2.13.2+dfsg-1build3).
2025-09-11T07:49:32.4080576Z libfreetype6 set to manually installed.
2025-09-11T07:49:32.4103451Z libgdk-pixbuf-2.0-0 is already the newest version (2.42.10+dfsg-3ubuntu3.2).
2025-09-11T07:49:32.4104486Z libgdk-pixbuf-2.0-0 set to manually installed.
2025-09-11T07:49:32.4105101Z libgtk-3-0t64 is already the newest version (3.24.41-4ubuntu1.3).
2025-09-11T07:49:32.4105655Z libgtk-3-0t64 set to manually installed.
2025-09-11T07:49:32.4106273Z libpangocairo-1.0-0 is already the newest version (1.52.1+ds-1build1).
2025-09-11T07:49:32.4106921Z libpangocairo-1.0-0 set to manually installed.
2025-09-11T07:49:32.4107500Z libx11-xcb1 is already the newest version (2:1.8.7-1build1).
2025-09-11T07:49:32.4108047Z libx11-xcb1 set to manually installed.
2025-09-11T07:49:32.4108595Z libxcb-shm0 is already the newest version (1.15-1ubuntu2).
2025-09-11T07:49:32.4109133Z libxcb-shm0 set to manually installed.
2025-09-11T07:49:32.4109665Z libxcursor1 is already the newest version (1:1.2.1-1build1).
2025-09-11T07:49:32.4110177Z libxcursor1 set to manually installed.
2025-09-11T07:49:32.4110691Z libxi6 is already the newest version (2:1.8.1-1build1).
2025-09-11T07:49:32.4111379Z libxi6 set to manually installed.
2025-09-11T07:49:32.4111957Z libxrender1 is already the newest version (1:0.9.10-1.1build1).
2025-09-11T07:49:32.4112621Z libxrender1 set to manually installed.
2025-09-11T07:49:32.4113197Z libicu74 is already the newest version (74.2-1ubuntu3.1).
2025-09-11T07:49:32.4113692Z libicu74 set to manually installed.
2025-09-11T07:49:32.4114271Z libatomic1 is already the newest version (14.2.0-4ubuntu2~24.04).
2025-09-11T07:49:32.4114850Z libatomic1 set to manually installed.
2025-09-11T07:49:32.4115436Z libenchant-2-2 is already the newest version (2.3.3-2build2).
2025-09-11T07:49:32.4116004Z libenchant-2-2 set to manually installed.
2025-09-11T07:49:32.4116541Z libepoxy0 is already the newest version (1.5.10-1build1).
2025-09-11T07:49:32.4117062Z libepoxy0 set to manually installed.
2025-09-11T07:49:32.4117654Z libgstreamer1.0-0 is already the newest version (1.24.2-1ubuntu0.1).
2025-09-11T07:49:32.4118263Z libgstreamer1.0-0 set to manually installed.
2025-09-11T07:49:32.4118879Z libharfbuzz0b is already the newest version (8.3.0-2build2).
2025-09-11T07:49:32.4119453Z libharfbuzz0b set to manually installed.
2025-09-11T07:49:32.4120065Z libjpeg-turbo8 is already the newest version (2.1.5-2ubuntu2).
2025-09-11T07:49:32.4120645Z libjpeg-turbo8 set to manually installed.
2025-09-11T07:49:32.4124691Z liblcms2-2 is already the newest version (2.14-2build1).
2025-09-11T07:49:32.5788262Z liblcms2-2 set to manually installed.
2025-09-11T07:49:32.5799756Z libpng16-16t64 is already the newest version (1.6.43-5build1).
2025-09-11T07:49:32.5801632Z libpng16-16t64 set to manually installed.
2025-09-11T07:49:32.5802382Z libwayland-client0 is already the newest version (1.22.0-2.1build1).
2025-09-11T07:49:32.5803122Z libwayland-client0 set to manually installed.
2025-09-11T07:49:32.5803924Z libwayland-egl1 is already the newest version (1.22.0-2.1build1).
2025-09-11T07:49:32.5804598Z libwayland-egl1 set to manually installed.
2025-09-11T07:49:32.5805262Z libwayland-server0 is already the newest version (1.22.0-2.1build1).
2025-09-11T07:49:32.5805925Z libwayland-server0 set to manually installed.
2025-09-11T07:49:32.5806561Z libwebp7 is already the newest version (1.3.2-0.4build3).
2025-09-11T07:49:32.5807145Z libwebp7 set to manually installed.
2025-09-11T07:49:32.5807791Z libwebpdemux2 is already the newest version (1.3.2-0.4build3).
2025-09-11T07:49:32.5808441Z libwebpdemux2 set to manually installed.
2025-09-11T07:49:32.5809152Z libxslt1.1 is already the newest version (1.1.39-0exp1ubuntu0.24.04.2).
2025-09-11T07:49:32.5809804Z libxslt1.1 set to manually installed.
2025-09-11T07:49:32.5810426Z xvfb is already the newest version (2:21.1.12-1ubuntu1.4).
2025-09-11T07:49:32.5811769Z fonts-noto-color-emoji is already the newest version (2.047-0ubuntu0.24.04.1).
2025-09-11T07:49:32.5812637Z fonts-liberation is already the newest version (1:2.1.5-3).
2025-09-11T07:49:32.5813274Z fonts-liberation set to manually installed.
2025-09-11T07:49:32.5813899Z The following additional packages will be installed:
2025-09-11T07:49:32.5814780Z   glib-networking glib-networking-common glib-networking-services
2025-09-11T07:49:32.5815597Z   gsettings-desktop-schemas libaa1 libabsl20220623t64 libass9 libasyncns0
2025-09-11T07:49:32.5816474Z   libavc1394-0 libavcodec60 libavfilter9 libavformat60 libavtp0 libavutil58
2025-09-11T07:49:32.5817329Z   libblas3 libbluray2 libbs2b0 libcaca0 libcairo-script-interpreter2
2025-09-11T07:49:32.5817914Z   libcdparanoia0 libchromaprint1 libcjson1 libcodec2-1.2 libdav1d7
2025-09-11T07:49:32.5818428Z   libdc1394-25 libdca0 libdecor-0-0 libdirectfb-1.7-7t64 libdv4t64 libdvdnav4
2025-09-11T07:49:32.5818935Z   libdvdread8t64 libegl-mesa0 libegl1 libfaad2 libflac12t64 libfluidsynth3
2025-09-11T07:49:32.5819432Z   libfreeaptx0 libgav1-1 libgme0 libgraphene-1.0-0 libgsm1 libgssdp-1.6-0
2025-09-11T07:49:32.5819930Z   libgstreamer-plugins-good1.0-0 libgtk-4-common libgupnp-1.6-0
2025-09-11T07:49:32.5820597Z   libgupnp-igd-1.6-0 libhwy1t64 libiec61883-0 libimath-3-1-29t64
2025-09-11T07:49:32.5821351Z   libinstpatch-1.0-2 libjack-jackd2-0 libjxl0.7 liblapack3 liblc3-1
2025-09-11T07:49:32.5821838Z   libldacbt-enc2 liblilv-0-0 liblrdf0 libltc11 libmbedcrypto7t64 libmfx1
2025-09-11T07:49:32.5822287Z   libmjpegutils-2.1-0t64 libmodplug1 libmp3lame0 libmpcdec6
2025-09-11T07:49:32.5822727Z   libmpeg2encpp-2.1-0t64 libmpg123-0t64 libmplex2-2.1-0t64 libmysofa1
2025-09-11T07:49:32.5823192Z   libneon27t64 libnice10 libopenal-data libopenal1 libopenexr-3-1-30
2025-09-11T07:49:32.5823625Z   libopenh264-7 libopenmpt0t64 libopenni2-0 liborc-0.4-0t64
2025-09-11T07:49:32.5824311Z   libpipewire-0.3-0t64 libplacebo338 libpocketsphinx3 libpostproc57
2025-09-11T07:49:32.5825111Z   libproxy1v5 libpulse0 libqrencode4 libraptor2-0 librav1e0 libraw1394-11
2025-09-11T07:49:32.5826005Z   librist4 librsvg2-2 librubberband2 libsamplerate0 libsbc1 libsdl2-2.0-0
2025-09-11T07:49:32.5826875Z   libsecret-common libserd-0-0 libshine3 libshout3 libsndfile1 libsndio7.0
2025-09-11T07:49:32.5827417Z   libsord-0-0 libsoundtouch1 libsoup-3.0-0 libsoup-3.0-common libsoxr0
2025-09-11T07:49:32.5827934Z   libspa-0.2-modules libspandsp2t64 libspeex1 libsphinxbase3t64 libsratom-0-0
2025-09-11T07:49:32.5828453Z   libsrt1.5-gnutls libsrtp2-1 libssh-gcrypt-4 libsvtav1enc1d1 libswresample4
2025-09-11T07:49:32.5828967Z   libswscale7 libtag1v5 libtag1v5-vanilla libtheora0 libtwolame0 libudfread0
2025-09-11T07:49:32.5829467Z   libunibreak5 libv4l-0t64 libv4lconvert0t64 libva-drm2 libva-x11-2 libva2
2025-09-11T07:49:32.5830191Z   libvdpau1 libvidstab1.1 libvisual-0.4-0 libvo-aacenc0 libvo-amrwbenc0
2025-09-11T07:49:32.5831303Z   libvorbisenc2 libvpl2 libwavpack1 libwebrtc-audio-processing1 libwildmidi2
2025-09-11T07:49:32.5832301Z   libx265-199 libxcb-xkb1 libxkbcommon-x11-0 libxml2-dev libxvidcore4 libyuv0
2025-09-11T07:49:32.5832826Z   libzbar0t64 libzimg2 libzix-0-0 libzvbi-common libzvbi0t64 libzxing3
2025-09-11T07:49:32.5833334Z   ocl-icd-libopencl1 session-migration timgm6mb-soundfont xfonts-encodings
2025-09-11T07:49:32.5833684Z   xfonts-utils
2025-09-11T07:49:32.5833962Z Suggested packages:
2025-09-11T07:49:32.5834637Z   frei0r-plugins gvfs libcuda1 libnvcuvid1 libnvidia-encode1 libbluray-bdj
2025-09-11T07:49:32.5835581Z   libdirectfb-extra libdv-bin oss-compat libdvdcss2 libvisual-0.4-plugins
2025-09-11T07:49:32.5836498Z   jackd2 liblrdf0-dev libportaudio2 opus-tools pipewire pulseaudio
2025-09-11T07:49:32.5837344Z   raptor2-utils libraw1394-doc librsvg2-bin serdi sndiod sordi speex
2025-09-11T07:49:32.5838084Z   libwildmidi-config opencl-icd fluid-soundfont-gm
2025-09-11T07:49:32.5838617Z Recommended packages:
2025-09-11T07:49:32.5839161Z   fonts-ipafont-mincho fonts-tlwg-loma gstreamer1.0-x libaacs0
2025-09-11T07:49:32.5840153Z   default-libdecor-0-plugin-1 | libdecor-0-plugin-1 gstreamer1.0-gl
2025-09-11T07:49:32.5841064Z   libgtk-4-bin librsvg2-common libgtk-4-media-gstreamer libpipewire-0.3-common
2025-09-11T07:49:32.5842189Z   pocketsphinx-en-us va-driver-all | va-driver vdpau-driver-all | vdpau-driver
2025-09-11T07:49:32.5842858Z   libmagickcore-6.q16-7-extra
2025-09-11T07:49:32.6512716Z The following NEW packages will be installed:
2025-09-11T07:49:32.6514991Z   fonts-freefont-ttf fonts-ipafont-gothic fonts-tlwg-loma-otf fonts-unifont
2025-09-11T07:49:32.6518278Z   fonts-wqy-zenhei glib-networking glib-networking-common
2025-09-11T07:49:32.6519154Z   glib-networking-services gsettings-desktop-schemas gstreamer1.0-libav
2025-09-11T07:49:32.6520166Z   gstreamer1.0-plugins-bad gstreamer1.0-plugins-base gstreamer1.0-plugins-good
2025-09-11T07:49:32.6521297Z   libaa1 libabsl20220623t64 libass9 libasyncns0 libavc1394-0 libavcodec60
2025-09-11T07:49:32.6522208Z   libavfilter9 libavformat60 libavif16 libavtp0 libavutil58 libblas3
2025-09-11T07:49:32.6523199Z   libbluray2 libbs2b0 libcaca0 libcairo-script-interpreter2 libcdparanoia0
2025-09-11T07:49:32.6524163Z   libchromaprint1 libcjson1 libcodec2-1.2 libdav1d7 libdc1394-25 libdca0
2025-09-11T07:49:32.6525085Z   libdecor-0-0 libdirectfb-1.7-7t64 libdv4t64 libdvdnav4 libdvdread8t64
2025-09-11T07:49:32.6526030Z   libegl-mesa0 libegl1 libevent-2.1-7t64 libfaad2 libflac12t64 libflite1
2025-09-11T07:49:32.6526976Z   libfluidsynth3 libfreeaptx0 libgav1-1 libgles2 libgme0 libgraphene-1.0-0
2025-09-11T07:49:32.6527948Z   libgsm1 libgssdp-1.6-0 libgstreamer-gl1.0-0 libgstreamer-plugins-bad1.0-0
2025-09-11T07:49:32.6528813Z   libgstreamer-plugins-base1.0-0 libgstreamer-plugins-good1.0-0 libgtk-4-1
2025-09-11T07:49:32.6529581Z   libgtk-4-common libgupnp-1.6-0 libgupnp-igd-1.6-0 libharfbuzz-icu0
2025-09-11T07:49:32.6530344Z   libhwy1t64 libhyphen0 libiec61883-0 libimath-3-1-29t64 libinstpatch-1.0-2
2025-09-11T07:49:32.6531311Z   libjack-jackd2-0 libjxl0.7 liblapack3 liblc3-1 libldacbt-enc2 liblilv-0-0
2025-09-11T07:49:32.6532092Z   liblrdf0 libltc11 libmanette-0.2-0 libmbedcrypto7t64 libmfx1
2025-09-11T07:49:32.6532810Z   libmjpegutils-2.1-0t64 libmodplug1 libmp3lame0 libmpcdec6
2025-09-11T07:49:32.6533576Z   libmpeg2encpp-2.1-0t64 libmpg123-0t64 libmplex2-2.1-0t64 libmysofa1
2025-09-11T07:49:32.6534365Z   libneon27t64 libnice10 libopenal-data libopenal1 libopenexr-3-1-30
2025-09-11T07:49:32.6535177Z   libopenh264-7 libopenmpt0t64 libopenni2-0 libopus0 liborc-0.4-0t64
2025-09-11T07:49:32.6535944Z   libpipewire-0.3-0t64 libplacebo338 libpocketsphinx3 libpostproc57
2025-09-11T07:49:32.6551727Z   libproxy1v5 libpulse0 libqrencode4 libraptor2-0 librav1e0 libraw1394-11
2025-09-11T07:49:32.6552693Z   librist4 librsvg2-2 librubberband2 libsamplerate0 libsbc1 libsdl2-2.0-0
2025-09-11T07:49:32.6553594Z   libsecret-1-0 libsecret-common libserd-0-0 libshine3 libshout3 libsndfile1
2025-09-11T07:49:32.6554444Z   libsndio7.0 libsord-0-0 libsoundtouch1 libsoup-3.0-0 libsoup-3.0-common
2025-09-11T07:49:32.6562079Z   libsoxr0 libspa-0.2-modules libspandsp2t64 libspeex1 libsphinxbase3t64
2025-09-11T07:49:32.6562929Z   libsratom-0-0 libsrt1.5-gnutls libsrtp2-1 libssh-gcrypt-4 libsvtav1enc1d1
2025-09-11T07:49:32.6563750Z   libswresample4 libswscale7 libtag1v5 libtag1v5-vanilla libtheora0
2025-09-11T07:49:32.6564540Z   libtwolame0 libudfread0 libunibreak5 libv4l-0t64 libv4lconvert0t64
2025-09-11T07:49:32.6565343Z   libva-drm2 libva-x11-2 libva2 libvdpau1 libvidstab1.1 libvisual-0.4-0
2025-09-11T07:49:32.6566170Z   libvo-aacenc0 libvo-amrwbenc0 libvorbisenc2 libvpl2 libvpx9 libwavpack1
2025-09-11T07:49:32.6567039Z   libwebrtc-audio-processing1 libwildmidi2 libwoff1 libx264-164 libx265-199
2025-09-11T07:49:32.6567900Z   libxcb-xkb1 libxkbcommon-x11-0 libxvidcore4 libyuv0 libzbar0t64 libzimg2
2025-09-11T07:49:32.6568700Z   libzix-0-0 libzvbi-common libzvbi0t64 libzxing3 ocl-icd-libopencl1
2025-09-11T07:49:32.6569516Z   session-migration timgm6mb-soundfont xfonts-cyrillic xfonts-encodings
2025-09-11T07:49:32.6570176Z   xfonts-scalable xfonts-utils
2025-09-11T07:49:32.6571019Z The following packages will be upgraded:
2025-09-11T07:49:32.6571607Z   libxml2 libxml2-dev
2025-09-11T07:49:32.6782439Z 2 upgraded, 179 newly installed, 0 to remove and 15 not upgraded.
2025-09-11T07:49:32.6788094Z Need to get 115 MB of archives.
2025-09-11T07:49:32.6788804Z After this operation, 363 MB of additional disk space will be used.
2025-09-11T07:49:32.6789844Z Get:1 file:/etc/apt/apt-mirrors.txt Mirrorlist [144 B]
2025-09-11T07:49:32.7116272Z Get:2 http://azure.archive.ubuntu.com/ubuntu noble/universe amd64 fonts-ipafont-gothic all 00303-21ubuntu1 [3513 kB]
2025-09-11T07:49:32.8762862Z Get:3 http://azure.archive.ubuntu.com/ubuntu noble-updates/main amd64 libxml2-dev amd64 2.9.14+dfsg-1.3ubuntu3.5 [781 kB]
2025-09-11T07:49:32.9207502Z Get:4 http://azure.archive.ubuntu.com/ubuntu noble-updates/main amd64 libxml2 amd64 2.9.14+dfsg-1.3ubuntu3.5 [763 kB]
2025-09-11T07:49:32.9730536Z Get:5 http://azure.archive.ubuntu.com/ubuntu noble/main amd64 fonts-freefont-ttf all 20211204+svn4273-2 [5641 kB]
2025-09-11T07:49:33.1447698Z Get:6 http://azure.archive.ubuntu.com/ubuntu noble/universe amd64 fonts-tlwg-loma-otf all 1:0.7.3-1 [107 kB]
2025-09-11T07:49:33.1631741Z Get:7 http://azure.archive.ubuntu.com/ubuntu noble/universe amd64 fonts-unifont all 1:15.1.01-1build1 [2993 kB]
2025-09-11T07:49:33.2618792Z Get:8 http://azure.archive.ubuntu.com/ubuntu noble/universe amd64 fonts-wqy-zenhei all 0.9.45-8 [7472 kB]
2025-09-11T07:49:33.4416503Z Get:9 http://azure.archive.ubuntu.com/ubuntu noble/main amd64 libproxy1v5 amd64 0.5.4-4build1 [26.5 kB]
2025-09-11T07:49:33.4572085Z Get:10 http://azure.archive.ubuntu.com/ubuntu noble/main amd64 glib-networking-common all 2.80.0-1build1 [6702 B]
2025-09-11T07:49:33.4743104Z Get:11 http://azure.archive.ubuntu.com/ubuntu noble/main amd64 glib-networking-services amd64 2.80.0-1build1 [12.8 kB]
2025-09-11T07:49:33.4900277Z Get:12 http://azure.archive.ubuntu.com/ubuntu noble/main amd64 session-migration amd64 0.3.9build1 [9034 B]
2025-09-11T07:49:33.5056325Z Get:13 http://azure.archive.ubuntu.com/ubuntu noble-updates/main amd64 gsettings-desktop-schemas all 46.1-0ubuntu1 [35.6 kB]
2025-09-11T07:49:33.5226010Z Get:14 http://azure.archive.ubuntu.com/ubuntu noble/main amd64 glib-networking amd64 2.80.0-1build1 [64.1 kB]
2025-09-11T07:49:33.5385713Z Get:15 http://azure.archive.ubuntu.com/ubuntu noble/universe amd64 libva2 amd64 2.20.0-2build1 [66.2 kB]
2025-09-11T07:49:33.5549801Z Get:16 http://azure.archive.ubuntu.com/ubuntu noble/universe amd64 libva-drm2 amd64 2.20.0-2build1 [7124 B]
2025-09-11T07:49:33.5709425Z Get:17 http://azure.archive.ubuntu.com/ubuntu noble/universe amd64 libva-x11-2 amd64 2.20.0-2build1 [12.0 kB]
2025-09-11T07:49:33.5864341Z Get:18 http://azure.archive.ubuntu.com/ubuntu noble/main amd64 libvdpau1 amd64 1.5-2build1 [27.8 kB]
2025-09-11T07:49:33.6025052Z Get:19 http://azure.archive.ubuntu.com/ubuntu noble/universe amd64 libvpl2 amd64 2023.3.0-1build1 [99.8 kB]
2025-09-11T07:49:33.6639446Z Get:20 http://azure.archive.ubuntu.com/ubuntu noble/universe amd64 ocl-icd-libopencl1 amd64 2.3.2-1build1 [38.5 kB]
2025-09-11T07:49:33.6922797Z Get:21 http://azure.archive.ubuntu.com/ubuntu noble/universe amd64 libavutil58 amd64 7:6.1.1-3ubuntu5 [401 kB]
2025-09-11T07:49:33.7126861Z Get:22 http://azure.archive.ubuntu.com/ubuntu noble/universe amd64 libcodec2-1.2 amd64 1.2.0-2build1 [8998 kB]
2025-09-11T07:49:33.9098335Z Get:23 http://azure.archive.ubuntu.com/ubuntu noble/universe amd64 libdav1d7 amd64 1.4.1-1build1 [604 kB]
2025-09-11T07:49:33.9368356Z Get:24 http://azure.archive.ubuntu.com/ubuntu noble/universe amd64 libgsm1 amd64 1.0.22-1build1 [27.8 kB]
2025-09-11T07:49:33.9541602Z Get:25 http://azure.archive.ubuntu.com/ubuntu noble/universe amd64 libhwy1t64 amd64 1.0.7-8.1build1 [584 kB]
2025-09-11T07:49:33.9884255Z Get:26 http://azure.archive.ubuntu.com/ubuntu noble-updates/universe amd64 libjxl0.7 amd64 0.7.0-10.2ubuntu6.1 [1001 kB]
2025-09-11T07:49:34.0254652Z Get:27 http://azure.archive.ubuntu.com/ubuntu noble/main amd64 libmp3lame0 amd64 3.100-6build1 [142 kB]
2025-09-11T07:49:34.0435716Z Get:28 http://azure.archive.ubuntu.com/ubuntu noble/main amd64 libopus0 amd64 1.4-1build1 [208 kB]
2025-09-11T07:49:34.0666862Z Get:29 http://azure.archive.ubuntu.com/ubuntu noble/universe amd64 librav1e0 amd64 0.7.1-2 [1022 kB]
2025-09-11T07:49:34.1128814Z Get:30 http://azure.archive.ubuntu.com/ubuntu noble/main amd64 librsvg2-2 amd64 2.58.0+dfsg-1build1 [2135 kB]
2025-09-11T07:49:34.1800310Z Get:31 http://azure.archive.ubuntu.com/ubuntu noble/universe amd64 libshine3 amd64 3.1.1-2build1 [23.2 kB]
2025-09-11T07:49:34.1968839Z Get:32 http://azure.archive.ubuntu.com/ubuntu noble-updates/main amd64 libspeex1 amd64 1.2.1-2ubuntu2.24.04.1 [59.6 kB]
2025-09-11T07:49:34.2148737Z Get:33 http://azure.archive.ubuntu.com/ubuntu noble/universe amd64 libsvtav1enc1d1 amd64 1.7.0+dfsg-2build1 [2425 kB]
2025-09-11T07:49:34.2852091Z Get:34 http://azure.archive.ubuntu.com/ubuntu noble/universe amd64 libsoxr0 amd64 0.1.3-4build3 [80.0 kB]
2025-09-11T07:49:34.3026718Z Get:35 http://azure.archive.ubuntu.com/ubuntu noble/universe amd64 libswresample4 amd64 7:6.1.1-3ubuntu5 [63.8 kB]
2025-09-11T07:49:34.3252559Z Get:36 http://azure.archive.ubuntu.com/ubuntu noble/main amd64 libtheora0 amd64 1.1.1+dfsg.1-16.1build3 [211 kB]
2025-09-11T07:49:34.3462966Z Get:37 http://azure.archive.ubuntu.com/ubuntu noble/main amd64 libtwolame0 amd64 0.4.0-2build3 [52.3 kB]
2025-09-11T07:49:34.3624782Z Get:38 http://azure.archive.ubuntu.com/ubuntu noble/main amd64 libvorbisenc2 amd64 1.3.7-1build3 [80.8 kB]
2025-09-11T07:49:34.4235775Z Get:39 http://azure.archive.ubuntu.com/ubuntu noble-updates/main amd64 libvpx9 amd64 1.14.0-1ubuntu2.2 [1143 kB]
2025-09-11T07:49:34.4659017Z Get:40 http://azure.archive.ubuntu.com/ubuntu noble/universe amd64 libx264-164 amd64 2:0.164.3108+git31e19f9-1 [604 kB]
2025-09-11T07:49:34.4963315Z Get:41 http://azure.archive.ubuntu.com/ubuntu noble/universe amd64 libx265-199 amd64 3.5-2build1 [1226 kB]
2025-09-11T07:49:34.5404691Z Get:42 http://azure.archive.ubuntu.com/ubuntu noble/universe amd64 libxvidcore4 amd64 2:1.3.7-1build1 [219 kB]
2025-09-11T07:49:34.5599420Z Get:43 http://azure.archive.ubuntu.com/ubuntu noble/universe amd64 libzvbi-common all 0.2.42-2 [42.4 kB]
2025-09-11T07:49:34.5771303Z Get:44 http://azure.archive.ubuntu.com/ubuntu noble/universe amd64 libzvbi0t64 amd64 0.2.42-2 [261 kB]
2025-09-11T07:49:34.5967775Z Get:45 http://azure.archive.ubuntu.com/ubuntu noble/universe amd64 libavcodec60 amd64 7:6.1.1-3ubuntu5 [5851 kB]
2025-09-11T07:49:34.7150747Z Get:46 http://azure.archive.ubuntu.com/ubuntu noble/universe amd64 libunibreak5 amd64 5.1-2build1 [25.0 kB]
2025-09-11T07:49:34.7312354Z Get:47 http://azure.archive.ubuntu.com/ubuntu noble/universe amd64 libass9 amd64 1:0.17.1-2build1 [104 kB]
2025-09-11T07:49:34.7467270Z Get:48 http://azure.archive.ubuntu.com/ubuntu noble/universe amd64 libudfread0 amd64 1.1.2-1build1 [19.0 kB]
2025-09-11T07:49:34.7623396Z Get:49 http://azure.archive.ubuntu.com/ubuntu noble/universe amd64 libbluray2 amd64 1:1.3.4-1build1 [159 kB]
2025-09-11T07:49:34.7790495Z Get:50 http://azure.archive.ubuntu.com/ubuntu noble/universe amd64 libchromaprint1 amd64 1.5.1-5 [30.5 kB]
2025-09-11T07:49:34.7957549Z Get:51 http://azure.archive.ubuntu.com/ubuntu noble/universe amd64 libgme0 amd64 0.6.3-7build1 [134 kB]
2025-09-11T07:49:34.8129527Z Get:52 http://azure.archive.ubuntu.com/ubuntu noble-updates/main amd64 libmpg123-0t64 amd64 1.32.5-1ubuntu1.1 [169 kB]
2025-09-11T07:49:34.8297397Z Get:53 http://azure.archive.ubuntu.com/ubuntu noble/universe amd64 libopenmpt0t64 amd64 0.7.3-1.1build3 [647 kB]
2025-09-11T07:49:34.8637614Z Get:54 http://azure.archive.ubuntu.com/ubuntu noble/universe amd64 libcjson1 amd64 1.7.17-1 [24.8 kB]
2025-09-11T07:49:34.8796363Z Get:55 http://azure.archive.ubuntu.com/ubuntu noble/universe amd64 libmbedcrypto7t64 amd64 2.28.8-1 [209 kB]
2025-09-11T07:49:34.8983337Z Get:56 http://azure.archive.ubuntu.com/ubuntu noble/universe amd64 librist4 amd64 0.2.10+dfsg-2 [74.9 kB]
2025-09-11T07:49:34.9154730Z Get:57 http://azure.archive.ubuntu.com/ubuntu noble/universe amd64 libsrt1.5-gnutls amd64 1.5.3-1build2 [316 kB]
2025-09-11T07:49:34.9761679Z Get:58 http://azure.archive.ubuntu.com/ubuntu noble-updates/main amd64 libssh-gcrypt-4 amd64 0.10.6-2ubuntu0.1 [224 kB]
2025-09-11T07:49:34.9940896Z Get:59 http://azure.archive.ubuntu.com/ubuntu noble/universe amd64 libavformat60 amd64 7:6.1.1-3ubuntu5 [1153 kB]
2025-09-11T07:49:35.0362574Z Get:60 http://azure.archive.ubuntu.com/ubuntu noble/universe amd64 libbs2b0 amd64 3.1.0+dfsg-7build1 [10.6 kB]
2025-09-11T07:49:35.0518645Z Get:61 http://azure.archive.ubuntu.com/ubuntu noble/universe amd64 libflite1 amd64 2.2-6build3 [13.6 MB]
2025-09-11T07:49:35.4961628Z Get:62 http://azure.archive.ubuntu.com/ubuntu noble/universe amd64 libserd-0-0 amd64 0.32.2-1 [43.6 kB]
2025-09-11T07:49:35.5119547Z Get:63 http://azure.archive.ubuntu.com/ubuntu noble/universe amd64 libzix-0-0 amd64 0.4.2-2build1 [23.6 kB]
2025-09-11T07:49:35.5273625Z Get:64 http://azure.archive.ubuntu.com/ubuntu noble/universe amd64 libsord-0-0 amd64 0.16.16-2build1 [15.8 kB]
2025-09-11T07:49:35.5433054Z Get:65 http://azure.archive.ubuntu.com/ubuntu noble/universe amd64 libsratom-0-0 amd64 0.6.16-1build1 [17.3 kB]
2025-09-11T07:49:35.5582899Z Get:66 http://azure.archive.ubuntu.com/ubuntu noble/universe amd64 liblilv-0-0 amd64 0.24.22-1build1 [41.0 kB]
2025-09-11T07:49:35.5743070Z Get:67 http://azure.archive.ubuntu.com/ubuntu noble/universe amd64 libmysofa1 amd64 1.3.2+dfsg-2ubuntu2 [1158 kB]
2025-09-11T07:49:35.6140676Z Get:68 http://azure.archive.ubuntu.com/ubuntu noble/universe amd64 libplacebo338 amd64 6.338.2-2build1 [2654 kB]
2025-09-11T07:49:35.6766123Z Get:69 http://azure.archive.ubuntu.com/ubuntu noble-updates/main amd64 libblas3 amd64 3.12.0-3build1.1 [238 kB]
2025-09-11T07:49:35.6941808Z Get:70 http://azure.archive.ubuntu.com/ubuntu noble-updates/main amd64 liblapack3 amd64 3.12.0-3build1.1 [2646 kB]
2025-09-11T07:49:35.7574580Z Get:71 http://azure.archive.ubuntu.com/ubuntu noble/main amd64 libasyncns0 amd64 0.8-6build4 [11.3 kB]
2025-09-11T07:49:35.7731799Z Get:72 http://azure.archive.ubuntu.com/ubuntu noble/main amd64 libflac12t64 amd64 1.4.3+ds-2.1ubuntu2 [197 kB]
2025-09-11T07:49:35.7913871Z Get:73 http://azure.archive.ubuntu.com/ubuntu noble-updates/main amd64 libsndfile1 amd64 1.2.2-1ubuntu5.24.04.1 [209 kB]
2025-09-11T07:49:35.8093169Z Get:74 http://azure.archive.ubuntu.com/ubuntu noble-updates/main amd64 libpulse0 amd64 1:16.1+dfsg1-2ubuntu10.1 [292 kB]
2025-09-11T07:49:35.8289683Z Get:75 http://azure.archive.ubuntu.com/ubuntu noble/universe amd64 libsphinxbase3t64 amd64 0.8+5prealpha+1-17build2 [126 kB]
2025-09-11T07:49:35.8913136Z Get:76 http://azure.archive.ubuntu.com/ubuntu noble/universe amd64 libpocketsphinx3 amd64 0.8.0+real5prealpha+1-15ubuntu5 [133 kB]
2025-09-11T07:49:35.9129106Z Get:77 http://azure.archive.ubuntu.com/ubuntu noble/universe amd64 libpostproc57 amd64 7:6.1.1-3ubuntu5 [49.9 kB]
2025-09-11T07:49:35.9312848Z Get:78 http://azure.archive.ubuntu.com/ubuntu noble/main amd64 libsamplerate0 amd64 0.2.2-4build1 [1344 kB]
2025-09-11T07:49:35.9844376Z Get:79 http://azure.archive.ubuntu.com/ubuntu noble/universe amd64 librubberband2 amd64 3.3.0+dfsg-2build1 [130 kB]
2025-09-11T07:49:36.0032398Z Get:80 http://azure.archive.ubuntu.com/ubuntu noble/universe amd64 libswscale7 amd64 7:6.1.1-3ubuntu5 [193 kB]
2025-09-11T07:49:36.0229123Z Get:81 http://azure.archive.ubuntu.com/ubuntu noble/universe amd64 libvidstab1.1 amd64 1.1.0-2build1 [38.5 kB]
2025-09-11T07:49:36.0394504Z Get:82 http://azure.archive.ubuntu.com/ubuntu noble/universe amd64 libzimg2 amd64 3.0.5+ds1-1build1 [254 kB]
2025-09-11T07:49:36.0574770Z Get:83 http://azure.archive.ubuntu.com/ubuntu noble/universe amd64 libavfilter9 amd64 7:6.1.1-3ubuntu5 [4235 kB]
2025-09-11T07:49:36.1397596Z Get:84 http://azure.archive.ubuntu.com/ubuntu noble-updates/main amd64 liborc-0.4-0t64 amd64 1:0.4.38-1ubuntu0.1 [207 kB]
2025-09-11T07:49:36.1564181Z Get:85 http://azure.archive.ubuntu.com/ubuntu noble-updates/main amd64 libgstreamer-plugins-base1.0-0 amd64 1.24.2-1ubuntu0.3 [862 kB]
2025-09-11T07:49:36.1905199Z Get:86 http://azure.archive.ubuntu.com/ubuntu noble/universe amd64 gstreamer1.0-libav amd64 1.24.1-1build1 [103 kB]
2025-09-11T07:49:36.2089903Z Get:87 http://azure.archive.ubuntu.com/ubuntu noble/main amd64 libcdparanoia0 amd64 3.10.2+debian-14build3 [48.5 kB]
2025-09-11T07:49:36.2258875Z Get:88 http://azure.archive.ubuntu.com/ubuntu noble/main amd64 libvisual-0.4-0 amd64 0.4.2-2build1 [115 kB]
2025-09-11T07:49:36.2430270Z Get:89 http://azure.archive.ubuntu.com/ubuntu noble-updates/main amd64 gstreamer1.0-plugins-base amd64 1.24.2-1ubuntu0.3 [721 kB]
2025-09-11T07:49:36.2751091Z Get:90 http://azure.archive.ubuntu.com/ubuntu noble/main amd64 libaa1 amd64 1.4p5-51.1 [49.9 kB]
2025-09-11T07:49:36.2906018Z Get:91 http://azure.archive.ubuntu.com/ubuntu noble/main amd64 libraw1394-11 amd64 2.1.2-2build3 [26.2 kB]
2025-09-11T07:49:36.3060919Z Get:92 http://azure.archive.ubuntu.com/ubuntu noble/main amd64 libavc1394-0 amd64 0.5.4-5build3 [15.4 kB]
2025-09-11T07:49:36.3218126Z Get:93 http://azure.archive.ubuntu.com/ubuntu noble/main amd64 libcaca0 amd64 0.99.beta20-4build2 [208 kB]
2025-09-11T07:49:36.3414108Z Get:94 http://azure.archive.ubuntu.com/ubuntu noble/main amd64 libdv4t64 amd64 1.0.0-17.1build1 [63.2 kB]
2025-09-11T07:49:36.4001773Z Get:95 http://azure.archive.ubuntu.com/ubuntu noble-updates/main amd64 libgstreamer-plugins-good1.0-0 amd64 1.24.2-1ubuntu1.2 [33.0 kB]
2025-09-11T07:49:36.4166063Z Get:96 http://azure.archive.ubuntu.com/ubuntu noble/main amd64 libiec61883-0 amd64 1.2.0-6build1 [24.5 kB]
2025-09-11T07:49:36.4330378Z Get:97 http://azure.archive.ubuntu.com/ubuntu noble/main amd64 libshout3 amd64 2.4.6-1build2 [50.3 kB]
2025-09-11T07:49:36.4493622Z Get:98 http://azure.archive.ubuntu.com/ubuntu noble/main amd64 libtag1v5-vanilla amd64 1.13.1-1build1 [326 kB]
2025-09-11T07:49:36.4742686Z Get:99 http://azure.archive.ubuntu.com/ubuntu noble/main amd64 libtag1v5 amd64 1.13.1-1build1 [11.7 kB]
2025-09-11T07:49:36.4902265Z Get:100 http://azure.archive.ubuntu.com/ubuntu noble/main amd64 libv4lconvert0t64 amd64 1.26.1-4build3 [87.6 kB]
2025-09-11T07:49:36.5063237Z Get:101 http://azure.archive.ubuntu.com/ubuntu noble/main amd64 libv4l-0t64 amd64 1.26.1-4build3 [46.9 kB]
2025-09-11T07:49:36.5236374Z Get:102 http://azure.archive.ubuntu.com/ubuntu noble/main amd64 libwavpack1 amd64 5.6.0-1build1 [84.6 kB]
2025-09-11T07:49:36.5418512Z Get:103 http://azure.archive.ubuntu.com/ubuntu noble-updates/main amd64 libsoup-3.0-common all 3.4.4-5ubuntu0.5 [11.3 kB]
2025-09-11T07:49:36.5575000Z Get:104 http://azure.archive.ubuntu.com/ubuntu noble-updates/main amd64 libsoup-3.0-0 amd64 3.4.4-5ubuntu0.5 [291 kB]
2025-09-11T07:49:36.5754729Z Get:105 http://azure.archive.ubuntu.com/ubuntu noble-updates/main amd64 gstreamer1.0-plugins-good amd64 1.24.2-1ubuntu1.2 [2238 kB]
2025-09-11T07:49:36.6221713Z Get:106 http://azure.archive.ubuntu.com/ubuntu noble-updates/main amd64 libabsl20220623t64 amd64 20220623.1-3.1ubuntu3.2 [423 kB]
2025-09-11T07:49:36.6405572Z Get:107 http://azure.archive.ubuntu.com/ubuntu noble/universe amd64 libgav1-1 amd64 0.18.0-1build3 [357 kB]
2025-09-11T07:49:36.6589949Z Get:108 http://azure.archive.ubuntu.com/ubuntu noble/universe amd64 libyuv0 amd64 0.0~git202401110.af6ac82-1 [178 kB]
2025-09-11T07:49:36.6809710Z Get:109 http://azure.archive.ubuntu.com/ubuntu noble/universe amd64 libavif16 amd64 1.0.4-1ubuntu3 [91.2 kB]
2025-09-11T07:49:36.6966429Z Get:110 http://azure.archive.ubuntu.com/ubuntu noble/universe amd64 libavtp0 amd64 0.2.0-1build1 [6414 B]
2025-09-11T07:49:36.7112318Z Get:111 http://azure.archive.ubuntu.com/ubuntu noble/main amd64 libcairo-script-interpreter2 amd64 1.18.0-3build1 [60.3 kB]
2025-09-11T07:49:36.7265827Z Get:112 http://azure.archive.ubuntu.com/ubuntu noble/universe amd64 libdc1394-25 amd64 2.2.6-4build1 [90.1 kB]
2025-09-11T07:49:36.7414902Z Get:113 http://azure.archive.ubuntu.com/ubuntu noble/main amd64 libdecor-0-0 amd64 0.2.2-1build2 [16.5 kB]
2025-09-11T07:49:36.7566312Z Get:114 http://azure.archive.ubuntu.com/ubuntu noble/main amd64 libgles2 amd64 1.7.0-1build1 [17.1 kB]
2025-09-11T07:49:36.7716504Z Get:115 http://azure.archive.ubuntu.com/ubuntu noble/universe amd64 libdirectfb-1.7-7t64 amd64 1.7.7-11.1ubuntu2 [1035 kB]
2025-09-11T07:49:36.8027630Z Get:116 http://azure.archive.ubuntu.com/ubuntu noble/universe amd64 libdvdread8t64 amd64 6.1.3-1.1build1 [54.7 kB]
2025-09-11T07:49:36.8183892Z Get:117 http://azure.archive.ubuntu.com/ubuntu noble/universe amd64 libdvdnav4 amd64 6.1.1-3build1 [39.5 kB]
2025-09-11T07:49:36.8340737Z Get:118 http://azure.archive.ubuntu.com/ubuntu noble-updates/main amd64 libegl-mesa0 amd64 25.0.7-0ubuntu0.24.04.2 [124 kB]
2025-09-11T07:49:36.8493894Z Get:119 http://azure.archive.ubuntu.com/ubuntu noble/main amd64 libevent-2.1-7t64 amd64 2.1.12-stable-9ubuntu2 [145 kB]
2025-09-11T07:49:36.8654811Z Get:120 http://azure.archive.ubuntu.com/ubuntu noble/universe amd64 libfaad2 amd64 2.11.1-1build1 [207 kB]
2025-09-11T07:49:36.9230824Z Get:121 http://azure.archive.ubuntu.com/ubuntu noble/universe amd64 libinstpatch-1.0-2 amd64 1.1.6-1build2 [251 kB]
2025-09-11T07:49:36.9406357Z Get:122 http://azure.archive.ubuntu.com/ubuntu noble/main amd64 libjack-jackd2-0 amd64 1.9.21~dfsg-3ubuntu3 [289 kB]
2025-09-11T07:49:36.9572626Z Get:123 http://azure.archive.ubuntu.com/ubuntu noble/main amd64 libwebrtc-audio-processing1 amd64 0.3.1-0ubuntu6 [290 kB]
2025-09-11T07:49:36.9736350Z Get:124 http://azure.archive.ubuntu.com/ubuntu noble-updates/main amd64 libspa-0.2-modules amd64 1.0.5-1ubuntu3.1 [626 kB]
2025-09-11T07:49:37.0048751Z Get:125 http://azure.archive.ubuntu.com/ubuntu noble-updates/main amd64 libpipewire-0.3-0t64 amd64 1.0.5-1ubuntu3.1 [252 kB]
2025-09-11T07:49:37.0214512Z Get:126 http://azure.archive.ubuntu.com/ubuntu noble-updates/main amd64 libsdl2-2.0-0 amd64 2.30.0+dfsg-1ubuntu3.1 [686 kB]
2025-09-11T07:49:37.0499304Z Get:127 http://azure.archive.ubuntu.com/ubuntu noble/universe amd64 timgm6mb-soundfont all 1.3-5 [5427 kB]
2025-09-11T07:49:37.1198745Z Get:128 http://azure.archive.ubuntu.com/ubuntu noble/universe amd64 libfluidsynth3 amd64 2.3.4-1build3 [249 kB]
2025-09-11T07:49:37.1364119Z Get:129 http://azure.archive.ubuntu.com/ubuntu noble/main amd64 libfreeaptx0 amd64 0.1.1-2build1 [13.5 kB]
2025-09-11T07:49:37.1514481Z Get:130 http://azure.archive.ubuntu.com/ubuntu noble/main amd64 libgraphene-1.0-0 amd64 1.10.8-3build2 [46.2 kB]
2025-09-11T07:49:37.1665480Z Get:131 http://azure.archive.ubuntu.com/ubuntu noble/main amd64 libgssdp-1.6-0 amd64 1.6.3-1build3 [40.4 kB]
2025-09-11T07:49:37.1817027Z Get:132 http://azure.archive.ubuntu.com/ubuntu noble/main amd64 libegl1 amd64 1.7.0-1build1 [28.7 kB]
2025-09-11T07:49:37.1967320Z Get:133 http://azure.archive.ubuntu.com/ubuntu noble-updates/main amd64 libgstreamer-gl1.0-0 amd64 1.24.2-1ubuntu0.3 [214 kB]
2025-09-11T07:49:37.2135225Z Get:134 http://azure.archive.ubuntu.com/ubuntu noble-updates/main amd64 libgtk-4-common all 4.14.5+ds-0ubuntu0.5 [1497 kB]
2025-09-11T07:49:37.2487145Z Get:135 http://azure.archive.ubuntu.com/ubuntu noble-updates/main amd64 libgtk-4-1 amd64 4.14.5+ds-0ubuntu0.5 [3293 kB]
2025-09-11T07:49:37.3012617Z Get:136 http://azure.archive.ubuntu.com/ubuntu noble/main amd64 libgupnp-1.6-0 amd64 1.6.6-1build3 [92.7 kB]
2025-09-11T07:49:37.3165214Z Get:137 http://azure.archive.ubuntu.com/ubuntu noble/universe amd64 libgupnp-igd-1.6-0 amd64 1.6.0-3build3 [16.5 kB]
2025-09-11T07:49:37.3322323Z Get:138 http://azure.archive.ubuntu.com/ubuntu noble/main amd64 libharfbuzz-icu0 amd64 8.3.0-2build2 [13.3 kB]
2025-09-11T07:49:37.3909913Z Get:139 http://azure.archive.ubuntu.com/ubuntu noble/main amd64 libhyphen0 amd64 2.8.8-7build3 [26.5 kB]
2025-09-11T07:49:37.4066266Z Get:140 http://azure.archive.ubuntu.com/ubuntu noble/universe amd64 libimath-3-1-29t64 amd64 3.1.9-3.1ubuntu2 [72.2 kB]
2025-09-11T07:49:37.4223565Z Get:141 http://azure.archive.ubuntu.com/ubuntu noble/main amd64 liblc3-1 amd64 1.0.4-3build1 [69.7 kB]
2025-09-11T07:49:37.4383067Z Get:142 http://azure.archive.ubuntu.com/ubuntu noble/main amd64 libldacbt-enc2 amd64 2.0.2.3+git20200429+ed310a0-4ubuntu2 [27.1 kB]
2025-09-11T07:49:37.4545358Z Get:143 http://azure.archive.ubuntu.com/ubuntu noble-updates/main amd64 libraptor2-0 amd64 2.0.16-3ubuntu0.1 [165 kB]
2025-09-11T07:49:37.4710261Z Get:144 http://azure.archive.ubuntu.com/ubuntu noble/universe amd64 liblrdf0 amd64 0.6.1-4build1 [18.5 kB]
2025-09-11T07:49:37.4860593Z Get:145 http://azure.archive.ubuntu.com/ubuntu noble/universe amd64 libltc11 amd64 1.3.2-1build1 [13.0 kB]
2025-09-11T07:49:37.5008886Z Get:146 http://azure.archive.ubuntu.com/ubuntu noble/main amd64 libmanette-0.2-0 amd64 0.2.7-1build2 [30.6 kB]
2025-09-11T07:49:37.5160599Z Get:147 http://azure.archive.ubuntu.com/ubuntu noble/universe amd64 libmfx1 amd64 22.5.4-1 [3124 kB]
2025-09-11T07:49:37.5703040Z Get:148 http://azure.archive.ubuntu.com/ubuntu noble/universe amd64 libmjpegutils-2.1-0t64 amd64 1:2.1.0+debian-8.1build1 [25.5 kB]
2025-09-11T07:49:37.5851754Z Get:149 http://azure.archive.ubuntu.com/ubuntu noble/universe amd64 libmodplug1 amd64 1:0.8.9.0-3build1 [166 kB]
2025-09-11T07:49:37.6017013Z Get:150 http://azure.archive.ubuntu.com/ubuntu noble/universe amd64 libmpcdec6 amd64 2:0.1~r495-2build1 [32.7 kB]
2025-09-11T07:49:37.6165723Z Get:151 http://azure.archive.ubuntu.com/ubuntu noble/universe amd64 libmpeg2encpp-2.1-0t64 amd64 1:2.1.0+debian-8.1build1 [75.6 kB]
2025-09-11T07:49:37.6318643Z Get:152 http://azure.archive.ubuntu.com/ubuntu noble/universe amd64 libmplex2-2.1-0t64 amd64 1:2.1.0+debian-8.1build1 [46.1 kB]
2025-09-11T07:49:37.6477019Z Get:153 http://azure.archive.ubuntu.com/ubuntu noble/universe amd64 libneon27t64 amd64 0.33.0-1.1build3 [102 kB]
2025-09-11T07:49:37.6632440Z Get:154 http://azure.archive.ubuntu.com/ubuntu noble/universe amd64 libnice10 amd64 0.1.21-2build3 [157 kB]
2025-09-11T07:49:37.6793942Z Get:155 http://azure.archive.ubuntu.com/ubuntu noble/universe amd64 libopenal-data all 1:1.23.1-4build1 [161 kB]
2025-09-11T07:49:37.6953503Z Get:156 http://azure.archive.ubuntu.com/ubuntu noble/universe amd64 libopenexr-3-1-30 amd64 3.1.5-5.1build3 [1004 kB]
2025-09-11T07:49:37.7267841Z Get:157 http://azure.archive.ubuntu.com/ubuntu noble/universe amd64 libopenh264-7 amd64 2.4.1+dfsg-1 [409 kB]
2025-09-11T07:49:37.7876110Z Get:158 http://azure.archive.ubuntu.com/ubuntu noble/universe amd64 libopenni2-0 amd64 2.2.0.33+dfsg-18 [370 kB]
2025-09-11T07:49:37.8051367Z Get:159 http://azure.archive.ubuntu.com/ubuntu noble/universe amd64 libqrencode4 amd64 4.1.1-1build2 [25.0 kB]
2025-09-11T07:49:37.8200741Z Get:160 http://azure.archive.ubuntu.com/ubuntu noble/main amd64 libsecret-common all 0.21.4-1build3 [4962 B]
2025-09-11T07:49:37.8351364Z Get:161 http://azure.archive.ubuntu.com/ubuntu noble/main amd64 libsecret-1-0 amd64 0.21.4-1build3 [116 kB]
2025-09-11T07:49:37.8509190Z Get:162 http://azure.archive.ubuntu.com/ubuntu noble/universe amd64 libsndio7.0 amd64 1.9.0-0.3build3 [29.6 kB]
2025-09-11T07:49:37.8662638Z Get:163 http://azure.archive.ubuntu.com/ubuntu noble/universe amd64 libsoundtouch1 amd64 2.3.2+ds1-1build1 [60.5 kB]
2025-09-11T07:49:37.8811787Z Get:164 http://azure.archive.ubuntu.com/ubuntu noble/universe amd64 libspandsp2t64 amd64 0.0.6+dfsg-2.1build1 [311 kB]
2025-09-11T07:49:37.8986672Z Get:165 http://azure.archive.ubuntu.com/ubuntu noble/universe amd64 libsrtp2-1 amd64 2.5.0-3build1 [41.9 kB]
2025-09-11T07:49:37.9138556Z Get:166 http://azure.archive.ubuntu.com/ubuntu noble/universe amd64 libwildmidi2 amd64 0.4.3-1build3 [68.5 kB]
2025-09-11T07:49:37.9290154Z Get:167 http://azure.archive.ubuntu.com/ubuntu noble/main amd64 libwoff1 amd64 1.0.2-2build1 [45.3 kB]
2025-09-11T07:49:37.9445594Z Get:168 http://azure.archive.ubuntu.com/ubuntu noble/main amd64 libxcb-xkb1 amd64 1.15-1ubuntu2 [32.3 kB]
2025-09-11T07:49:37.9595083Z Get:169 http://azure.archive.ubuntu.com/ubuntu noble/main amd64 libxkbcommon-x11-0 amd64 1.6.0-1build1 [14.5 kB]
2025-09-11T07:49:37.9751895Z Get:170 http://azure.archive.ubuntu.com/ubuntu noble/universe amd64 libzbar0t64 amd64 0.23.93-4build3 [123 kB]
2025-09-11T07:49:37.9906316Z Get:171 http://azure.archive.ubuntu.com/ubuntu noble/universe amd64 libzxing3 amd64 2.2.1-3 [583 kB]
2025-09-11T07:49:38.0135796Z Get:172 http://azure.archive.ubuntu.com/ubuntu noble/main amd64 xfonts-encodings all 1:1.0.5-0ubuntu2 [578 kB]
2025-09-11T07:49:38.0416359Z Get:173 http://azure.archive.ubuntu.com/ubuntu noble/main amd64 xfonts-utils amd64 1:7.7+6build3 [94.4 kB]
2025-09-11T07:49:38.0582777Z Get:174 http://azure.archive.ubuntu.com/ubuntu noble/universe amd64 xfonts-cyrillic all 1:1.0.5+nmu1 [384 kB]
2025-09-11T07:49:38.0754659Z Get:175 http://azure.archive.ubuntu.com/ubuntu noble/main amd64 xfonts-scalable all 1:1.0.3-1.3 [304 kB]
2025-09-11T07:49:38.1353448Z Get:176 http://azure.archive.ubuntu.com/ubuntu noble/universe amd64 libgstreamer-plugins-bad1.0-0 amd64 1.24.2-1ubuntu4 [797 kB]
2025-09-11T07:49:38.1655223Z Get:177 http://azure.archive.ubuntu.com/ubuntu noble/universe amd64 libdca0 amd64 0.0.7-2build1 [93.8 kB]
2025-09-11T07:49:38.1806775Z Get:178 http://azure.archive.ubuntu.com/ubuntu noble/universe amd64 libopenal1 amd64 1:1.23.1-4build1 [540 kB]
2025-09-11T07:49:38.2095931Z Get:179 http://azure.archive.ubuntu.com/ubuntu noble/main amd64 libsbc1 amd64 2.0-1build1 [33.9 kB]
2025-09-11T07:49:38.2248586Z Get:180 http://azure.archive.ubuntu.com/ubuntu noble/universe amd64 libvo-aacenc0 amd64 0.1.3-2build1 [67.8 kB]
2025-09-11T07:49:38.2418524Z Get:181 http://azure.archive.ubuntu.com/ubuntu noble/universe amd64 libvo-amrwbenc0 amd64 0.1.3-2build1 [76.7 kB]
2025-09-11T07:49:38.2569650Z Get:182 http://azure.archive.ubuntu.com/ubuntu noble/universe amd64 gstreamer1.0-plugins-bad amd64 1.24.2-1ubuntu4 [3081 kB]
2025-09-11T07:49:38.7379788Z Fetched 115 MB in 6s (20.5 MB/s)
2025-09-11T07:49:38.7694473Z Selecting previously unselected package fonts-ipafont-gothic.
2025-09-11T07:49:38.8068595Z (Reading database ... 
2025-09-11T07:49:38.8069264Z (Reading database ... 5%
2025-09-11T07:49:38.8070225Z (Reading database ... 10%
2025-09-11T07:49:38.8070632Z (Reading database ... 15%
2025-09-11T07:49:38.8071015Z (Reading database ... 20%
2025-09-11T07:49:38.8071569Z (Reading database ... 25%
2025-09-11T07:49:38.8072098Z (Reading database ... 30%
2025-09-11T07:49:38.8072544Z (Reading database ... 35%
2025-09-11T07:49:38.8072931Z (Reading database ... 40%
2025-09-11T07:49:38.8073315Z (Reading database ... 45%
2025-09-11T07:49:38.8073693Z (Reading database ... 50%
2025-09-11T07:49:38.8444714Z (Reading database ... 55%
2025-09-11T07:49:39.0884837Z (Reading database ... 60%
2025-09-11T07:49:39.2942333Z (Reading database ... 65%
2025-09-11T07:49:39.5400224Z (Reading database ... 70%
2025-09-11T07:49:39.7814876Z (Reading database ... 75%
2025-09-11T07:49:40.0792833Z (Reading database ... 80%
2025-09-11T07:49:40.3356705Z (Reading database ... 85%
2025-09-11T07:49:40.5307506Z (Reading database ... 90%
2025-09-11T07:49:40.7988005Z (Reading database ... 95%
2025-09-11T07:49:40.7988810Z (Reading database ... 100%
2025-09-11T07:49:40.7989723Z (Reading database ... 218657 files and directories currently installed.)
2025-09-11T07:49:40.8034600Z Preparing to unpack .../000-fonts-ipafont-gothic_00303-21ubuntu1_all.deb ...
2025-09-11T07:49:40.8124954Z Unpacking fonts-ipafont-gothic (00303-21ubuntu1) ...
2025-09-11T07:49:41.0662041Z Preparing to unpack .../001-libxml2-dev_2.9.14+dfsg-1.3ubuntu3.5_amd64.deb ...
2025-09-11T07:49:41.0691365Z Unpacking libxml2-dev:amd64 (2.9.14+dfsg-1.3ubuntu3.5) over (2.9.14+dfsg-1.3ubuntu3.4) ...
2025-09-11T07:49:41.1770015Z Preparing to unpack .../002-libxml2_2.9.14+dfsg-1.3ubuntu3.5_amd64.deb ...
2025-09-11T07:49:41.1856426Z Unpacking libxml2:amd64 (2.9.14+dfsg-1.3ubuntu3.5) over (2.9.14+dfsg-1.3ubuntu3.4) ...
2025-09-11T07:49:41.2213198Z Selecting previously unselected package fonts-freefont-ttf.
2025-09-11T07:49:41.2351588Z Preparing to unpack .../003-fonts-freefont-ttf_20211204+svn4273-2_all.deb ...
2025-09-11T07:49:41.2362946Z Unpacking fonts-freefont-ttf (20211204+svn4273-2) ...
2025-09-11T07:49:41.3318906Z Selecting previously unselected package fonts-tlwg-loma-otf.
2025-09-11T07:49:41.3454901Z Preparing to unpack .../004-fonts-tlwg-loma-otf_1%3a0.7.3-1_all.deb ...
2025-09-11T07:49:41.3464331Z Unpacking fonts-tlwg-loma-otf (1:0.7.3-1) ...
2025-09-11T07:49:41.3690268Z Selecting previously unselected package fonts-unifont.
2025-09-11T07:49:41.3823981Z Preparing to unpack .../005-fonts-unifont_1%3a15.1.01-1build1_all.deb ...
2025-09-11T07:49:41.3838086Z Unpacking fonts-unifont (1:15.1.01-1build1) ...
2025-09-11T07:49:41.5120587Z Selecting previously unselected package fonts-wqy-zenhei.
2025-09-11T07:49:41.5255337Z Preparing to unpack .../006-fonts-wqy-zenhei_0.9.45-8_all.deb ...
2025-09-11T07:49:41.5361074Z Unpacking fonts-wqy-zenhei (0.9.45-8) ...
2025-09-11T07:49:42.0203934Z Selecting previously unselected package libproxy1v5:amd64.
2025-09-11T07:49:42.0339576Z Preparing to unpack .../007-libproxy1v5_0.5.4-4build1_amd64.deb ...
2025-09-11T07:49:42.0351635Z Unpacking libproxy1v5:amd64 (0.5.4-4build1) ...
2025-09-11T07:49:42.0575701Z Selecting previously unselected package glib-networking-common.
2025-09-11T07:49:42.0712513Z Preparing to unpack .../008-glib-networking-common_2.80.0-1build1_all.deb ...
2025-09-11T07:49:42.0725035Z Unpacking glib-networking-common (2.80.0-1build1) ...
2025-09-11T07:49:42.0943563Z Selecting previously unselected package glib-networking-services.
2025-09-11T07:49:42.1078645Z Preparing to unpack .../009-glib-networking-services_2.80.0-1build1_amd64.deb ...
2025-09-11T07:49:42.1087598Z Unpacking glib-networking-services (2.80.0-1build1) ...
2025-09-11T07:49:42.1319550Z Selecting previously unselected package session-migration.
2025-09-11T07:49:42.1454116Z Preparing to unpack .../010-session-migration_0.3.9build1_amd64.deb ...
2025-09-11T07:49:42.1464037Z Unpacking session-migration (0.3.9build1) ...
2025-09-11T07:49:42.1722384Z Selecting previously unselected package gsettings-desktop-schemas.
2025-09-11T07:49:42.1861614Z Preparing to unpack .../011-gsettings-desktop-schemas_46.1-0ubuntu1_all.deb ...
2025-09-11T07:49:42.1871984Z Unpacking gsettings-desktop-schemas (46.1-0ubuntu1) ...
2025-09-11T07:49:42.2174795Z Selecting previously unselected package glib-networking:amd64.
2025-09-11T07:49:42.2312161Z Preparing to unpack .../012-glib-networking_2.80.0-1build1_amd64.deb ...
2025-09-11T07:49:42.2319723Z Unpacking glib-networking:amd64 (2.80.0-1build1) ...
2025-09-11T07:49:42.2558717Z Selecting previously unselected package libva2:amd64.
2025-09-11T07:49:42.2693101Z Preparing to unpack .../013-libva2_2.20.0-2build1_amd64.deb ...
2025-09-11T07:49:42.2708808Z Unpacking libva2:amd64 (2.20.0-2build1) ...
2025-09-11T07:49:42.2953758Z Selecting previously unselected package libva-drm2:amd64.
2025-09-11T07:49:42.3088994Z Preparing to unpack .../014-libva-drm2_2.20.0-2build1_amd64.deb ...
2025-09-11T07:49:42.3103140Z Unpacking libva-drm2:amd64 (2.20.0-2build1) ...
2025-09-11T07:49:42.3343083Z Selecting previously unselected package libva-x11-2:amd64.
2025-09-11T07:49:42.3478166Z Preparing to unpack .../015-libva-x11-2_2.20.0-2build1_amd64.deb ...
2025-09-11T07:49:42.3488715Z Unpacking libva-x11-2:amd64 (2.20.0-2build1) ...
2025-09-11T07:49:42.3745659Z Selecting previously unselected package libvdpau1:amd64.
2025-09-11T07:49:42.3882702Z Preparing to unpack .../016-libvdpau1_1.5-2build1_amd64.deb ...
2025-09-11T07:49:42.3892504Z Unpacking libvdpau1:amd64 (1.5-2build1) ...
2025-09-11T07:49:42.4133530Z Selecting previously unselected package libvpl2.
2025-09-11T07:49:42.4268783Z Preparing to unpack .../017-libvpl2_2023.3.0-1build1_amd64.deb ...
2025-09-11T07:49:42.4279013Z Unpacking libvpl2 (2023.3.0-1build1) ...
2025-09-11T07:49:42.4542733Z Selecting previously unselected package ocl-icd-libopencl1:amd64.
2025-09-11T07:49:42.4681100Z Preparing to unpack .../018-ocl-icd-libopencl1_2.3.2-1build1_amd64.deb ...
2025-09-11T07:49:42.4691096Z Unpacking ocl-icd-libopencl1:amd64 (2.3.2-1build1) ...
2025-09-11T07:49:42.5220282Z Selecting previously unselected package libavutil58:amd64.
2025-09-11T07:49:42.5357832Z Preparing to unpack .../019-libavutil58_7%3a6.1.1-3ubuntu5_amd64.deb ...
2025-09-11T07:49:42.5369742Z Unpacking libavutil58:amd64 (7:6.1.1-3ubuntu5) ...
2025-09-11T07:49:42.5663820Z Selecting previously unselected package libcodec2-1.2:amd64.
2025-09-11T07:49:42.5797173Z Preparing to unpack .../020-libcodec2-1.2_1.2.0-2build1_amd64.deb ...
2025-09-11T07:49:42.5810878Z Unpacking libcodec2-1.2:amd64 (1.2.0-2build1) ...
2025-09-11T07:49:42.6670501Z Selecting previously unselected package libdav1d7:amd64.
2025-09-11T07:49:42.6805793Z Preparing to unpack .../021-libdav1d7_1.4.1-1build1_amd64.deb ...
2025-09-11T07:49:42.6813174Z Unpacking libdav1d7:amd64 (1.4.1-1build1) ...
2025-09-11T07:49:42.7122600Z Selecting previously unselected package libgsm1:amd64.
2025-09-11T07:49:42.7257157Z Preparing to unpack .../022-libgsm1_1.0.22-1build1_amd64.deb ...
2025-09-11T07:49:42.7267051Z Unpacking libgsm1:amd64 (1.0.22-1build1) ...
2025-09-11T07:49:42.7517777Z Selecting previously unselected package libhwy1t64:amd64.
2025-09-11T07:49:42.7653696Z Preparing to unpack .../023-libhwy1t64_1.0.7-8.1build1_amd64.deb ...
2025-09-11T07:49:42.7664519Z Unpacking libhwy1t64:amd64 (1.0.7-8.1build1) ...
2025-09-11T07:49:42.8034916Z Selecting previously unselected package libjxl0.7:amd64.
2025-09-11T07:49:42.8173506Z Preparing to unpack .../024-libjxl0.7_0.7.0-10.2ubuntu6.1_amd64.deb ...
2025-09-11T07:49:42.8187563Z Unpacking libjxl0.7:amd64 (0.7.0-10.2ubuntu6.1) ...
2025-09-11T07:49:42.8587203Z Selecting previously unselected package libmp3lame0:amd64.
2025-09-11T07:49:42.8725407Z Preparing to unpack .../025-libmp3lame0_3.100-6build1_amd64.deb ...
2025-09-11T07:49:42.8735353Z Unpacking libmp3lame0:amd64 (3.100-6build1) ...
2025-09-11T07:49:42.8995736Z Selecting previously unselected package libopus0:amd64.
2025-09-11T07:49:42.9129982Z Preparing to unpack .../026-libopus0_1.4-1build1_amd64.deb ...
2025-09-11T07:49:42.9140669Z Unpacking libopus0:amd64 (1.4-1build1) ...
2025-09-11T07:49:42.9390069Z Selecting previously unselected package librav1e0:amd64.
2025-09-11T07:49:42.9526275Z Preparing to unpack .../027-librav1e0_0.7.1-2_amd64.deb ...
2025-09-11T07:49:42.9536203Z Unpacking librav1e0:amd64 (0.7.1-2) ...
2025-09-11T07:49:42.9931630Z Selecting previously unselected package librsvg2-2:amd64.
2025-09-11T07:49:43.0069172Z Preparing to unpack .../028-librsvg2-2_2.58.0+dfsg-1build1_amd64.deb ...
2025-09-11T07:49:43.0079446Z Unpacking librsvg2-2:amd64 (2.58.0+dfsg-1build1) ...
2025-09-11T07:49:43.0625446Z Selecting previously unselected package libshine3:amd64.
2025-09-11T07:49:43.0765985Z Preparing to unpack .../029-libshine3_3.1.1-2build1_amd64.deb ...
2025-09-11T07:49:43.0775653Z Unpacking libshine3:amd64 (3.1.1-2build1) ...
2025-09-11T07:49:43.1010356Z Selecting previously unselected package libspeex1:amd64.
2025-09-11T07:49:43.1146886Z Preparing to unpack .../030-libspeex1_1.2.1-2ubuntu2.24.04.1_amd64.deb ...
2025-09-11T07:49:43.1157554Z Unpacking libspeex1:amd64 (1.2.1-2ubuntu2.24.04.1) ...
2025-09-11T07:49:43.1395087Z Selecting previously unselected package libsvtav1enc1d1:amd64.
2025-09-11T07:49:43.1530856Z Preparing to unpack .../031-libsvtav1enc1d1_1.7.0+dfsg-2build1_amd64.deb ...
2025-09-11T07:49:43.1539175Z Unpacking libsvtav1enc1d1:amd64 (1.7.0+dfsg-2build1) ...
2025-09-11T07:49:43.2116366Z Selecting previously unselected package libsoxr0:amd64.
2025-09-11T07:49:43.2249984Z Preparing to unpack .../032-libsoxr0_0.1.3-4build3_amd64.deb ...
2025-09-11T07:49:43.2262915Z Unpacking libsoxr0:amd64 (0.1.3-4build3) ...
2025-09-11T07:49:43.2490396Z Selecting previously unselected package libswresample4:amd64.
2025-09-11T07:49:43.2625538Z Preparing to unpack .../033-libswresample4_7%3a6.1.1-3ubuntu5_amd64.deb ...
2025-09-11T07:49:43.2636492Z Unpacking libswresample4:amd64 (7:6.1.1-3ubuntu5) ...
2025-09-11T07:49:43.2877711Z Selecting previously unselected package libtheora0:amd64.
2025-09-11T07:49:43.3015292Z Preparing to unpack .../034-libtheora0_1.1.1+dfsg.1-16.1build3_amd64.deb ...
2025-09-11T07:49:43.3026993Z Unpacking libtheora0:amd64 (1.1.1+dfsg.1-16.1build3) ...
2025-09-11T07:49:43.3310404Z Selecting previously unselected package libtwolame0:amd64.
2025-09-11T07:49:43.3446222Z Preparing to unpack .../035-libtwolame0_0.4.0-2build3_amd64.deb ...
2025-09-11T07:49:43.3456140Z Unpacking libtwolame0:amd64 (0.4.0-2build3) ...
2025-09-11T07:49:43.3703077Z Selecting previously unselected package libvorbisenc2:amd64.
2025-09-11T07:49:43.3838477Z Preparing to unpack .../036-libvorbisenc2_1.3.7-1build3_amd64.deb ...
2025-09-11T07:49:43.3856323Z Unpacking libvorbisenc2:amd64 (1.3.7-1build3) ...
2025-09-11T07:49:43.4123201Z Selecting previously unselected package libvpx9:amd64.
2025-09-11T07:49:43.4260562Z Preparing to unpack .../037-libvpx9_1.14.0-1ubuntu2.2_amd64.deb ...
2025-09-11T07:49:43.4271068Z Unpacking libvpx9:amd64 (1.14.0-1ubuntu2.2) ...
2025-09-11T07:49:43.4657910Z Selecting previously unselected package libx264-164:amd64.
2025-09-11T07:49:43.4794458Z Preparing to unpack .../038-libx264-164_2%3a0.164.3108+git31e19f9-1_amd64.deb ...
2025-09-11T07:49:43.4809000Z Unpacking libx264-164:amd64 (2:0.164.3108+git31e19f9-1) ...
2025-09-11T07:49:43.5153654Z Selecting previously unselected package libx265-199:amd64.
2025-09-11T07:49:43.5291048Z Preparing to unpack .../039-libx265-199_3.5-2build1_amd64.deb ...
2025-09-11T07:49:43.5302485Z Unpacking libx265-199:amd64 (3.5-2build1) ...
2025-09-11T07:49:43.6069416Z Selecting previously unselected package libxvidcore4:amd64.
2025-09-11T07:49:43.6205559Z Preparing to unpack .../040-libxvidcore4_2%3a1.3.7-1build1_amd64.deb ...
2025-09-11T07:49:43.6213436Z Unpacking libxvidcore4:amd64 (2:1.3.7-1build1) ...
2025-09-11T07:49:43.6446852Z Selecting previously unselected package libzvbi-common.
2025-09-11T07:49:43.6583249Z Preparing to unpack .../041-libzvbi-common_0.2.42-2_all.deb ...
2025-09-11T07:49:43.6592771Z Unpacking libzvbi-common (0.2.42-2) ...
2025-09-11T07:49:43.7523951Z Selecting previously unselected package libzvbi0t64:amd64.
2025-09-11T07:49:43.7658450Z Preparing to unpack .../042-libzvbi0t64_0.2.42-2_amd64.deb ...
2025-09-11T07:49:43.7668220Z Unpacking libzvbi0t64:amd64 (0.2.42-2) ...
2025-09-11T07:49:43.7942138Z Selecting previously unselected package libavcodec60:amd64.
2025-09-11T07:49:43.8075967Z Preparing to unpack .../043-libavcodec60_7%3a6.1.1-3ubuntu5_amd64.deb ...
2025-09-11T07:49:43.8086184Z Unpacking libavcodec60:amd64 (7:6.1.1-3ubuntu5) ...
2025-09-11T07:49:43.9029042Z Selecting previously unselected package libunibreak5:amd64.
2025-09-11T07:49:43.9162922Z Preparing to unpack .../044-libunibreak5_5.1-2build1_amd64.deb ...
2025-09-11T07:49:43.9174086Z Unpacking libunibreak5:amd64 (5.1-2build1) ...
2025-09-11T07:49:43.9393460Z Selecting previously unselected package libass9:amd64.
2025-09-11T07:49:43.9527247Z Preparing to unpack .../045-libass9_1%3a0.17.1-2build1_amd64.deb ...
2025-09-11T07:49:43.9536497Z Unpacking libass9:amd64 (1:0.17.1-2build1) ...
2025-09-11T07:49:43.9766405Z Selecting previously unselected package libudfread0:amd64.
2025-09-11T07:49:43.9900111Z Preparing to unpack .../046-libudfread0_1.1.2-1build1_amd64.deb ...
2025-09-11T07:49:43.9914010Z Unpacking libudfread0:amd64 (1.1.2-1build1) ...
2025-09-11T07:49:44.0156379Z Selecting previously unselected package libbluray2:amd64.
2025-09-11T07:49:44.0292795Z Preparing to unpack .../047-libbluray2_1%3a1.3.4-1build1_amd64.deb ...
2025-09-11T07:49:44.0307843Z Unpacking libbluray2:amd64 (1:1.3.4-1build1) ...
2025-09-11T07:49:44.0561731Z Selecting previously unselected package libchromaprint1:amd64.
2025-09-11T07:49:44.0698183Z Preparing to unpack .../048-libchromaprint1_1.5.1-5_amd64.deb ...
2025-09-11T07:49:44.0708239Z Unpacking libchromaprint1:amd64 (1.5.1-5) ...
2025-09-11T07:49:44.0936520Z Selecting previously unselected package libgme0:amd64.
2025-09-11T07:49:44.1071659Z Preparing to unpack .../049-libgme0_0.6.3-7build1_amd64.deb ...
2025-09-11T07:49:44.1081081Z Unpacking libgme0:amd64 (0.6.3-7build1) ...
2025-09-11T07:49:44.1330444Z Selecting previously unselected package libmpg123-0t64:amd64.
2025-09-11T07:49:44.1465178Z Preparing to unpack .../050-libmpg123-0t64_1.32.5-1ubuntu1.1_amd64.deb ...
2025-09-11T07:49:44.1474281Z Unpacking libmpg123-0t64:amd64 (1.32.5-1ubuntu1.1) ...
2025-09-11T07:49:44.1717579Z Selecting previously unselected package libopenmpt0t64:amd64.
2025-09-11T07:49:44.1853480Z Preparing to unpack .../051-libopenmpt0t64_0.7.3-1.1build3_amd64.deb ...
2025-09-11T07:49:44.1864319Z Unpacking libopenmpt0t64:amd64 (0.7.3-1.1build3) ...
2025-09-11T07:49:44.2187539Z Selecting previously unselected package libcjson1:amd64.
2025-09-11T07:49:44.2323490Z Preparing to unpack .../052-libcjson1_1.7.17-1_amd64.deb ...
2025-09-11T07:49:44.2332422Z Unpacking libcjson1:amd64 (1.7.17-1) ...
2025-09-11T07:49:44.2559510Z Selecting previously unselected package libmbedcrypto7t64:amd64.
2025-09-11T07:49:44.2693536Z Preparing to unpack .../053-libmbedcrypto7t64_2.28.8-1_amd64.deb ...
2025-09-11T07:49:44.2704612Z Unpacking libmbedcrypto7t64:amd64 (2.28.8-1) ...
2025-09-11T07:49:44.2966380Z Selecting previously unselected package librist4:amd64.
2025-09-11T07:49:44.3102569Z Preparing to unpack .../054-librist4_0.2.10+dfsg-2_amd64.deb ...
2025-09-11T07:49:44.3113696Z Unpacking librist4:amd64 (0.2.10+dfsg-2) ...
2025-09-11T07:49:44.3339543Z Selecting previously unselected package libsrt1.5-gnutls:amd64.
2025-09-11T07:49:44.3479490Z Preparing to unpack .../055-libsrt1.5-gnutls_1.5.3-1build2_amd64.deb ...
2025-09-11T07:49:44.3488328Z Unpacking libsrt1.5-gnutls:amd64 (1.5.3-1build2) ...
2025-09-11T07:49:44.3757892Z Selecting previously unselected package libssh-gcrypt-4:amd64.
2025-09-11T07:49:44.3893162Z Preparing to unpack .../056-libssh-gcrypt-4_0.10.6-2ubuntu0.1_amd64.deb ...
2025-09-11T07:49:44.3904263Z Unpacking libssh-gcrypt-4:amd64 (0.10.6-2ubuntu0.1) ...
2025-09-11T07:49:44.4155190Z Selecting previously unselected package libavformat60:amd64.
2025-09-11T07:49:44.4290499Z Preparing to unpack .../057-libavformat60_7%3a6.1.1-3ubuntu5_amd64.deb ...
2025-09-11T07:49:44.4298036Z Unpacking libavformat60:amd64 (7:6.1.1-3ubuntu5) ...
2025-09-11T07:49:44.4674060Z Selecting previously unselected package libbs2b0:amd64.
2025-09-11T07:49:44.4809436Z Preparing to unpack .../058-libbs2b0_3.1.0+dfsg-7build1_amd64.deb ...
2025-09-11T07:49:44.4819030Z Unpacking libbs2b0:amd64 (3.1.0+dfsg-7build1) ...
2025-09-11T07:49:44.5078054Z Selecting previously unselected package libflite1:amd64.
2025-09-11T07:49:44.5212148Z Preparing to unpack .../059-libflite1_2.2-6build3_amd64.deb ...
2025-09-11T07:49:44.5223352Z Unpacking libflite1:amd64 (2.2-6build3) ...
2025-09-11T07:49:44.6505531Z Selecting previously unselected package libserd-0-0:amd64.
2025-09-11T07:49:44.6643114Z Preparing to unpack .../060-libserd-0-0_0.32.2-1_amd64.deb ...
2025-09-11T07:49:44.6651813Z Unpacking libserd-0-0:amd64 (0.32.2-1) ...
2025-09-11T07:49:44.6884957Z Selecting previously unselected package libzix-0-0:amd64.
2025-09-11T07:49:44.7023587Z Preparing to unpack .../061-libzix-0-0_0.4.2-2build1_amd64.deb ...
2025-09-11T07:49:44.7037154Z Unpacking libzix-0-0:amd64 (0.4.2-2build1) ...
2025-09-11T07:49:44.7270621Z Selecting previously unselected package libsord-0-0:amd64.
2025-09-11T07:49:44.7406636Z Preparing to unpack .../062-libsord-0-0_0.16.16-2build1_amd64.deb ...
2025-09-11T07:49:44.7416706Z Unpacking libsord-0-0:amd64 (0.16.16-2build1) ...
2025-09-11T07:49:44.7643486Z Selecting previously unselected package libsratom-0-0:amd64.
2025-09-11T07:49:44.7777213Z Preparing to unpack .../063-libsratom-0-0_0.6.16-1build1_amd64.deb ...
2025-09-11T07:49:44.7792225Z Unpacking libsratom-0-0:amd64 (0.6.16-1build1) ...
2025-09-11T07:49:44.8024010Z Selecting previously unselected package liblilv-0-0:amd64.
2025-09-11T07:49:44.8158312Z Preparing to unpack .../064-liblilv-0-0_0.24.22-1build1_amd64.deb ...
2025-09-11T07:49:44.8166975Z Unpacking liblilv-0-0:amd64 (0.24.22-1build1) ...
2025-09-11T07:49:44.8404958Z Selecting previously unselected package libmysofa1:amd64.
2025-09-11T07:49:44.8540142Z Preparing to unpack .../065-libmysofa1_1.3.2+dfsg-2ubuntu2_amd64.deb ...
2025-09-11T07:49:44.8552308Z Unpacking libmysofa1:amd64 (1.3.2+dfsg-2ubuntu2) ...
2025-09-11T07:49:44.8847315Z Selecting previously unselected package libplacebo338:amd64.
2025-09-11T07:49:44.8980156Z Preparing to unpack .../066-libplacebo338_6.338.2-2build1_amd64.deb ...
2025-09-11T07:49:44.8991471Z Unpacking libplacebo338:amd64 (6.338.2-2build1) ...
2025-09-11T07:49:44.9701298Z Selecting previously unselected package libblas3:amd64.
2025-09-11T07:49:44.9834278Z Preparing to unpack .../067-libblas3_3.12.0-3build1.1_amd64.deb ...
2025-09-11T07:49:44.9870296Z Unpacking libblas3:amd64 (3.12.0-3build1.1) ...
2025-09-11T07:49:45.0134470Z Selecting previously unselected package liblapack3:amd64.
2025-09-11T07:49:45.0269378Z Preparing to unpack .../068-liblapack3_3.12.0-3build1.1_amd64.deb ...
2025-09-11T07:49:45.0303326Z Unpacking liblapack3:amd64 (3.12.0-3build1.1) ...
2025-09-11T07:49:45.0878154Z Selecting previously unselected package libasyncns0:amd64.
2025-09-11T07:49:45.1014185Z Preparing to unpack .../069-libasyncns0_0.8-6build4_amd64.deb ...
2025-09-11T07:49:45.1024910Z Unpacking libasyncns0:amd64 (0.8-6build4) ...
2025-09-11T07:49:45.1270628Z Selecting previously unselected package libflac12t64:amd64.
2025-09-11T07:49:45.1410232Z Preparing to unpack .../070-libflac12t64_1.4.3+ds-2.1ubuntu2_amd64.deb ...
2025-09-11T07:49:45.1418832Z Unpacking libflac12t64:amd64 (1.4.3+ds-2.1ubuntu2) ...
2025-09-11T07:49:45.1673508Z Selecting previously unselected package libsndfile1:amd64.
2025-09-11T07:49:45.1811471Z Preparing to unpack .../071-libsndfile1_1.2.2-1ubuntu5.24.04.1_amd64.deb ...
2025-09-11T07:49:45.1823895Z Unpacking libsndfile1:amd64 (1.2.2-1ubuntu5.24.04.1) ...
2025-09-11T07:49:45.2125840Z Selecting previously unselected package libpulse0:amd64.
2025-09-11T07:49:45.2259360Z Preparing to unpack .../072-libpulse0_1%3a16.1+dfsg1-2ubuntu10.1_amd64.deb ...
2025-09-11T07:49:45.2328634Z Unpacking libpulse0:amd64 (1:16.1+dfsg1-2ubuntu10.1) ...
2025-09-11T07:49:45.2635187Z Selecting previously unselected package libsphinxbase3t64:amd64.
2025-09-11T07:49:45.2770476Z Preparing to unpack .../073-libsphinxbase3t64_0.8+5prealpha+1-17build2_amd64.deb ...
2025-09-11T07:49:45.2782639Z Unpacking libsphinxbase3t64:amd64 (0.8+5prealpha+1-17build2) ...
2025-09-11T07:49:45.3035633Z Selecting previously unselected package libpocketsphinx3:amd64.
2025-09-11T07:49:45.3172731Z Preparing to unpack .../074-libpocketsphinx3_0.8.0+real5prealpha+1-15ubuntu5_amd64.deb ...
2025-09-11T07:49:45.3182536Z Unpacking libpocketsphinx3:amd64 (0.8.0+real5prealpha+1-15ubuntu5) ...
2025-09-11T07:49:45.3438471Z Selecting previously unselected package libpostproc57:amd64.
2025-09-11T07:49:45.3577128Z Preparing to unpack .../075-libpostproc57_7%3a6.1.1-3ubuntu5_amd64.deb ...
2025-09-11T07:49:45.3586488Z Unpacking libpostproc57:amd64 (7:6.1.1-3ubuntu5) ...
2025-09-11T07:49:45.3847026Z Selecting previously unselected package libsamplerate0:amd64.
2025-09-11T07:49:45.3982327Z Preparing to unpack .../076-libsamplerate0_0.2.2-4build1_amd64.deb ...
2025-09-11T07:49:45.3993569Z Unpacking libsamplerate0:amd64 (0.2.2-4build1) ...
2025-09-11T07:49:45.4332531Z Selecting previously unselected package librubberband2:amd64.
2025-09-11T07:49:45.4467363Z Preparing to unpack .../077-librubberband2_3.3.0+dfsg-2build1_amd64.deb ...
2025-09-11T07:49:45.4480515Z Unpacking librubberband2:amd64 (3.3.0+dfsg-2build1) ...
2025-09-11T07:49:45.4744517Z Selecting previously unselected package libswscale7:amd64.
2025-09-11T07:49:45.4877885Z Preparing to unpack .../078-libswscale7_7%3a6.1.1-3ubuntu5_amd64.deb ...
2025-09-11T07:49:45.4897569Z Unpacking libswscale7:amd64 (7:6.1.1-3ubuntu5) ...
2025-09-11T07:49:45.5166134Z Selecting previously unselected package libvidstab1.1:amd64.
2025-09-11T07:49:45.5299681Z Preparing to unpack .../079-libvidstab1.1_1.1.0-2build1_amd64.deb ...
2025-09-11T07:49:45.5368523Z Unpacking libvidstab1.1:amd64 (1.1.0-2build1) ...
2025-09-11T07:49:45.5765452Z Selecting previously unselected package libzimg2:amd64.
2025-09-11T07:49:45.5905720Z Preparing to unpack .../080-libzimg2_3.0.5+ds1-1build1_amd64.deb ...
2025-09-11T07:49:45.5917480Z Unpacking libzimg2:amd64 (3.0.5+ds1-1build1) ...
2025-09-11T07:49:45.6188786Z Selecting previously unselected package libavfilter9:amd64.
2025-09-11T07:49:45.6323635Z Preparing to unpack .../081-libavfilter9_7%3a6.1.1-3ubuntu5_amd64.deb ...
2025-09-11T07:49:45.6336277Z Unpacking libavfilter9:amd64 (7:6.1.1-3ubuntu5) ...
2025-09-11T07:49:45.7152769Z Selecting previously unselected package liborc-0.4-0t64:amd64.
2025-09-11T07:49:45.7288102Z Preparing to unpack .../082-liborc-0.4-0t64_1%3a0.4.38-1ubuntu0.1_amd64.deb ...
2025-09-11T07:49:45.7297284Z Unpacking liborc-0.4-0t64:amd64 (1:0.4.38-1ubuntu0.1) ...
2025-09-11T07:49:45.7593671Z Selecting previously unselected package libgstreamer-plugins-base1.0-0:amd64.
2025-09-11T07:49:45.7727420Z Preparing to unpack .../083-libgstreamer-plugins-base1.0-0_1.24.2-1ubuntu0.3_amd64.deb ...
2025-09-11T07:49:45.7741560Z Unpacking libgstreamer-plugins-base1.0-0:amd64 (1.24.2-1ubuntu0.3) ...
2025-09-11T07:49:45.8110769Z Selecting previously unselected package gstreamer1.0-libav:amd64.
2025-09-11T07:49:45.8246547Z Preparing to unpack .../084-gstreamer1.0-libav_1.24.1-1build1_amd64.deb ...
2025-09-11T07:49:45.8255157Z Unpacking gstreamer1.0-libav:amd64 (1.24.1-1build1) ...
2025-09-11T07:49:45.8492339Z Selecting previously unselected package libcdparanoia0:amd64.
2025-09-11T07:49:45.8628424Z Preparing to unpack .../085-libcdparanoia0_3.10.2+debian-14build3_amd64.deb ...
2025-09-11T07:49:45.8637260Z Unpacking libcdparanoia0:amd64 (3.10.2+debian-14build3) ...
2025-09-11T07:49:45.8932530Z Selecting previously unselected package libvisual-0.4-0:amd64.
2025-09-11T07:49:45.9068172Z Preparing to unpack .../086-libvisual-0.4-0_0.4.2-2build1_amd64.deb ...
2025-09-11T07:49:45.9091516Z Unpacking libvisual-0.4-0:amd64 (0.4.2-2build1) ...
2025-09-11T07:49:45.9352077Z Selecting previously unselected package gstreamer1.0-plugins-base:amd64.
2025-09-11T07:49:45.9487565Z Preparing to unpack .../087-gstreamer1.0-plugins-base_1.24.2-1ubuntu0.3_amd64.deb ...
2025-09-11T07:49:45.9496965Z Unpacking gstreamer1.0-plugins-base:amd64 (1.24.2-1ubuntu0.3) ...
2025-09-11T07:49:45.9891429Z Selecting previously unselected package libaa1:amd64.
2025-09-11T07:49:46.0027689Z Preparing to unpack .../088-libaa1_1.4p5-51.1_amd64.deb ...
2025-09-11T07:49:46.0037052Z Unpacking libaa1:amd64 (1.4p5-51.1) ...
2025-09-11T07:49:46.0279828Z Selecting previously unselected package libraw1394-11:amd64.
2025-09-11T07:49:46.0414632Z Preparing to unpack .../089-libraw1394-11_2.1.2-2build3_amd64.deb ...
2025-09-11T07:49:46.0427265Z Unpacking libraw1394-11:amd64 (2.1.2-2build3) ...
2025-09-11T07:49:46.0667264Z Selecting previously unselected package libavc1394-0:amd64.
2025-09-11T07:49:46.0805050Z Preparing to unpack .../090-libavc1394-0_0.5.4-5build3_amd64.deb ...
2025-09-11T07:49:46.0815457Z Unpacking libavc1394-0:amd64 (0.5.4-5build3) ...
2025-09-11T07:49:46.1049638Z Selecting previously unselected package libcaca0:amd64.
2025-09-11T07:49:46.1185552Z Preparing to unpack .../091-libcaca0_0.99.beta20-4build2_amd64.deb ...
2025-09-11T07:49:46.1197036Z Unpacking libcaca0:amd64 (0.99.beta20-4build2) ...
2025-09-11T07:49:46.1467548Z Selecting previously unselected package libdv4t64:amd64.
2025-09-11T07:49:46.1603200Z Preparing to unpack .../092-libdv4t64_1.0.0-17.1build1_amd64.deb ...
2025-09-11T07:49:46.1614743Z Unpacking libdv4t64:amd64 (1.0.0-17.1build1) ...
2025-09-11T07:49:46.1865602Z Selecting previously unselected package libgstreamer-plugins-good1.0-0:amd64.
2025-09-11T07:49:46.2004023Z Preparing to unpack .../093-libgstreamer-plugins-good1.0-0_1.24.2-1ubuntu1.2_amd64.deb ...
2025-09-11T07:49:46.2013769Z Unpacking libgstreamer-plugins-good1.0-0:amd64 (1.24.2-1ubuntu1.2) ...
2025-09-11T07:49:46.2270045Z Selecting previously unselected package libiec61883-0:amd64.
2025-09-11T07:49:46.2404773Z Preparing to unpack .../094-libiec61883-0_1.2.0-6build1_amd64.deb ...
2025-09-11T07:49:46.2416833Z Unpacking libiec61883-0:amd64 (1.2.0-6build1) ...
2025-09-11T07:49:46.2687972Z Selecting previously unselected package libshout3:amd64.
2025-09-11T07:49:46.2821955Z Preparing to unpack .../095-libshout3_2.4.6-1build2_amd64.deb ...
2025-09-11T07:49:46.2835550Z Unpacking libshout3:amd64 (2.4.6-1build2) ...
2025-09-11T07:49:46.3095133Z Selecting previously unselected package libtag1v5-vanilla:amd64.
2025-09-11T07:49:46.3232682Z Preparing to unpack .../096-libtag1v5-vanilla_1.13.1-1build1_amd64.deb ...
2025-09-11T07:49:46.3240605Z Unpacking libtag1v5-vanilla:amd64 (1.13.1-1build1) ...
2025-09-11T07:49:46.3516321Z Selecting previously unselected package libtag1v5:amd64.
2025-09-11T07:49:46.3657673Z Preparing to unpack .../097-libtag1v5_1.13.1-1build1_amd64.deb ...
2025-09-11T07:49:46.3670334Z Unpacking libtag1v5:amd64 (1.13.1-1build1) ...
2025-09-11T07:49:46.3912102Z Selecting previously unselected package libv4lconvert0t64:amd64.
2025-09-11T07:49:46.4049234Z Preparing to unpack .../098-libv4lconvert0t64_1.26.1-4build3_amd64.deb ...
2025-09-11T07:49:46.4060671Z Unpacking libv4lconvert0t64:amd64 (1.26.1-4build3) ...
2025-09-11T07:49:46.4313524Z Selecting previously unselected package libv4l-0t64:amd64.
2025-09-11T07:49:46.4448446Z Preparing to unpack .../099-libv4l-0t64_1.26.1-4build3_amd64.deb ...
2025-09-11T07:49:46.4458265Z Unpacking libv4l-0t64:amd64 (1.26.1-4build3) ...
2025-09-11T07:49:46.4708510Z Selecting previously unselected package libwavpack1:amd64.
2025-09-11T07:49:46.4844112Z Preparing to unpack .../100-libwavpack1_5.6.0-1build1_amd64.deb ...
2025-09-11T07:49:46.4857719Z Unpacking libwavpack1:amd64 (5.6.0-1build1) ...
2025-09-11T07:49:46.5097142Z Selecting previously unselected package libsoup-3.0-common.
2025-09-11T07:49:46.5233399Z Preparing to unpack .../101-libsoup-3.0-common_3.4.4-5ubuntu0.5_all.deb ...
2025-09-11T07:49:46.5242831Z Unpacking libsoup-3.0-common (3.4.4-5ubuntu0.5) ...
2025-09-11T07:49:46.5460867Z Selecting previously unselected package libsoup-3.0-0:amd64.
2025-09-11T07:49:46.5595598Z Preparing to unpack .../102-libsoup-3.0-0_3.4.4-5ubuntu0.5_amd64.deb ...
2025-09-11T07:49:46.5604493Z Unpacking libsoup-3.0-0:amd64 (3.4.4-5ubuntu0.5) ...
2025-09-11T07:49:46.5857363Z Selecting previously unselected package gstreamer1.0-plugins-good:amd64.
2025-09-11T07:49:46.5993347Z Preparing to unpack .../103-gstreamer1.0-plugins-good_1.24.2-1ubuntu1.2_amd64.deb ...
2025-09-11T07:49:46.6000614Z Unpacking gstreamer1.0-plugins-good:amd64 (1.24.2-1ubuntu1.2) ...
2025-09-11T07:49:46.6647481Z Selecting previously unselected package libabsl20220623t64:amd64.
2025-09-11T07:49:46.6782704Z Preparing to unpack .../104-libabsl20220623t64_20220623.1-3.1ubuntu3.2_amd64.deb ...
2025-09-11T07:49:46.6793520Z Unpacking libabsl20220623t64:amd64 (20220623.1-3.1ubuntu3.2) ...
2025-09-11T07:49:46.7269002Z Selecting previously unselected package libgav1-1:amd64.
2025-09-11T07:49:46.7406125Z Preparing to unpack .../105-libgav1-1_0.18.0-1build3_amd64.deb ...
2025-09-11T07:49:46.7413132Z Unpacking libgav1-1:amd64 (0.18.0-1build3) ...
2025-09-11T07:49:46.7735693Z Selecting previously unselected package libyuv0:amd64.
2025-09-11T07:49:46.7879067Z Preparing to unpack .../106-libyuv0_0.0~git202401110.af6ac82-1_amd64.deb ...
2025-09-11T07:49:46.7887801Z Unpacking libyuv0:amd64 (0.0~git202401110.af6ac82-1) ...
2025-09-11T07:49:46.8150628Z Selecting previously unselected package libavif16:amd64.
2025-09-11T07:49:46.8286106Z Preparing to unpack .../107-libavif16_1.0.4-1ubuntu3_amd64.deb ...
2025-09-11T07:49:46.8294690Z Unpacking libavif16:amd64 (1.0.4-1ubuntu3) ...
2025-09-11T07:49:46.8520883Z Selecting previously unselected package libavtp0:amd64.
2025-09-11T07:49:46.8657418Z Preparing to unpack .../108-libavtp0_0.2.0-1build1_amd64.deb ...
2025-09-11T07:49:46.8666326Z Unpacking libavtp0:amd64 (0.2.0-1build1) ...
2025-09-11T07:49:46.8896037Z Selecting previously unselected package libcairo-script-interpreter2:amd64.
2025-09-11T07:49:46.9031600Z Preparing to unpack .../109-libcairo-script-interpreter2_1.18.0-3build1_amd64.deb ...
2025-09-11T07:49:46.9043899Z Unpacking libcairo-script-interpreter2:amd64 (1.18.0-3build1) ...
2025-09-11T07:49:46.9348821Z Selecting previously unselected package libdc1394-25:amd64.
2025-09-11T07:49:46.9483414Z Preparing to unpack .../110-libdc1394-25_2.2.6-4build1_amd64.deb ...
2025-09-11T07:49:46.9496483Z Unpacking libdc1394-25:amd64 (2.2.6-4build1) ...
2025-09-11T07:49:46.9753147Z Selecting previously unselected package libdecor-0-0:amd64.
2025-09-11T07:49:46.9888563Z Preparing to unpack .../111-libdecor-0-0_0.2.2-1build2_amd64.deb ...
2025-09-11T07:49:46.9909316Z Unpacking libdecor-0-0:amd64 (0.2.2-1build2) ...
2025-09-11T07:49:47.0139974Z Selecting previously unselected package libgles2:amd64.
2025-09-11T07:49:47.0274728Z Preparing to unpack .../112-libgles2_1.7.0-1build1_amd64.deb ...
2025-09-11T07:49:47.0289073Z Unpacking libgles2:amd64 (1.7.0-1build1) ...
2025-09-11T07:49:47.0539720Z Selecting previously unselected package libdirectfb-1.7-7t64:amd64.
2025-09-11T07:49:47.0676194Z Preparing to unpack .../113-libdirectfb-1.7-7t64_1.7.7-11.1ubuntu2_amd64.deb ...
2025-09-11T07:49:47.0688803Z Unpacking libdirectfb-1.7-7t64:amd64 (1.7.7-11.1ubuntu2) ...
2025-09-11T07:49:47.1173342Z Selecting previously unselected package libdvdread8t64:amd64.
2025-09-11T07:49:47.1306638Z Preparing to unpack .../114-libdvdread8t64_6.1.3-1.1build1_amd64.deb ...
2025-09-11T07:49:47.1317394Z Unpacking libdvdread8t64:amd64 (6.1.3-1.1build1) ...
2025-09-11T07:49:47.1577542Z Selecting previously unselected package libdvdnav4:amd64.
2025-09-11T07:49:47.1713041Z Preparing to unpack .../115-libdvdnav4_6.1.1-3build1_amd64.deb ...
2025-09-11T07:49:47.1722235Z Unpacking libdvdnav4:amd64 (6.1.1-3build1) ...
2025-09-11T07:49:47.1985313Z Selecting previously unselected package libegl-mesa0:amd64.
2025-09-11T07:49:47.2120000Z Preparing to unpack .../116-libegl-mesa0_25.0.7-0ubuntu0.24.04.2_amd64.deb ...
2025-09-11T07:49:47.2132785Z Unpacking libegl-mesa0:amd64 (25.0.7-0ubuntu0.24.04.2) ...
2025-09-11T07:49:47.2407909Z Selecting previously unselected package libevent-2.1-7t64:amd64.
2025-09-11T07:49:47.2542154Z Preparing to unpack .../117-libevent-2.1-7t64_2.1.12-stable-9ubuntu2_amd64.deb ...
2025-09-11T07:49:47.2558517Z Unpacking libevent-2.1-7t64:amd64 (2.1.12-stable-9ubuntu2) ...
2025-09-11T07:49:47.2813903Z Selecting previously unselected package libfaad2:amd64.
2025-09-11T07:49:47.2952274Z Preparing to unpack .../118-libfaad2_2.11.1-1build1_amd64.deb ...
2025-09-11T07:49:47.2975490Z Unpacking libfaad2:amd64 (2.11.1-1build1) ...
2025-09-11T07:49:47.3247293Z Selecting previously unselected package libinstpatch-1.0-2:amd64.
2025-09-11T07:49:47.3386149Z Preparing to unpack .../119-libinstpatch-1.0-2_1.1.6-1build2_amd64.deb ...
2025-09-11T07:49:47.3399486Z Unpacking libinstpatch-1.0-2:amd64 (1.1.6-1build2) ...
2025-09-11T07:49:47.3672975Z Selecting previously unselected package libjack-jackd2-0:amd64.
2025-09-11T07:49:47.3810066Z Preparing to unpack .../120-libjack-jackd2-0_1.9.21~dfsg-3ubuntu3_amd64.deb ...
2025-09-11T07:49:47.3820659Z Unpacking libjack-jackd2-0:amd64 (1.9.21~dfsg-3ubuntu3) ...
2025-09-11T07:49:47.4100328Z Selecting previously unselected package libwebrtc-audio-processing1:amd64.
2025-09-11T07:49:47.4238176Z Preparing to unpack .../121-libwebrtc-audio-processing1_0.3.1-0ubuntu6_amd64.deb ...
2025-09-11T07:49:47.4246747Z Unpacking libwebrtc-audio-processing1:amd64 (0.3.1-0ubuntu6) ...
2025-09-11T07:49:47.4508382Z Selecting previously unselected package libspa-0.2-modules:amd64.
2025-09-11T07:49:47.4646219Z Preparing to unpack .../122-libspa-0.2-modules_1.0.5-1ubuntu3.1_amd64.deb ...
2025-09-11T07:49:47.4655295Z Unpacking libspa-0.2-modules:amd64 (1.0.5-1ubuntu3.1) ...
2025-09-11T07:49:47.5018307Z Selecting previously unselected package libpipewire-0.3-0t64:amd64.
2025-09-11T07:49:47.5154488Z Preparing to unpack .../123-libpipewire-0.3-0t64_1.0.5-1ubuntu3.1_amd64.deb ...
2025-09-11T07:49:47.5168053Z Unpacking libpipewire-0.3-0t64:amd64 (1.0.5-1ubuntu3.1) ...
2025-09-11T07:49:47.5440329Z Selecting previously unselected package libsdl2-2.0-0:amd64.
2025-09-11T07:49:47.5575421Z Preparing to unpack .../124-libsdl2-2.0-0_2.30.0+dfsg-1ubuntu3.1_amd64.deb ...
2025-09-11T07:49:47.5588975Z Unpacking libsdl2-2.0-0:amd64 (2.30.0+dfsg-1ubuntu3.1) ...
2025-09-11T07:49:47.5916445Z Selecting previously unselected package timgm6mb-soundfont.
2025-09-11T07:49:47.6052537Z Preparing to unpack .../125-timgm6mb-soundfont_1.3-5_all.deb ...
2025-09-11T07:49:47.6066875Z Unpacking timgm6mb-soundfont (1.3-5) ...
2025-09-11T07:49:47.9541629Z Selecting previously unselected package libfluidsynth3:amd64.
2025-09-11T07:49:47.9679501Z Preparing to unpack .../126-libfluidsynth3_2.3.4-1build3_amd64.deb ...
2025-09-11T07:49:47.9687816Z Unpacking libfluidsynth3:amd64 (2.3.4-1build3) ...
2025-09-11T07:49:47.9962061Z Selecting previously unselected package libfreeaptx0:amd64.
2025-09-11T07:49:48.0099769Z Preparing to unpack .../127-libfreeaptx0_0.1.1-2build1_amd64.deb ...
2025-09-11T07:49:48.0118028Z Unpacking libfreeaptx0:amd64 (0.1.1-2build1) ...
2025-09-11T07:49:48.0352969Z Selecting previously unselected package libgraphene-1.0-0:amd64.
2025-09-11T07:49:48.0491923Z Preparing to unpack .../128-libgraphene-1.0-0_1.10.8-3build2_amd64.deb ...
2025-09-11T07:49:48.0501829Z Unpacking libgraphene-1.0-0:amd64 (1.10.8-3build2) ...
2025-09-11T07:49:48.0737986Z Selecting previously unselected package libgssdp-1.6-0:amd64.
2025-09-11T07:49:48.0881501Z Preparing to unpack .../129-libgssdp-1.6-0_1.6.3-1build3_amd64.deb ...
2025-09-11T07:49:48.0893594Z Unpacking libgssdp-1.6-0:amd64 (1.6.3-1build3) ...
2025-09-11T07:49:48.1161520Z Selecting previously unselected package libegl1:amd64.
2025-09-11T07:49:48.1297247Z Preparing to unpack .../130-libegl1_1.7.0-1build1_amd64.deb ...
2025-09-11T07:49:48.1307235Z Unpacking libegl1:amd64 (1.7.0-1build1) ...
2025-09-11T07:49:48.1565483Z Selecting previously unselected package libgstreamer-gl1.0-0:amd64.
2025-09-11T07:49:48.1709134Z Preparing to unpack .../131-libgstreamer-gl1.0-0_1.24.2-1ubuntu0.3_amd64.deb ...
2025-09-11T07:49:48.1722564Z Unpacking libgstreamer-gl1.0-0:amd64 (1.24.2-1ubuntu0.3) ...
2025-09-11T07:49:48.1996719Z Selecting previously unselected package libgtk-4-common.
2025-09-11T07:49:48.2135364Z Preparing to unpack .../132-libgtk-4-common_4.14.5+ds-0ubuntu0.5_all.deb ...
2025-09-11T07:49:48.2147339Z Unpacking libgtk-4-common (4.14.5+ds-0ubuntu0.5) ...
2025-09-11T07:49:48.2709574Z Selecting previously unselected package libgtk-4-1:amd64.
2025-09-11T07:49:48.2880199Z Preparing to unpack .../133-libgtk-4-1_4.14.5+ds-0ubuntu0.5_amd64.deb ...
2025-09-11T07:49:48.2892355Z Unpacking libgtk-4-1:amd64 (4.14.5+ds-0ubuntu0.5) ...
2025-09-11T07:49:48.3720077Z Selecting previously unselected package libgupnp-1.6-0:amd64.
2025-09-11T07:49:48.3858031Z Preparing to unpack .../134-libgupnp-1.6-0_1.6.6-1build3_amd64.deb ...
2025-09-11T07:49:48.3868193Z Unpacking libgupnp-1.6-0:amd64 (1.6.6-1build3) ...
2025-09-11T07:49:48.4116455Z Selecting previously unselected package libgupnp-igd-1.6-0:amd64.
2025-09-11T07:49:48.4251717Z Preparing to unpack .../135-libgupnp-igd-1.6-0_1.6.0-3build3_amd64.deb ...
2025-09-11T07:49:48.4263941Z Unpacking libgupnp-igd-1.6-0:amd64 (1.6.0-3build3) ...
2025-09-11T07:49:48.4499039Z Selecting previously unselected package libharfbuzz-icu0:amd64.
2025-09-11T07:49:48.4635451Z Preparing to unpack .../136-libharfbuzz-icu0_8.3.0-2build2_amd64.deb ...
2025-09-11T07:49:48.4645800Z Unpacking libharfbuzz-icu0:amd64 (8.3.0-2build2) ...
2025-09-11T07:49:48.4895453Z Selecting previously unselected package libhyphen0:amd64.
2025-09-11T07:49:48.5030707Z Preparing to unpack .../137-libhyphen0_2.8.8-7build3_amd64.deb ...
2025-09-11T07:49:48.5039441Z Unpacking libhyphen0:amd64 (2.8.8-7build3) ...
2025-09-11T07:49:48.5297760Z Selecting previously unselected package libimath-3-1-29t64:amd64.
2025-09-11T07:49:48.5438601Z Preparing to unpack .../138-libimath-3-1-29t64_3.1.9-3.1ubuntu2_amd64.deb ...
2025-09-11T07:49:48.5449148Z Unpacking libimath-3-1-29t64:amd64 (3.1.9-3.1ubuntu2) ...
2025-09-11T07:49:48.5713104Z Selecting previously unselected package liblc3-1:amd64.
2025-09-11T07:49:48.5848360Z Preparing to unpack .../139-liblc3-1_1.0.4-3build1_amd64.deb ...
2025-09-11T07:49:48.5857492Z Unpacking liblc3-1:amd64 (1.0.4-3build1) ...
2025-09-11T07:49:48.6096668Z Selecting previously unselected package libldacbt-enc2:amd64.
2025-09-11T07:49:48.6231453Z Preparing to unpack .../140-libldacbt-enc2_2.0.2.3+git20200429+ed310a0-4ubuntu2_amd64.deb ...
2025-09-11T07:49:48.6243648Z Unpacking libldacbt-enc2:amd64 (2.0.2.3+git20200429+ed310a0-4ubuntu2) ...
2025-09-11T07:49:48.6470470Z Selecting previously unselected package libraptor2-0:amd64.
2025-09-11T07:49:48.6606668Z Preparing to unpack .../141-libraptor2-0_2.0.16-3ubuntu0.1_amd64.deb ...
2025-09-11T07:49:48.6616392Z Unpacking libraptor2-0:amd64 (2.0.16-3ubuntu0.1) ...
2025-09-11T07:49:48.6870463Z Selecting previously unselected package liblrdf0:amd64.
2025-09-11T07:49:48.7004645Z Preparing to unpack .../142-liblrdf0_0.6.1-4build1_amd64.deb ...
2025-09-11T07:49:48.7015700Z Unpacking liblrdf0:amd64 (0.6.1-4build1) ...
2025-09-11T07:49:48.7308075Z Selecting previously unselected package libltc11:amd64.
2025-09-11T07:49:48.7445361Z Preparing to unpack .../143-libltc11_1.3.2-1build1_amd64.deb ...
2025-09-11T07:49:48.7453674Z Unpacking libltc11:amd64 (1.3.2-1build1) ...
2025-09-11T07:49:48.7704053Z Selecting previously unselected package libmanette-0.2-0:amd64.
2025-09-11T07:49:48.7837964Z Preparing to unpack .../144-libmanette-0.2-0_0.2.7-1build2_amd64.deb ...
2025-09-11T07:49:48.7847125Z Unpacking libmanette-0.2-0:amd64 (0.2.7-1build2) ...
2025-09-11T07:49:48.8102435Z Selecting previously unselected package libmfx1:amd64.
2025-09-11T07:49:48.8232528Z Preparing to unpack .../145-libmfx1_22.5.4-1_amd64.deb ...
2025-09-11T07:49:48.8243399Z Unpacking libmfx1:amd64 (22.5.4-1) ...
2025-09-11T07:49:48.9573675Z Selecting previously unselected package libmjpegutils-2.1-0t64:amd64.
2025-09-11T07:49:48.9751413Z Preparing to unpack .../146-libmjpegutils-2.1-0t64_1%3a2.1.0+debian-8.1build1_amd64.deb ...
2025-09-11T07:49:48.9770215Z Unpacking libmjpegutils-2.1-0t64:amd64 (1:2.1.0+debian-8.1build1) ...
2025-09-11T07:49:49.0062046Z Selecting previously unselected package libmodplug1:amd64.
2025-09-11T07:49:49.0199645Z Preparing to unpack .../147-libmodplug1_1%3a0.8.9.0-3build1_amd64.deb ...
2025-09-11T07:49:49.0212690Z Unpacking libmodplug1:amd64 (1:0.8.9.0-3build1) ...
2025-09-11T07:49:49.0473776Z Selecting previously unselected package libmpcdec6:amd64.
2025-09-11T07:49:49.0614420Z Preparing to unpack .../148-libmpcdec6_2%3a0.1~r495-2build1_amd64.deb ...
2025-09-11T07:49:49.0624217Z Unpacking libmpcdec6:amd64 (2:0.1~r495-2build1) ...
2025-09-11T07:49:49.0872720Z Selecting previously unselected package libmpeg2encpp-2.1-0t64:amd64.
2025-09-11T07:49:49.1052550Z Preparing to unpack .../149-libmpeg2encpp-2.1-0t64_1%3a2.1.0+debian-8.1build1_amd64.deb ...
2025-09-11T07:49:49.1102191Z Unpacking libmpeg2encpp-2.1-0t64:amd64 (1:2.1.0+debian-8.1build1) ...
2025-09-11T07:49:49.1420838Z Selecting previously unselected package libmplex2-2.1-0t64:amd64.
2025-09-11T07:49:49.1563151Z Preparing to unpack .../150-libmplex2-2.1-0t64_1%3a2.1.0+debian-8.1build1_amd64.deb ...
2025-09-11T07:49:49.1578257Z Unpacking libmplex2-2.1-0t64:amd64 (1:2.1.0+debian-8.1build1) ...
2025-09-11T07:49:49.1816457Z Selecting previously unselected package libneon27t64:amd64.
2025-09-11T07:49:49.1952006Z Preparing to unpack .../151-libneon27t64_0.33.0-1.1build3_amd64.deb ...
2025-09-11T07:49:49.1975165Z Unpacking libneon27t64:amd64 (0.33.0-1.1build3) ...
2025-09-11T07:49:49.2226335Z Selecting previously unselected package libnice10:amd64.
2025-09-11T07:49:49.2362182Z Preparing to unpack .../152-libnice10_0.1.21-2build3_amd64.deb ...
2025-09-11T07:49:49.2373800Z Unpacking libnice10:amd64 (0.1.21-2build3) ...
2025-09-11T07:49:49.2623315Z Selecting previously unselected package libopenal-data.
2025-09-11T07:49:49.2759098Z Preparing to unpack .../153-libopenal-data_1%3a1.23.1-4build1_all.deb ...
2025-09-11T07:49:49.2774614Z Unpacking libopenal-data (1:1.23.1-4build1) ...
2025-09-11T07:49:49.3039091Z Selecting previously unselected package libopenexr-3-1-30:amd64.
2025-09-11T07:49:49.3177034Z Preparing to unpack .../154-libopenexr-3-1-30_3.1.5-5.1build3_amd64.deb ...
2025-09-11T07:49:49.3187516Z Unpacking libopenexr-3-1-30:amd64 (3.1.5-5.1build3) ...
2025-09-11T07:49:49.3685009Z Selecting previously unselected package libopenh264-7:amd64.
2025-09-11T07:49:49.3868526Z Preparing to unpack .../155-libopenh264-7_2.4.1+dfsg-1_amd64.deb ...
2025-09-11T07:49:49.3897756Z Unpacking libopenh264-7:amd64 (2.4.1+dfsg-1) ...
2025-09-11T07:49:49.4353126Z Selecting previously unselected package libopenni2-0:amd64.
2025-09-11T07:49:49.4516371Z Preparing to unpack .../156-libopenni2-0_2.2.0.33+dfsg-18_amd64.deb ...
2025-09-11T07:49:49.4575746Z Unpacking libopenni2-0:amd64 (2.2.0.33+dfsg-18) ...
2025-09-11T07:49:49.5014917Z Selecting previously unselected package libqrencode4:amd64.
2025-09-11T07:49:49.5200133Z Preparing to unpack .../157-libqrencode4_4.1.1-1build2_amd64.deb ...
2025-09-11T07:49:49.5223594Z Unpacking libqrencode4:amd64 (4.1.1-1build2) ...
2025-09-11T07:49:49.5544143Z Selecting previously unselected package libsecret-common.
2025-09-11T07:49:49.5726656Z Preparing to unpack .../158-libsecret-common_0.21.4-1build3_all.deb ...
2025-09-11T07:49:49.5742757Z Unpacking libsecret-common (0.21.4-1build3) ...
2025-09-11T07:49:49.6074271Z Selecting previously unselected package libsecret-1-0:amd64.
2025-09-11T07:49:49.6275470Z Preparing to unpack .../159-libsecret-1-0_0.21.4-1build3_amd64.deb ...
2025-09-11T07:49:49.6290616Z Unpacking libsecret-1-0:amd64 (0.21.4-1build3) ...
2025-09-11T07:49:49.6660688Z Selecting previously unselected package libsndio7.0:amd64.
2025-09-11T07:49:49.6848019Z Preparing to unpack .../160-libsndio7.0_1.9.0-0.3build3_amd64.deb ...
2025-09-11T07:49:49.6873786Z Unpacking libsndio7.0:amd64 (1.9.0-0.3build3) ...
2025-09-11T07:49:49.7224097Z Selecting previously unselected package libsoundtouch1:amd64.
2025-09-11T07:49:49.7412751Z Preparing to unpack .../161-libsoundtouch1_2.3.2+ds1-1build1_amd64.deb ...
2025-09-11T07:49:49.7442504Z Unpacking libsoundtouch1:amd64 (2.3.2+ds1-1build1) ...
2025-09-11T07:49:49.7803086Z Selecting previously unselected package libspandsp2t64:amd64.
2025-09-11T07:49:49.7987486Z Preparing to unpack .../162-libspandsp2t64_0.0.6+dfsg-2.1build1_amd64.deb ...
2025-09-11T07:49:49.8020709Z Unpacking libspandsp2t64:amd64 (0.0.6+dfsg-2.1build1) ...
2025-09-11T07:49:49.8478139Z Selecting previously unselected package libsrtp2-1:amd64.
2025-09-11T07:49:49.8622980Z Preparing to unpack .../163-libsrtp2-1_2.5.0-3build1_amd64.deb ...
2025-09-11T07:49:49.8632411Z Unpacking libsrtp2-1:amd64 (2.5.0-3build1) ...
2025-09-11T07:49:49.8908705Z Selecting previously unselected package libwildmidi2:amd64.
2025-09-11T07:49:49.9045559Z Preparing to unpack .../164-libwildmidi2_0.4.3-1build3_amd64.deb ...
2025-09-11T07:49:49.9053899Z Unpacking libwildmidi2:amd64 (0.4.3-1build3) ...
2025-09-11T07:49:49.9302523Z Selecting previously unselected package libwoff1:amd64.
2025-09-11T07:49:49.9437442Z Preparing to unpack .../165-libwoff1_1.0.2-2build1_amd64.deb ...
2025-09-11T07:49:49.9445382Z Unpacking libwoff1:amd64 (1.0.2-2build1) ...
2025-09-11T07:49:49.9690848Z Selecting previously unselected package libxcb-xkb1:amd64.
2025-09-11T07:49:49.9828025Z Preparing to unpack .../166-libxcb-xkb1_1.15-1ubuntu2_amd64.deb ...
2025-09-11T07:49:49.9839235Z Unpacking libxcb-xkb1:amd64 (1.15-1ubuntu2) ...
2025-09-11T07:49:50.0073033Z Selecting previously unselected package libxkbcommon-x11-0:amd64.
2025-09-11T07:49:50.0228109Z Preparing to unpack .../167-libxkbcommon-x11-0_1.6.0-1build1_amd64.deb ...
2025-09-11T07:49:50.0248017Z Unpacking libxkbcommon-x11-0:amd64 (1.6.0-1build1) ...
2025-09-11T07:49:50.0572552Z Selecting previously unselected package libzbar0t64:amd64.
2025-09-11T07:49:50.0740480Z Preparing to unpack .../168-libzbar0t64_0.23.93-4build3_amd64.deb ...
2025-09-11T07:49:50.0753047Z Unpacking libzbar0t64:amd64 (0.23.93-4build3) ...
2025-09-11T07:49:50.1007473Z Selecting previously unselected package libzxing3:amd64.
2025-09-11T07:49:50.1143725Z Preparing to unpack .../169-libzxing3_2.2.1-3_amd64.deb ...
2025-09-11T07:49:50.1154584Z Unpacking libzxing3:amd64 (2.2.1-3) ...
2025-09-11T07:49:50.1426893Z Selecting previously unselected package xfonts-encodings.
2025-09-11T07:49:50.1562121Z Preparing to unpack .../170-xfonts-encodings_1%3a1.0.5-0ubuntu2_all.deb ...
2025-09-11T07:49:50.1573880Z Unpacking xfonts-encodings (1:1.0.5-0ubuntu2) ...
2025-09-11T07:49:50.1906317Z Selecting previously unselected package xfonts-utils.
2025-09-11T07:49:50.2041026Z Preparing to unpack .../171-xfonts-utils_1%3a7.7+6build3_amd64.deb ...
2025-09-11T07:49:50.2068284Z Unpacking xfonts-utils (1:7.7+6build3) ...
2025-09-11T07:49:50.2514056Z Selecting previously unselected package xfonts-cyrillic.
2025-09-11T07:49:50.2649095Z Preparing to unpack .../172-xfonts-cyrillic_1%3a1.0.5+nmu1_all.deb ...
2025-09-11T07:49:50.2658566Z Unpacking xfonts-cyrillic (1:1.0.5+nmu1) ...
2025-09-11T07:49:50.3222791Z Selecting previously unselected package xfonts-scalable.
2025-09-11T07:49:50.3399105Z Preparing to unpack .../173-xfonts-scalable_1%3a1.0.3-1.3_all.deb ...
2025-09-11T07:49:50.3416709Z Unpacking xfonts-scalable (1:1.0.3-1.3) ...
2025-09-11T07:49:50.3826521Z Selecting previously unselected package libgstreamer-plugins-bad1.0-0:amd64.
2025-09-11T07:49:50.4012659Z Preparing to unpack .../174-libgstreamer-plugins-bad1.0-0_1.24.2-1ubuntu4_amd64.deb ...
2025-09-11T07:49:50.4058990Z Unpacking libgstreamer-plugins-bad1.0-0:amd64 (1.24.2-1ubuntu4) ...
2025-09-11T07:49:50.4519842Z Selecting previously unselected package libdca0:amd64.
2025-09-11T07:49:50.4657388Z Preparing to unpack .../175-libdca0_0.0.7-2build1_amd64.deb ...
2025-09-11T07:49:50.4666528Z Unpacking libdca0:amd64 (0.0.7-2build1) ...
2025-09-11T07:49:50.4918827Z Selecting previously unselected package libopenal1:amd64.
2025-09-11T07:49:50.5053901Z Preparing to unpack .../176-libopenal1_1%3a1.23.1-4build1_amd64.deb ...
2025-09-11T07:49:50.5063965Z Unpacking libopenal1:amd64 (1:1.23.1-4build1) ...
2025-09-11T07:49:50.5344626Z Selecting previously unselected package libsbc1:amd64.
2025-09-11T07:49:50.5485993Z Preparing to unpack .../177-libsbc1_2.0-1build1_amd64.deb ...
2025-09-11T07:49:50.5495281Z Unpacking libsbc1:amd64 (2.0-1build1) ...
2025-09-11T07:49:50.5730232Z Selecting previously unselected package libvo-aacenc0:amd64.
2025-09-11T07:49:50.5871265Z Preparing to unpack .../178-libvo-aacenc0_0.1.3-2build1_amd64.deb ...
2025-09-11T07:49:50.5881540Z Unpacking libvo-aacenc0:amd64 (0.1.3-2build1) ...
2025-09-11T07:49:50.6143417Z Selecting previously unselected package libvo-amrwbenc0:amd64.
2025-09-11T07:49:50.6316173Z Preparing to unpack .../179-libvo-amrwbenc0_0.1.3-2build1_amd64.deb ...
2025-09-11T07:49:50.6344235Z Unpacking libvo-amrwbenc0:amd64 (0.1.3-2build1) ...
2025-09-11T07:49:50.6695671Z Selecting previously unselected package gstreamer1.0-plugins-bad:amd64.
2025-09-11T07:49:50.6852125Z Preparing to unpack .../180-gstreamer1.0-plugins-bad_1.24.2-1ubuntu4_amd64.deb ...
2025-09-11T07:49:50.6884075Z Unpacking gstreamer1.0-plugins-bad:amd64 (1.24.2-1ubuntu4) ...
2025-09-11T07:49:51.1144284Z Setting up libgme0:amd64 (0.6.3-7build1) ...
2025-09-11T07:49:51.1175168Z Setting up libchromaprint1:amd64 (1.5.1-5) ...
2025-09-11T07:49:51.1206192Z Setting up libssh-gcrypt-4:amd64 (0.10.6-2ubuntu0.1) ...
2025-09-11T07:49:51.1237857Z Setting up libhwy1t64:amd64 (1.0.7-8.1build1) ...
2025-09-11T07:49:51.1273197Z Setting up libcairo-script-interpreter2:amd64 (1.18.0-3build1) ...
2025-09-11T07:49:51.1305322Z Setting up libfreeaptx0:amd64 (0.1.1-2build1) ...
2025-09-11T07:49:51.1337249Z Setting up libdvdread8t64:amd64 (6.1.3-1.1build1) ...
2025-09-11T07:49:51.1365955Z Setting up libudfread0:amd64 (1.1.2-1build1) ...
2025-09-11T07:49:51.1393045Z Setting up libmodplug1:amd64 (1:0.8.9.0-3build1) ...
2025-09-11T07:49:51.1416567Z Setting up libcdparanoia0:amd64 (3.10.2+debian-14build3) ...
2025-09-11T07:49:51.1453904Z Setting up libvo-amrwbenc0:amd64 (0.1.3-2build1) ...
2025-09-11T07:49:51.1479008Z Setting up session-migration (0.3.9build1) ...
2025-09-11T07:49:51.2638994Z Created symlink /etc/systemd/user/graphical-session-pre.target.wants/session-migration.service → /usr/lib/systemd/user/session-migration.service.
2025-09-11T07:49:51.2642834Z 
2025-09-11T07:49:51.2674465Z Setting up libraw1394-11:amd64 (2.1.2-2build3) ...
2025-09-11T07:49:51.2713951Z Setting up libsbc1:amd64 (2.0-1build1) ...
2025-09-11T07:49:51.2746927Z Setting up libproxy1v5:amd64 (0.5.4-4build1) ...
2025-09-11T07:49:51.2785992Z Setting up libtag1v5-vanilla:amd64 (1.13.1-1build1) ...
2025-09-11T07:49:51.2815300Z Setting up libharfbuzz-icu0:amd64 (8.3.0-2build2) ...
2025-09-11T07:49:51.2841366Z Setting up libopenni2-0:amd64 (2.2.0.33+dfsg-18) ...
2025-09-11T07:49:51.3009923Z Setting up libspeex1:amd64 (1.2.1-2ubuntu2.24.04.1) ...
2025-09-11T07:49:51.3042950Z Setting up libshine3:amd64 (3.1.1-2build1) ...
2025-09-11T07:49:51.3076117Z Setting up libcaca0:amd64 (0.99.beta20-4build2) ...
2025-09-11T07:49:51.3108811Z Setting up libvpl2 (2023.3.0-1build1) ...
2025-09-11T07:49:51.3149569Z Setting up libv4lconvert0t64:amd64 (1.26.1-4build3) ...
2025-09-11T07:49:51.3187975Z Setting up libx264-164:amd64 (2:0.164.3108+git31e19f9-1) ...
2025-09-11T07:49:51.3214132Z Setting up libtwolame0:amd64 (0.4.0-2build3) ...
2025-09-11T07:49:51.3242699Z Setting up libmbedcrypto7t64:amd64 (2.28.8-1) ...
2025-09-11T07:49:51.3267379Z Setting up libwoff1:amd64 (1.0.2-2build1) ...
2025-09-11T07:49:51.3310125Z Setting up liblc3-1:amd64 (1.0.4-3build1) ...
2025-09-11T07:49:51.3335485Z Setting up libqrencode4:amd64 (4.1.1-1build2) ...
2025-09-11T07:49:51.3358008Z Setting up libhyphen0:amd64 (2.8.8-7build3) ...
2025-09-11T07:49:51.3391771Z Setting up libgsm1:amd64 (1.0.22-1build1) ...
2025-09-11T07:49:51.3417912Z Setting up libvisual-0.4-0:amd64 (0.4.2-2build1) ...
2025-09-11T07:49:51.3443067Z Setting up libsoxr0:amd64 (0.1.3-4build3) ...
2025-09-11T07:49:51.3472163Z Setting up libzix-0-0:amd64 (0.4.2-2build1) ...
2025-09-11T07:49:51.3497524Z Setting up libcodec2-1.2:amd64 (1.2.0-2build1) ...
2025-09-11T07:49:51.3519292Z Setting up libmanette-0.2-0:amd64 (0.2.7-1build2) ...
2025-09-11T07:49:51.3548690Z Setting up libsrtp2-1:amd64 (2.5.0-3build1) ...
2025-09-11T07:49:51.3573156Z Setting up libmysofa1:amd64 (1.3.2+dfsg-2ubuntu2) ...
2025-09-11T07:49:51.3606760Z Setting up libldacbt-enc2:amd64 (2.0.2.3+git20200429+ed310a0-4ubuntu2) ...
2025-09-11T07:49:51.3638273Z Setting up fonts-wqy-zenhei (0.9.45-8) ...
2025-09-11T07:49:51.3781538Z Setting up libwebrtc-audio-processing1:amd64 (0.3.1-0ubuntu6) ...
2025-09-11T07:49:51.3808873Z Setting up fonts-freefont-ttf (20211204+svn4273-2) ...
2025-09-11T07:49:51.3833475Z Setting up libevent-2.1-7t64:amd64 (2.1.12-stable-9ubuntu2) ...
2025-09-11T07:49:51.3859728Z Setting up libsvtav1enc1d1:amd64 (1.7.0+dfsg-2build1) ...
2025-09-11T07:49:51.3883071Z Setting up libsoup-3.0-common (3.4.4-5ubuntu0.5) ...
2025-09-11T07:49:51.3905692Z Setting up libmpg123-0t64:amd64 (1.32.5-1ubuntu1.1) ...
2025-09-11T07:49:51.3929547Z Setting up libcjson1:amd64 (1.7.17-1) ...
2025-09-11T07:49:51.3957996Z Setting up libxvidcore4:amd64 (2:1.3.7-1build1) ...
2025-09-11T07:49:51.3991843Z Setting up libmpcdec6:amd64 (2:0.1~r495-2build1) ...
2025-09-11T07:49:51.4028153Z Setting up libmjpegutils-2.1-0t64:amd64 (1:2.1.0+debian-8.1build1) ...
2025-09-11T07:49:51.4066231Z Setting up librav1e0:amd64 (0.7.1-2) ...
2025-09-11T07:49:51.4098906Z Setting up liborc-0.4-0t64:amd64 (1:0.4.38-1ubuntu0.1) ...
2025-09-11T07:49:51.4135720Z Setting up libxcb-xkb1:amd64 (1.15-1ubuntu2) ...
2025-09-11T07:49:51.4175305Z Setting up libvo-aacenc0:amd64 (0.1.3-2build1) ...
2025-09-11T07:49:51.4211895Z Setting up librist4:amd64 (0.2.10+dfsg-2) ...
2025-09-11T07:49:51.4251954Z Setting up libblas3:amd64 (3.12.0-3build1.1) ...
2025-09-11T07:49:51.4346613Z update-alternatives: using /usr/lib/x86_64-linux-gnu/blas/libblas.so.3 to provide /usr/lib/x86_64-linux-gnu/libblas.so.3 (libblas.so.3-x86_64-linux-gnu) in auto mode
2025-09-11T07:49:51.4375209Z Setting up libegl-mesa0:amd64 (25.0.7-0ubuntu0.24.04.2) ...
2025-09-11T07:49:51.4448799Z Setting up libsoundtouch1:amd64 (2.3.2+ds1-1build1) ...
2025-09-11T07:49:51.4482434Z Setting up libplacebo338:amd64 (6.338.2-2build1) ...
2025-09-11T07:49:51.4513518Z Setting up libgles2:amd64 (1.7.0-1build1) ...
2025-09-11T07:49:51.4550539Z Setting up fonts-tlwg-loma-otf (1:0.7.3-1) ...
2025-09-11T07:49:51.4586548Z Setting up libva2:amd64 (2.20.0-2build1) ...
2025-09-11T07:49:51.4622735Z Setting up libspa-0.2-modules:amd64 (1.0.5-1ubuntu3.1) ...
2025-09-11T07:49:51.4662974Z Setting up libzxing3:amd64 (2.2.1-3) ...
2025-09-11T07:49:51.4700210Z Setting up xfonts-encodings (1:1.0.5-0ubuntu2) ...
2025-09-11T07:49:51.4740825Z Setting up libopus0:amd64 (1.4-1build1) ...
2025-09-11T07:49:51.4775816Z Setting up libfaad2:amd64 (2.11.1-1build1) ...
2025-09-11T07:49:51.4814056Z Setting up libxkbcommon-x11-0:amd64 (1.6.0-1build1) ...
2025-09-11T07:49:51.4850955Z Setting up libdc1394-25:amd64 (2.2.6-4build1) ...
2025-09-11T07:49:51.4887294Z Setting up libimath-3-1-29t64:amd64 (3.1.9-3.1ubuntu2) ...
2025-09-11T07:49:51.4983926Z Setting up libunibreak5:amd64 (5.1-2build1) ...
2025-09-11T07:49:51.5029330Z Setting up libdv4t64:amd64 (1.0.0-17.1build1) ...
2025-09-11T07:49:51.5070622Z Setting up libjxl0.7:amd64 (0.7.0-10.2ubuntu6.1) ...
2025-09-11T07:49:51.5107534Z Setting up libopenh264-7:amd64 (2.4.1+dfsg-1) ...
2025-09-11T07:49:51.5140261Z Setting up libltc11:amd64 (1.3.2-1build1) ...
2025-09-11T07:49:51.5171414Z Setting up libx265-199:amd64 (3.5-2build1) ...
2025-09-11T07:49:51.5201359Z Setting up libv4l-0t64:amd64 (1.26.1-4build3) ...
2025-09-11T07:49:51.5224238Z Setting up libavtp0:amd64 (0.2.0-1build1) ...
2025-09-11T07:49:51.5249962Z Setting up libsndio7.0:amd64 (1.9.0-0.3build3) ...
2025-09-11T07:49:51.5277331Z Setting up libdirectfb-1.7-7t64:amd64 (1.7.7-11.1ubuntu2) ...
2025-09-11T07:49:51.5302578Z Setting up libspandsp2t64:amd64 (0.0.6+dfsg-2.1build1) ...
2025-09-11T07:49:51.5332587Z Setting up libvidstab1.1:amd64 (1.1.0-2build1) ...
2025-09-11T07:49:51.5364805Z Setting up libvpx9:amd64 (1.14.0-1ubuntu2.2) ...
2025-09-11T07:49:51.5517785Z Setting up libsrt1.5-gnutls:amd64 (1.5.3-1build2) ...
2025-09-11T07:49:51.5553322Z Setting up libtag1v5:amd64 (1.13.1-1build1) ...
2025-09-11T07:49:51.5581459Z Setting up libflite1:amd64 (2.2-6build3) ...
2025-09-11T07:49:51.5609283Z Setting up libdav1d7:amd64 (1.4.1-1build1) ...
2025-09-11T07:49:51.5633677Z Setting up libva-drm2:amd64 (2.20.0-2build1) ...
2025-09-11T07:49:51.5663175Z Setting up fonts-ipafont-gothic (00303-21ubuntu1) ...
2025-09-11T07:49:51.5738001Z update-alternatives: using /usr/share/fonts/opentype/ipafont-gothic/ipag.ttf to provide /usr/share/fonts/truetype/fonts-japanese-gothic.ttf (fonts-japanese-gothic.ttf) in auto mode
2025-09-11T07:49:51.5755881Z Setting up ocl-icd-libopencl1:amd64 (2.3.2-1build1) ...
2025-09-11T07:49:51.5779053Z Setting up libasyncns0:amd64 (0.8-6build4) ...
2025-09-11T07:49:51.5803807Z Setting up libwildmidi2:amd64 (0.4.3-1build3) ...
2025-09-11T07:49:51.5827830Z Setting up libvdpau1:amd64 (1.5-2build1) ...
2025-09-11T07:49:51.5867115Z Setting up libwavpack1:amd64 (5.6.0-1build1) ...
2025-09-11T07:49:51.5888423Z Setting up libbs2b0:amd64 (3.1.0+dfsg-7build1) ...
2025-09-11T07:49:51.5916337Z Setting up libtheora0:amd64 (1.1.1+dfsg.1-16.1build3) ...
2025-09-11T07:49:51.5943954Z Setting up libegl1:amd64 (1.7.0-1build1) ...
2025-09-11T07:49:51.5971906Z Setting up libdecor-0-0:amd64 (0.2.2-1build2) ...
2025-09-11T07:49:51.5999760Z Setting up libdca0:amd64 (0.0.7-2build1) ...
2025-09-11T07:49:51.6030272Z Setting up libzimg2:amd64 (3.0.5+ds1-1build1) ...
2025-09-11T07:49:51.6055745Z Setting up libopenal-data (1:1.23.1-4build1) ...
2025-09-11T07:49:51.6093973Z Setting up libabsl20220623t64:amd64 (20220623.1-3.1ubuntu3.2) ...
2025-09-11T07:49:51.6121947Z Setting up libflac12t64:amd64 (1.4.3+ds-2.1ubuntu2) ...
2025-09-11T07:49:51.6149113Z Setting up libgtk-4-common (4.14.5+ds-0ubuntu0.5) ...
2025-09-11T07:49:51.6180151Z Setting up libmpeg2encpp-2.1-0t64:amd64 (1:2.1.0+debian-8.1build1) ...
2025-09-11T07:49:51.6205539Z Setting up glib-networking-common (2.80.0-1build1) ...
2025-09-11T07:49:51.6232351Z Setting up libmfx1:amd64 (22.5.4-1) ...
2025-09-11T07:49:51.6254651Z Setting up libsamplerate0:amd64 (0.2.2-4build1) ...
2025-09-11T07:49:51.6278396Z Setting up timgm6mb-soundfont (1.3-5) ...
2025-09-11T07:49:51.6368319Z update-alternatives: using /usr/share/sounds/sf2/TimGM6mb.sf2 to provide /usr/share/sounds/sf2/default-GM.sf2 (default-GM.sf2) in auto mode
2025-09-11T07:49:51.6412671Z update-alternatives: using /usr/share/sounds/sf2/TimGM6mb.sf2 to provide /usr/share/sounds/sf3/default-GM.sf3 (default-GM.sf3) in auto mode
2025-09-11T07:49:51.6432064Z Setting up libva-x11-2:amd64 (2.20.0-2build1) ...
2025-09-11T07:49:51.6470271Z Setting up libyuv0:amd64 (0.0~git202401110.af6ac82-1) ...
2025-09-11T07:49:51.6497618Z Setting up libmplex2-2.1-0t64:amd64 (1:2.1.0+debian-8.1build1) ...
2025-09-11T07:49:51.6522996Z Setting up libpipewire-0.3-0t64:amd64 (1.0.5-1ubuntu3.1) ...
2025-09-11T07:49:51.6547032Z Setting up libxml2:amd64 (2.9.14+dfsg-1.3ubuntu3.5) ...
2025-09-11T07:49:51.6574653Z Setting up libopenmpt0t64:amd64 (0.7.3-1.1build3) ...
2025-09-11T07:49:51.6608899Z Setting up libzvbi-common (0.2.42-2) ...
2025-09-11T07:49:51.6638066Z Setting up libsecret-common (0.21.4-1build3) ...
2025-09-11T07:49:51.6704807Z Setting up libmp3lame0:amd64 (3.100-6build1) ...
2025-09-11T07:49:51.6733445Z Setting up libgraphene-1.0-0:amd64 (1.10.8-3build2) ...
2025-09-11T07:49:51.6763715Z Setting up libvorbisenc2:amd64 (1.3.7-1build3) ...
2025-09-11T07:49:51.6789180Z Setting up libdvdnav4:amd64 (6.1.1-3build1) ...
2025-09-11T07:49:51.6817107Z Setting up fonts-unifont (1:15.1.01-1build1) ...
2025-09-11T07:49:51.6838259Z Setting up libaa1:amd64 (1.4p5-51.1) ...
2025-09-11T07:49:51.6864626Z Setting up libiec61883-0:amd64 (1.2.0-6build1) ...
2025-09-11T07:49:51.6892166Z Setting up libserd-0-0:amd64 (0.32.2-1) ...
2025-09-11T07:49:51.6915236Z Setting up libavc1394-0:amd64 (0.5.4-5build3) ...
2025-09-11T07:49:51.6943021Z Setting up gsettings-desktop-schemas (46.1-0ubuntu1) ...
2025-09-11T07:49:51.6977720Z Setting up glib-networking-services (2.80.0-1build1) ...
2025-09-11T07:49:51.7002222Z Setting up liblapack3:amd64 (3.12.0-3build1.1) ...
2025-09-11T07:49:51.7067059Z update-alternatives: using /usr/lib/x86_64-linux-gnu/lapack/liblapack.so.3 to provide /usr/lib/x86_64-linux-gnu/liblapack.so.3 (liblapack.so.3-x86_64-linux-gnu) in auto mode
2025-09-11T07:49:51.7089138Z Setting up libneon27t64:amd64 (0.33.0-1.1build3) ...
2025-09-11T07:49:51.7114623Z Setting up libzvbi0t64:amd64 (0.2.42-2) ...
2025-09-11T07:49:51.7140672Z Setting up libraptor2-0:amd64 (2.0.16-3ubuntu0.1) ...
2025-09-11T07:49:51.7174181Z Setting up libzbar0t64:amd64 (0.23.93-4build3) ...
2025-09-11T07:49:51.7206254Z Setting up libgstreamer-plugins-base1.0-0:amd64 (1.24.2-1ubuntu0.3) ...
2025-09-11T07:49:51.7232269Z Setting up libavutil58:amd64 (7:6.1.1-3ubuntu5) ...
2025-09-11T07:49:51.7260907Z Setting up libopenal1:amd64 (1:1.23.1-4build1) ...
2025-09-11T07:49:51.7286167Z Setting up xfonts-utils (1:7.7+6build3) ...
2025-09-11T07:49:51.7334430Z Setting up librsvg2-2:amd64 (2.58.0+dfsg-1build1) ...
2025-09-11T07:49:51.7363078Z Setting up libxml2-dev:amd64 (2.9.14+dfsg-1.3ubuntu3.5) ...
2025-09-11T07:49:51.7393307Z Setting up libsecret-1-0:amd64 (0.21.4-1build3) ...
2025-09-11T07:49:51.7425726Z Setting up libgstreamer-plugins-good1.0-0:amd64 (1.24.2-1ubuntu1.2) ...
2025-09-11T07:49:51.7457589Z Setting up libgstreamer-gl1.0-0:amd64 (1.24.2-1ubuntu0.3) ...
2025-09-11T07:49:51.7489005Z Setting up gstreamer1.0-plugins-base:amd64 (1.24.2-1ubuntu0.3) ...
2025-09-11T07:49:51.7521010Z Setting up libass9:amd64 (1:0.17.1-2build1) ...
2025-09-11T07:49:51.7555030Z Setting up libswresample4:amd64 (7:6.1.1-3ubuntu5) ...
2025-09-11T07:49:51.7606170Z Setting up libopenexr-3-1-30:amd64 (3.1.5-5.1build3) ...
2025-09-11T07:49:51.7654846Z Setting up libshout3:amd64 (2.4.6-1build2) ...
2025-09-11T07:49:51.7685463Z Setting up libgav1-1:amd64 (0.18.0-1build3) ...
2025-09-11T07:49:51.7709313Z Setting up libavcodec60:amd64 (7:6.1.1-3ubuntu5) ...
2025-09-11T07:49:51.7739263Z Setting up librubberband2:amd64 (3.3.0+dfsg-2build1) ...
2025-09-11T07:49:51.7776612Z Setting up libjack-jackd2-0:amd64 (1.9.21~dfsg-3ubuntu3) ...
2025-09-11T07:49:51.7800660Z Setting up libsord-0-0:amd64 (0.16.16-2build1) ...
2025-09-11T07:49:51.7821823Z Setting up xfonts-cyrillic (1:1.0.5+nmu1) ...
2025-09-11T07:49:51.8149778Z Setting up libpostproc57:amd64 (7:6.1.1-3ubuntu5) ...
2025-09-11T07:49:51.8178608Z Setting up libsratom-0-0:amd64 (0.6.16-1build1) ...
2025-09-11T07:49:51.8204782Z Setting up libsndfile1:amd64 (1.2.2-1ubuntu5.24.04.1) ...
2025-09-11T07:49:51.8231716Z Setting up libbluray2:amd64 (1:1.3.4-1build1) ...
2025-09-11T07:49:51.8254061Z Setting up liblilv-0-0:amd64 (0.24.22-1build1) ...
2025-09-11T07:49:51.8277411Z Setting up libinstpatch-1.0-2:amd64 (1.1.6-1build2) ...
2025-09-11T07:49:51.8300784Z Setting up xfonts-scalable (1:1.0.3-1.3) ...
2025-09-11T07:49:51.8583617Z Setting up libswscale7:amd64 (7:6.1.1-3ubuntu5) ...
2025-09-11T07:49:51.8614119Z Setting up libavif16:amd64 (1.0.4-1ubuntu3) ...
2025-09-11T07:49:51.8639339Z Setting up libpulse0:amd64 (1:16.1+dfsg1-2ubuntu10.1) ...
2025-09-11T07:49:51.8728789Z Setting up liblrdf0:amd64 (0.6.1-4build1) ...
2025-09-11T07:49:51.8882433Z Setting up libavformat60:amd64 (7:6.1.1-3ubuntu5) ...
2025-09-11T07:49:51.8928586Z Setting up libsphinxbase3t64:amd64 (0.8+5prealpha+1-17build2) ...
2025-09-11T07:49:51.8957546Z Setting up libsdl2-2.0-0:amd64 (2.30.0+dfsg-1ubuntu3.1) ...
2025-09-11T07:49:51.8989510Z Setting up libfluidsynth3:amd64 (2.3.4-1build3) ...
2025-09-11T07:49:51.9022543Z Setting up libpocketsphinx3:amd64 (0.8.0+real5prealpha+1-15ubuntu5) ...
2025-09-11T07:49:51.9049929Z Setting up libavfilter9:amd64 (7:6.1.1-3ubuntu5) ...
2025-09-11T07:49:51.9081045Z Setting up gstreamer1.0-libav:amd64 (1.24.1-1build1) ...
2025-09-11T07:49:51.9405915Z Processing triggers for fontconfig (2.15.0-1.1ubuntu2) ...
2025-09-11T07:49:52.0530708Z Processing triggers for libc-bin (2.39-0ubuntu8.5) ...
2025-09-11T07:49:53.8072706Z Processing triggers for man-db (2.12.0-4build2) ...
2025-09-11T07:50:01.7426328Z ##[error]The operation was canceled.
2025-09-11T07:50:01.7504882Z ##[group]Run cd dashboard/frontend
2025-09-11T07:50:01.7505198Z [36;1mcd dashboard/frontend[0m
2025-09-11T07:50:01.7505466Z [36;1mmkdir -p playwright-report || true[0m
2025-09-11T07:50:01.7540252Z shell: /usr/bin/bash --noprofile --norc -e -o pipefail {0}
2025-09-11T07:50:01.7540628Z ##[endgroup]
2025-09-11T07:50:01.7660730Z ##[group]Run actions/upload-artifact@v4
2025-09-11T07:50:01.7661011Z with:
2025-09-11T07:50:01.7661799Z   name: playwright-report-ubuntu-latest
2025-09-11T07:50:01.7662096Z   path: dashboard/frontend/playwright-report
2025-09-11T07:50:01.7662370Z   if-no-files-found: warn
2025-09-11T07:50:01.7662604Z   compression-level: 6
2025-09-11T07:50:01.7662796Z   overwrite: false
2025-09-11T07:50:01.7662991Z   include-hidden-files: false
2025-09-11T07:50:01.7663481Z ##[endgroup]
2025-09-11T07:50:02.7348776Z ##[warning]No files were found with the provided path: dashboard/frontend/playwright-report. No artifacts will be uploaded.
2025-09-11T07:50:02.7425811Z Post job cleanup.
2025-09-11T07:50:04.7314462Z [command]/usr/bin/git version
2025-09-11T07:50:04.7316104Z git version 2.51.0
2025-09-11T07:50:04.7318889Z Temporarily overriding HOME='/home/runner/work/_temp/bdc1450a-c3ff-4c8b-a95c-7c66db2e8c29' before making global git config changes
2025-09-11T07:50:04.7319670Z Adding repository directory to the temporary git global config as a safe directory
2025-09-11T07:50:04.7320730Z [command]/usr/bin/git config --global --add safe.directory /home/runner/work/N8N-Self/N8N-Self
2025-09-11T07:50:04.7322222Z [command]/usr/bin/git config --local --name-only --get-regexp core\.sshCommand
2025-09-11T07:50:04.7323799Z [command]/usr/bin/git submodule foreach --recursive sh -c "git config --local --name-only --get-regexp 'core\.sshCommand' && git config --local --unset-all 'core.sshCommand' || :"
2025-09-11T07:50:04.7325666Z [command]/usr/bin/git config --local --name-only --get-regexp http\.https\:\/\/github\.com\/\.extraheader
2025-09-11T07:50:04.7326234Z http.https://github.com/.extraheader
2025-09-11T07:50:04.7326992Z [command]/usr/bin/git config --local --unset-all http.https://github.com/.extraheader
2025-09-11T07:50:04.7329308Z [command]/usr/bin/git submodule foreach --recursive sh -c "git config --local --name-only --get-regexp 'http\.https\:\/\/github\.com\/\.extraheader' && git config --local --unset-all 'http.https://github.com/.extraheader' || :"
2025-09-11T07:50:04.7380636Z Cleaning up orphan processes
2025-09-11T07:50:04.7616942Z Terminate orphan process: pid (1995) (npm exec playwright install --with-deps)
2025-09-11T07:50:04.7670758Z Terminate orphan process: pid (2006) (sh)
2025-09-11T07:50:04.7706359Z Terminate orphan process: pid (2007) (node)
