2025-09-11T06:22:11.2077060Z Current runner version: '2.328.0'
2025-09-11T06:22:11.2113079Z ##[group]Runner Image Provisioner
2025-09-11T06:22:11.2114323Z Hosted Compute Agent
2025-09-11T06:22:11.2115168Z Version: 20250829.383
2025-09-11T06:22:11.2116186Z Commit: 27cb235aab5b0e52e153a26cd86b4742e89dac5d
2025-09-11T06:22:11.2117316Z Build Date: 2025-08-29T13:48:48Z
2025-09-11T06:22:11.2118300Z ##[endgroup]
2025-09-11T06:22:11.2119579Z ##[group]Operating System
2025-09-11T06:22:11.2120447Z Ubuntu
2025-09-11T06:22:11.2121262Z 24.04.3
2025-09-11T06:22:11.2122052Z LTS
2025-09-11T06:22:11.2122821Z ##[endgroup]
2025-09-11T06:22:11.2123557Z ##[group]Runner Image
2025-09-11T06:22:11.2124522Z Image: ubuntu-24.04
2025-09-11T06:22:11.2125339Z Version: 20250907.24.1
2025-09-11T06:22:11.2127080Z Included Software: https://github.com/actions/runner-images/blob/ubuntu24/20250907.24/images/ubuntu/Ubuntu2404-Readme.md
2025-09-11T06:22:11.2130070Z Image Release: https://github.com/actions/runner-images/releases/tag/ubuntu24%2F20250907.24
2025-09-11T06:22:11.2131814Z ##[endgroup]
2025-09-11T06:22:11.2133624Z ##[group]GITHUB_TOKEN Permissions
2025-09-11T06:22:11.2136432Z Contents: read
2025-09-11T06:22:11.2137378Z Metadata: read
2025-09-11T06:22:11.2138256Z Packages: read
2025-09-11T06:22:11.2139314Z ##[endgroup]
2025-09-11T06:22:11.2142274Z Secret source: Actions
2025-09-11T06:22:11.2143306Z Prepare workflow directory
2025-09-11T06:22:11.2609698Z Prepare all required actions
2025-09-11T06:22:11.2665795Z Getting action download info
2025-09-11T06:22:11.7631458Z Download action repository 'actions/checkout@v4' (SHA:08eba0b27e820071cde6df949e0beb9ba4906955)
2025-09-11T06:22:12.5324152Z Download action repository 'actions/setup-node@v4' (SHA:49933ea5288caeca8642d1e84afbd3f7d6820020)
2025-09-11T06:22:12.7140561Z Download action repository 'actions/upload-artifact@v4' (SHA:ea165f8d65b6e75b540449e92b4886f43607fa02)
2025-09-11T06:22:12.9787929Z Complete job name: e2e-smoke (ubuntu-latest, 18.x)
2025-09-11T06:22:13.0529894Z ##[group]Run actions/checkout@v4
2025-09-11T06:22:13.0531023Z with:
2025-09-11T06:22:13.0531641Z   repository: sattva2020/N8N-Self
2025-09-11T06:22:13.0532527Z   token: ***
2025-09-11T06:22:13.0533131Z   ssh-strict: true
2025-09-11T06:22:13.0533743Z   ssh-user: git
2025-09-11T06:22:13.0534361Z   persist-credentials: true
2025-09-11T06:22:13.0535034Z   clean: true
2025-09-11T06:22:13.0535654Z   sparse-checkout-cone-mode: true
2025-09-11T06:22:13.0536362Z   fetch-depth: 1
2025-09-11T06:22:13.0536978Z   fetch-tags: false
2025-09-11T06:22:13.0537600Z   show-progress: true
2025-09-11T06:22:13.0538221Z   lfs: false
2025-09-11T06:22:13.0539179Z   submodules: false
2025-09-11T06:22:13.0539817Z   set-safe-directory: true
2025-09-11T06:22:13.0540798Z ##[endgroup]
2025-09-11T06:22:13.1815280Z Syncing repository: sattva2020/N8N-Self
2025-09-11T06:22:13.1818429Z ##[group]Getting Git version info
2025-09-11T06:22:13.1820175Z Working directory is '/home/runner/work/N8N-Self/N8N-Self'
2025-09-11T06:22:13.1822471Z [command]/usr/bin/git version
2025-09-11T06:22:13.2839462Z git version 2.51.0
2025-09-11T06:22:13.2848953Z ##[endgroup]
2025-09-11T06:22:13.2858460Z Temporarily overriding HOME='/home/runner/work/_temp/88029dc2-e42a-4417-9894-434cb855a0ec' before making global git config changes
2025-09-11T06:22:13.2861582Z Adding repository directory to the temporary git global config as a safe directory
2025-09-11T06:22:13.2863779Z [command]/usr/bin/git config --global --add safe.directory /home/runner/work/N8N-Self/N8N-Self
2025-09-11T06:22:13.2867026Z Deleting the contents of '/home/runner/work/N8N-Self/N8N-Self'
2025-09-11T06:22:13.2885050Z ##[group]Initializing the repository
2025-09-11T06:22:13.2886569Z [command]/usr/bin/git init /home/runner/work/N8N-Self/N8N-Self
2025-09-11T06:22:13.2888388Z hint: Using 'master' as the name for the initial branch. This default branch name
2025-09-11T06:22:13.2890734Z hint: is subject to change. To configure the initial branch name to use in all
2025-09-11T06:22:13.2892657Z hint: of your new repositories, which will suppress this warning, call:
2025-09-11T06:22:13.2894531Z hint:
2025-09-11T06:22:13.2895639Z hint: 	git config --global init.defaultBranch <name>
2025-09-11T06:22:13.2897068Z hint:
2025-09-11T06:22:13.2898334Z hint: Names commonly chosen instead of 'master' are 'main', 'trunk' and
2025-09-11T06:22:13.2900390Z hint: 'development'. The just-created branch can be renamed via this command:
2025-09-11T06:22:13.2901958Z hint:
2025-09-11T06:22:13.2902959Z hint: 	git branch -m <name>
2025-09-11T06:22:13.2904049Z hint:
2025-09-11T06:22:13.2905400Z hint: Disable this message with "git config set advice.defaultBranchName false"
2025-09-11T06:22:13.2907481Z Initialized empty Git repository in /home/runner/work/N8N-Self/N8N-Self/.git/
2025-09-11T06:22:13.2911178Z [command]/usr/bin/git remote add origin https://github.com/sattva2020/N8N-Self
2025-09-11T06:22:13.2914565Z ##[endgroup]
2025-09-11T06:22:13.2916235Z ##[group]Disabling automatic garbage collection
2025-09-11T06:22:13.2917759Z [command]/usr/bin/git config --local gc.auto 0
2025-09-11T06:22:13.2931480Z ##[endgroup]
2025-09-11T06:22:13.2933079Z ##[group]Setting up auth
2025-09-11T06:22:13.2934538Z [command]/usr/bin/git config --local --name-only --get-regexp core\.sshCommand
2025-09-11T06:22:13.2939193Z [command]/usr/bin/git submodule foreach --recursive sh -c "git config --local --name-only --get-regexp 'core\.sshCommand' && git config --local --unset-all 'core.sshCommand' || :"
2025-09-11T06:22:13.2943756Z [command]/usr/bin/git config --local --name-only --get-regexp http\.https\:\/\/github\.com\/\.extraheader
2025-09-11T06:22:13.2948787Z [command]/usr/bin/git submodule foreach --recursive sh -c "git config --local --name-only --get-regexp 'http\.https\:\/\/github\.com\/\.extraheader' && git config --local --unset-all 'http.https://github.com/.extraheader' || :"
2025-09-11T06:22:13.3118250Z [command]/usr/bin/git config --local http.https://github.com/.extraheader AUTHORIZATION: basic ***
2025-09-11T06:22:13.3262231Z ##[endgroup]
2025-09-11T06:22:13.3264221Z ##[group]Fetching the repository
2025-09-11T06:22:13.3266554Z [command]/usr/bin/git -c protocol.version=2 fetch --no-tags --prune --no-recurse-submodules --depth=1 origin +a86a43acea3db8d667e28aaf0da18f14a61a1dab:refs/remotes/pull/4/merge
2025-09-11T06:22:15.5183527Z From https://github.com/sattva2020/N8N-Self
2025-09-11T06:22:15.5189980Z  * [new ref]         a86a43acea3db8d667e28aaf0da18f14a61a1dab -> pull/4/merge
2025-09-11T06:22:15.5250331Z ##[endgroup]
2025-09-11T06:22:15.5254130Z ##[group]Determining the checkout info
2025-09-11T06:22:15.5259824Z ##[endgroup]
2025-09-11T06:22:15.5264270Z [command]/usr/bin/git sparse-checkout disable
2025-09-11T06:22:15.5316481Z [command]/usr/bin/git config --local --unset-all extensions.worktreeConfig
2025-09-11T06:22:15.5347794Z ##[group]Checking out the ref
2025-09-11T06:22:15.5357200Z [command]/usr/bin/git checkout --progress --force refs/remotes/pull/4/merge
2025-09-11T06:22:16.5527214Z Updating files:  99% (8902/8949)
2025-09-11T06:22:16.5529811Z Updating files: 100% (8949/8949)
2025-09-11T06:22:16.5541029Z Updating files: 100% (8949/8949), done.
2025-09-11T06:22:16.5630320Z Note: switching to 'refs/remotes/pull/4/merge'.
2025-09-11T06:22:16.5631508Z 
2025-09-11T06:22:16.5635035Z You are in 'detached HEAD' state. You can look around, make experimental
2025-09-11T06:22:16.5636162Z changes and commit them, and you can discard any commits you make in this
2025-09-11T06:22:16.5637140Z state without impacting any branches by switching back to a branch.
2025-09-11T06:22:16.5637784Z 
2025-09-11T06:22:16.5638288Z If you want to create a new branch to retain commits you create, you may
2025-09-11T06:22:16.5639503Z do so (now or later) by using -c with the switch command. Example:
2025-09-11T06:22:16.5640015Z 
2025-09-11T06:22:16.5640288Z   git switch -c <new-branch-name>
2025-09-11T06:22:16.5640668Z 
2025-09-11T06:22:16.5641146Z Or undo this operation with:
2025-09-11T06:22:16.5641591Z 
2025-09-11T06:22:16.5641950Z   git switch -
2025-09-11T06:22:16.5642391Z 
2025-09-11T06:22:16.5642862Z Turn off this advice by setting config variable advice.detachedHead to false
2025-09-11T06:22:16.5643990Z 
2025-09-11T06:22:16.5649823Z HEAD is now at a86a43a Merge bfd9e5fbca8111592139ab0542afc5b13bcb13db into 032e0c286f1161b571d7313b759da5e74c4c9fb4
2025-09-11T06:22:16.5672940Z ##[endgroup]
2025-09-11T06:22:16.5717518Z [command]/usr/bin/git log -1 --format=%H
2025-09-11T06:22:16.5742639Z a86a43acea3db8d667e28aaf0da18f14a61a1dab
2025-09-11T06:22:16.5984663Z ##[group]Run actions/setup-node@v4
2025-09-11T06:22:16.5984965Z with:
2025-09-11T06:22:16.5985157Z   node-version: 18.x
2025-09-11T06:22:16.5985374Z   always-auth: false
2025-09-11T06:22:16.5985603Z   check-latest: false
2025-09-11T06:22:16.5985923Z   token: ***
2025-09-11T06:22:16.5986117Z ##[endgroup]
2025-09-11T06:22:16.8529529Z Found in cache @ /opt/hostedtoolcache/node/18.20.8/x64
2025-09-11T06:22:16.8530710Z ##[group]Environment details
2025-09-11T06:22:19.4987738Z node: v18.20.8
2025-09-11T06:22:19.4992050Z npm: 10.8.2
2025-09-11T06:22:19.4995784Z yarn: 1.22.22
2025-09-11T06:22:19.4997056Z ##[endgroup]
2025-09-11T06:22:19.5174770Z ##[group]Run cd dashboard/frontend
2025-09-11T06:22:19.5175115Z [36;1mcd dashboard/frontend[0m
2025-09-11T06:22:19.5175376Z [36;1mnpm ci --prefer-offline[0m
2025-09-11T06:22:19.5318274Z shell: /usr/bin/bash -e {0}
2025-09-11T06:22:19.5318804Z ##[endgroup]
2025-09-11T06:22:26.9361310Z npm warn deprecated rimraf@3.0.2: Rimraf versions prior to v4 are no longer supported
2025-09-11T06:22:27.7885005Z npm warn deprecated inflight@1.0.6: This module is not supported, and leaks memory. Do not use it. Check out lru-cache if you want a good and tested way to coalesce async requests by a key value, which is much more comprehensive and powerful.
2025-09-11T06:22:28.2595112Z npm warn deprecated domexception@4.0.0: Use your platform's native DOMException instead
2025-09-11T06:22:28.8359814Z npm warn deprecated abab@2.0.6: Use your platform's native atob() and btoa() methods instead
2025-09-11T06:22:29.2173763Z npm warn deprecated @humanwhocodes/object-schema@2.0.3: Use @eslint/object-schema instead
2025-09-11T06:22:29.2201569Z npm warn deprecated @humanwhocodes/config-array@0.13.0: Use @eslint/config-array instead
2025-09-11T06:22:29.4544216Z npm warn deprecated glob@7.2.3: Glob versions prior to v9 are no longer supported
2025-09-11T06:22:33.3099784Z npm warn deprecated eslint@8.57.1: This version is no longer supported. Please see https://eslint.org/version-support for other options.
2025-09-11T06:22:34.0402089Z 
2025-09-11T06:22:34.0404970Z added 589 packages, and audited 590 packages in 14s
2025-09-11T06:22:34.0419066Z 
2025-09-11T06:22:34.0419846Z 180 packages are looking for funding
2025-09-11T06:22:34.0420727Z   run `npm fund` for details
2025-09-11T06:22:34.0607815Z 
2025-09-11T06:22:34.0609014Z 3 moderate severity vulnerabilities
2025-09-11T06:22:34.0609392Z 
2025-09-11T06:22:34.0609791Z To address all issues (including breaking changes), run:
2025-09-11T06:22:34.0610333Z   npm audit fix --force
2025-09-11T06:22:34.0610580Z 
2025-09-11T06:22:34.0610808Z Run `npm audit` for details.
2025-09-11T06:22:34.0957102Z ##[group]Run cd dashboard/frontend
2025-09-11T06:22:34.0957439Z [36;1mcd dashboard/frontend[0m
2025-09-11T06:22:34.0957724Z [36;1mnpx playwright install --with-deps[0m
2025-09-11T06:22:34.0987804Z shell: /usr/bin/bash -e {0}
2025-09-11T06:22:34.0988042Z ##[endgroup]
2025-09-11T06:22:35.2434582Z Installing dependencies...
2025-09-11T06:22:35.2512400Z Switching to root user to install dependencies...
2025-09-11T06:22:35.4589945Z Get:1 file:/etc/apt/apt-mirrors.txt Mirrorlist [144 B]
2025-09-11T06:22:35.5433338Z Hit:2 http://azure.archive.ubuntu.com/ubuntu noble InRelease
2025-09-11T06:22:35.5441356Z Hit:6 https://packages.microsoft.com/repos/azure-cli noble InRelease
2025-09-11T06:22:35.5446341Z Get:7 https://packages.microsoft.com/ubuntu/24.04/prod noble InRelease [3600 B]
2025-09-11T06:22:35.5514071Z Get:3 http://azure.archive.ubuntu.com/ubuntu noble-updates InRelease [126 kB]
2025-09-11T06:22:35.5538376Z Get:4 http://azure.archive.ubuntu.com/ubuntu noble-backports InRelease [126 kB]
2025-09-11T06:22:35.5630009Z Get:5 http://azure.archive.ubuntu.com/ubuntu noble-security InRelease [126 kB]
2025-09-11T06:22:35.8005862Z Get:8 https://packages.microsoft.com/ubuntu/24.04/prod noble/main arm64 Packages [35.3 kB]
2025-09-11T06:22:35.8198479Z Get:9 https://packages.microsoft.com/ubuntu/24.04/prod noble/main amd64 Packages [51.6 kB]
2025-09-11T06:22:35.8505589Z Get:10 http://azure.archive.ubuntu.com/ubuntu noble-updates/main amd64 Packages [1389 kB]
2025-09-11T06:22:35.8607317Z Get:11 http://azure.archive.ubuntu.com/ubuntu noble-updates/main Translation-en [274 kB]
2025-09-11T06:22:35.8790696Z Get:12 http://azure.archive.ubuntu.com/ubuntu noble-updates/main amd64 Components [175 kB]
2025-09-11T06:22:35.8810985Z Get:13 http://azure.archive.ubuntu.com/ubuntu noble-updates/main amd64 c-n-f Metadata [15.2 kB]
2025-09-11T06:22:35.8851600Z Get:14 http://azure.archive.ubuntu.com/ubuntu noble-updates/universe amd64 Packages [1482 kB]
2025-09-11T06:22:35.8988200Z Get:15 http://azure.archive.ubuntu.com/ubuntu noble-updates/universe Translation-en [298 kB]
2025-09-11T06:22:35.9041093Z Get:16 http://azure.archive.ubuntu.com/ubuntu noble-updates/universe amd64 Components [377 kB]
2025-09-11T06:22:35.9084630Z Get:17 http://azure.archive.ubuntu.com/ubuntu noble-updates/universe amd64 c-n-f Metadata [31.0 kB]
2025-09-11T06:22:35.9092284Z Get:18 http://azure.archive.ubuntu.com/ubuntu noble-updates/restricted amd64 Components [212 B]
2025-09-11T06:22:35.9120855Z Get:19 http://azure.archive.ubuntu.com/ubuntu noble-updates/multiverse amd64 Components [940 B]
2025-09-11T06:22:35.9957465Z Get:20 http://azure.archive.ubuntu.com/ubuntu noble-backports/main amd64 Components [7076 B]
2025-09-11T06:22:35.9994121Z Get:21 http://azure.archive.ubuntu.com/ubuntu noble-backports/universe amd64 Components [19.2 kB]
2025-09-11T06:22:36.0021978Z Get:22 http://azure.archive.ubuntu.com/ubuntu noble-backports/restricted amd64 Components [216 B]
2025-09-11T06:22:36.0040253Z Get:23 http://azure.archive.ubuntu.com/ubuntu noble-backports/multiverse amd64 Components [212 B]
2025-09-11T06:22:36.0685417Z Get:24 http://azure.archive.ubuntu.com/ubuntu noble-security/main amd64 Packages [1118 kB]
2025-09-11T06:22:36.0834362Z Get:25 http://azure.archive.ubuntu.com/ubuntu noble-security/main amd64 Components [21.6 kB]
2025-09-11T06:22:36.0845102Z Get:26 http://azure.archive.ubuntu.com/ubuntu noble-security/main amd64 c-n-f Metadata [8708 B]
2025-09-11T06:22:36.0856155Z Get:27 http://azure.archive.ubuntu.com/ubuntu noble-security/universe amd64 Packages [879 kB]
2025-09-11T06:22:36.0998041Z Get:28 http://azure.archive.ubuntu.com/ubuntu noble-security/universe amd64 Components [52.2 kB]
2025-09-11T06:22:36.0999805Z Get:29 http://azure.archive.ubuntu.com/ubuntu noble-security/restricted amd64 Components [212 B]
2025-09-11T06:22:36.1003825Z Get:30 http://azure.archive.ubuntu.com/ubuntu noble-security/multiverse amd64 Components [208 B]
2025-09-11T06:22:46.4312095Z Fetched 6618 kB in 1s (5518 kB/s)
2025-09-11T06:22:47.1826267Z Reading package lists...
2025-09-11T06:22:47.2096120Z Reading package lists...
2025-09-11T06:22:47.4235939Z Building dependency tree...
2025-09-11T06:22:47.4244536Z Reading state information...
2025-09-11T06:22:47.4466839Z libasound2t64 is already the newest version (1.2.11-1ubuntu0.1).
2025-09-11T06:22:47.4470974Z libasound2t64 set to manually installed.
2025-09-11T06:22:47.4474768Z libatk-bridge2.0-0t64 is already the newest version (2.52.0-1build1).
2025-09-11T06:22:47.4478980Z libatk-bridge2.0-0t64 set to manually installed.
2025-09-11T06:22:47.4482121Z libatk1.0-0t64 is already the newest version (2.52.0-1build1).
2025-09-11T06:22:47.4503560Z libatk1.0-0t64 set to manually installed.
2025-09-11T06:22:47.4506192Z libatspi2.0-0t64 is already the newest version (2.52.0-1build1).
2025-09-11T06:22:47.4508067Z libatspi2.0-0t64 set to manually installed.
2025-09-11T06:22:47.4510658Z libcairo2 is already the newest version (1.18.0-3build1).
2025-09-11T06:22:47.4511507Z libcairo2 set to manually installed.
2025-09-11T06:22:47.4512943Z libcups2t64 is already the newest version (2.4.7-1.2ubuntu7.3).
2025-09-11T06:22:47.4513951Z libcups2t64 set to manually installed.
2025-09-11T06:22:47.4514791Z libdbus-1-3 is already the newest version (1.14.10-4ubuntu4.1).
2025-09-11T06:22:47.4515595Z libdbus-1-3 set to manually installed.
2025-09-11T06:22:47.4516433Z libdrm2 is already the newest version (2.4.122-1~ubuntu0.24.04.1).
2025-09-11T06:22:47.4517228Z libdrm2 set to manually installed.
2025-09-11T06:22:47.4518038Z libgbm1 is already the newest version (25.0.7-0ubuntu0.24.04.2).
2025-09-11T06:22:47.4518995Z libgbm1 set to manually installed.
2025-09-11T06:22:47.4519821Z libglib2.0-0t64 is already the newest version (2.80.0-6ubuntu3.4).
2025-09-11T06:22:47.4520661Z libglib2.0-0t64 set to manually installed.
2025-09-11T06:22:47.4525043Z libnspr4 is already the newest version (2:4.35-1.1build1).
2025-09-11T06:22:47.4525584Z libnspr4 set to manually installed.
2025-09-11T06:22:47.4526124Z libnss3 is already the newest version (2:3.98-1build1).
2025-09-11T06:22:47.4526638Z libnss3 set to manually installed.
2025-09-11T06:22:47.4527198Z libpango-1.0-0 is already the newest version (1.52.1+ds-1build1).
2025-09-11T06:22:47.4527751Z libpango-1.0-0 set to manually installed.
2025-09-11T06:22:47.4528305Z libx11-6 is already the newest version (2:1.8.7-1build1).
2025-09-11T06:22:47.4529026Z libx11-6 set to manually installed.
2025-09-11T06:22:47.4529522Z libxcb1 is already the newest version (1.15-1ubuntu2).
2025-09-11T06:22:47.4530010Z libxcb1 set to manually installed.
2025-09-11T06:22:47.4530590Z libxcomposite1 is already the newest version (1:0.4.5-1build3).
2025-09-11T06:22:47.4531159Z libxcomposite1 set to manually installed.
2025-09-11T06:22:47.4531722Z libxdamage1 is already the newest version (1:1.1.6-1build1).
2025-09-11T06:22:47.4532247Z libxdamage1 set to manually installed.
2025-09-11T06:22:47.4532778Z libxext6 is already the newest version (2:1.3.4-1build2).
2025-09-11T06:22:47.4533277Z libxext6 set to manually installed.
2025-09-11T06:22:47.4533814Z libxfixes3 is already the newest version (1:6.0.0-2build1).
2025-09-11T06:22:47.4534311Z libxfixes3 set to manually installed.
2025-09-11T06:22:47.4534855Z libxkbcommon0 is already the newest version (1.6.0-1build1).
2025-09-11T06:22:47.4535381Z libxkbcommon0 set to manually installed.
2025-09-11T06:22:47.4535928Z libxrandr2 is already the newest version (2:1.5.2-2build1).
2025-09-11T06:22:47.4536429Z libxrandr2 set to manually installed.
2025-09-11T06:22:47.4536989Z libcairo-gobject2 is already the newest version (1.18.0-3build1).
2025-09-11T06:22:47.4537573Z libcairo-gobject2 set to manually installed.
2025-09-11T06:22:47.4538191Z libfontconfig1 is already the newest version (2.15.0-1.1ubuntu2).
2025-09-11T06:22:47.4559279Z libfontconfig1 set to manually installed.
2025-09-11T06:22:47.4559983Z libfreetype6 is already the newest version (2.13.2+dfsg-1build3).
2025-09-11T06:22:47.4560638Z libfreetype6 set to manually installed.
2025-09-11T06:22:47.4561637Z libgdk-pixbuf-2.0-0 is already the newest version (2.42.10+dfsg-3ubuntu3.2).
2025-09-11T06:22:47.4562363Z libgdk-pixbuf-2.0-0 set to manually installed.
2025-09-11T06:22:47.4562975Z libgtk-3-0t64 is already the newest version (3.24.41-4ubuntu1.3).
2025-09-11T06:22:47.4563535Z libgtk-3-0t64 set to manually installed.
2025-09-11T06:22:47.4564149Z libpangocairo-1.0-0 is already the newest version (1.52.1+ds-1build1).
2025-09-11T06:22:47.4564758Z libpangocairo-1.0-0 set to manually installed.
2025-09-11T06:22:47.4565387Z libx11-xcb1 is already the newest version (2:1.8.7-1build1).
2025-09-11T06:22:47.4565903Z libx11-xcb1 set to manually installed.
2025-09-11T06:22:47.4566432Z libxcb-shm0 is already the newest version (1.15-1ubuntu2).
2025-09-11T06:22:47.4566985Z libxcb-shm0 set to manually installed.
2025-09-11T06:22:47.4567585Z libxcursor1 is already the newest version (1:1.2.1-1build1).
2025-09-11T06:22:47.4568106Z libxcursor1 set to manually installed.
2025-09-11T06:22:47.4568808Z libxi6 is already the newest version (2:1.8.1-1build1).
2025-09-11T06:22:47.4569536Z libxi6 set to manually installed.
2025-09-11T06:22:47.4570135Z libxrender1 is already the newest version (1:0.9.10-1.1build1).
2025-09-11T06:22:47.4570683Z libxrender1 set to manually installed.
2025-09-11T06:22:47.4571243Z libicu74 is already the newest version (74.2-1ubuntu3.1).
2025-09-11T06:22:47.4571832Z libicu74 set to manually installed.
2025-09-11T06:22:47.4572446Z libatomic1 is already the newest version (14.2.0-4ubuntu2~24.04).
2025-09-11T06:22:47.4573026Z libatomic1 set to manually installed.
2025-09-11T06:22:47.4573609Z libenchant-2-2 is already the newest version (2.3.3-2build2).
2025-09-11T06:22:47.4574179Z libenchant-2-2 set to manually installed.
2025-09-11T06:22:47.4574751Z libepoxy0 is already the newest version (1.5.10-1build1).
2025-09-11T06:22:47.4575292Z libepoxy0 set to manually installed.
2025-09-11T06:22:47.4575934Z libgstreamer1.0-0 is already the newest version (1.24.2-1ubuntu0.1).
2025-09-11T06:22:47.4576575Z libgstreamer1.0-0 set to manually installed.
2025-09-11T06:22:47.4577194Z libharfbuzz0b is already the newest version (8.3.0-2build2).
2025-09-11T06:22:47.4577723Z libharfbuzz0b set to manually installed.
2025-09-11T06:22:47.4578340Z libjpeg-turbo8 is already the newest version (2.1.5-2ubuntu2).
2025-09-11T06:22:47.4584072Z libjpeg-turbo8 set to manually installed.
2025-09-11T06:22:47.4584709Z liblcms2-2 is already the newest version (2.14-2build1).
2025-09-11T06:22:47.6060375Z liblcms2-2 set to manually installed.
2025-09-11T06:22:47.6066620Z libpng16-16t64 is already the newest version (1.6.43-5build1).
2025-09-11T06:22:47.6067305Z libpng16-16t64 set to manually installed.
2025-09-11T06:22:47.6068061Z libwayland-client0 is already the newest version (1.22.0-2.1build1).
2025-09-11T06:22:47.6068978Z libwayland-client0 set to manually installed.
2025-09-11T06:22:47.6069689Z libwayland-egl1 is already the newest version (1.22.0-2.1build1).
2025-09-11T06:22:47.6070350Z libwayland-egl1 set to manually installed.
2025-09-11T06:22:47.6071194Z libwayland-server0 is already the newest version (1.22.0-2.1build1).
2025-09-11T06:22:47.6072062Z libwayland-server0 set to manually installed.
2025-09-11T06:22:47.6072724Z libwebp7 is already the newest version (1.3.2-0.4build3).
2025-09-11T06:22:47.6073342Z libwebp7 set to manually installed.
2025-09-11T06:22:47.6074072Z libwebpdemux2 is already the newest version (1.3.2-0.4build3).
2025-09-11T06:22:47.6074713Z libwebpdemux2 set to manually installed.
2025-09-11T06:22:47.6075429Z libxslt1.1 is already the newest version (1.1.39-0exp1ubuntu0.24.04.2).
2025-09-11T06:22:47.6076069Z libxslt1.1 set to manually installed.
2025-09-11T06:22:47.6076656Z xvfb is already the newest version (2:21.1.12-1ubuntu1.4).
2025-09-11T06:22:47.6077539Z fonts-noto-color-emoji is already the newest version (2.047-0ubuntu0.24.04.1).
2025-09-11T06:22:47.6078416Z fonts-liberation is already the newest version (1:2.1.5-3).
2025-09-11T06:22:47.6079410Z fonts-liberation set to manually installed.
2025-09-11T06:22:47.6080450Z The following additional packages will be installed:
2025-09-11T06:22:47.6081250Z   glib-networking glib-networking-common glib-networking-services
2025-09-11T06:22:47.6082106Z   gsettings-desktop-schemas libaa1 libabsl20220623t64 libass9 libasyncns0
2025-09-11T06:22:47.6083260Z   libavc1394-0 libavcodec60 libavfilter9 libavformat60 libavtp0 libavutil58
2025-09-11T06:22:47.6083774Z   libblas3 libbluray2 libbs2b0 libcaca0 libcairo-script-interpreter2
2025-09-11T06:22:47.6084245Z   libcdparanoia0 libchromaprint1 libcjson1 libcodec2-1.2 libdav1d7
2025-09-11T06:22:47.6084731Z   libdc1394-25 libdca0 libdecor-0-0 libdirectfb-1.7-7t64 libdv4t64 libdvdnav4
2025-09-11T06:22:47.6085232Z   libdvdread8t64 libegl-mesa0 libegl1 libfaad2 libflac12t64 libfluidsynth3
2025-09-11T06:22:47.6085730Z   libfreeaptx0 libgav1-1 libgme0 libgraphene-1.0-0 libgsm1 libgssdp-1.6-0
2025-09-11T06:22:47.6086216Z   libgstreamer-plugins-good1.0-0 libgtk-4-common libgupnp-1.6-0
2025-09-11T06:22:47.6086665Z   libgupnp-igd-1.6-0 libhwy1t64 libiec61883-0 libimath-3-1-29t64
2025-09-11T06:22:47.6087311Z   libinstpatch-1.0-2 libjack-jackd2-0 libjxl0.7 liblapack3 liblc3-1
2025-09-11T06:22:47.6088090Z   libldacbt-enc2 liblilv-0-0 liblrdf0 libltc11 libmbedcrypto7t64 libmfx1
2025-09-11T06:22:47.6088732Z   libmjpegutils-2.1-0t64 libmodplug1 libmp3lame0 libmpcdec6
2025-09-11T06:22:47.6089209Z   libmpeg2encpp-2.1-0t64 libmpg123-0t64 libmplex2-2.1-0t64 libmysofa1
2025-09-11T06:22:47.6089677Z   libneon27t64 libnice10 libopenal-data libopenal1 libopenexr-3-1-30
2025-09-11T06:22:47.6090111Z   libopenh264-7 libopenmpt0t64 libopenni2-0 liborc-0.4-0t64
2025-09-11T06:22:47.6090535Z   libpipewire-0.3-0t64 libplacebo338 libpocketsphinx3 libpostproc57
2025-09-11T06:22:47.6091018Z   libproxy1v5 libpulse0 libqrencode4 libraptor2-0 librav1e0 libraw1394-11
2025-09-11T06:22:47.6091526Z   librist4 librsvg2-2 librubberband2 libsamplerate0 libsbc1 libsdl2-2.0-0
2025-09-11T06:22:47.6092017Z   libsecret-common libserd-0-0 libshine3 libshout3 libsndfile1 libsndio7.0
2025-09-11T06:22:47.6092509Z   libsord-0-0 libsoundtouch1 libsoup-3.0-0 libsoup-3.0-common libsoxr0
2025-09-11T06:22:47.6093014Z   libspa-0.2-modules libspandsp2t64 libspeex1 libsphinxbase3t64 libsratom-0-0
2025-09-11T06:22:47.6093530Z   libsrt1.5-gnutls libsrtp2-1 libssh-gcrypt-4 libsvtav1enc1d1 libswresample4
2025-09-11T06:22:47.6094035Z   libswscale7 libtag1v5 libtag1v5-vanilla libtheora0 libtwolame0 libudfread0
2025-09-11T06:22:47.6094533Z   libunibreak5 libv4l-0t64 libv4lconvert0t64 libva-drm2 libva-x11-2 libva2
2025-09-11T06:22:47.6095012Z   libvdpau1 libvidstab1.1 libvisual-0.4-0 libvo-aacenc0 libvo-amrwbenc0
2025-09-11T06:22:47.6095518Z   libvorbisenc2 libvpl2 libwavpack1 libwebrtc-audio-processing1 libwildmidi2
2025-09-11T06:22:47.6096052Z   libx265-199 libxcb-xkb1 libxkbcommon-x11-0 libxml2-dev libxvidcore4 libyuv0
2025-09-11T06:22:47.6096545Z   libzbar0t64 libzimg2 libzix-0-0 libzvbi-common libzvbi0t64 libzxing3
2025-09-11T06:22:47.6097533Z   ocl-icd-libopencl1 session-migration timgm6mb-soundfont xfonts-encodings
2025-09-11T06:22:47.6099564Z   xfonts-utils
2025-09-11T06:22:47.6099820Z Suggested packages:
2025-09-11T06:22:47.6100200Z   frei0r-plugins gvfs libcuda1 libnvcuvid1 libnvidia-encode1 libbluray-bdj
2025-09-11T06:22:47.6100730Z   libdirectfb-extra libdv-bin oss-compat libdvdcss2 libvisual-0.4-plugins
2025-09-11T06:22:47.6101224Z   jackd2 liblrdf0-dev libportaudio2 opus-tools pipewire pulseaudio
2025-09-11T06:22:47.6101697Z   raptor2-utils libraw1394-doc librsvg2-bin serdi sndiod sordi speex
2025-09-11T06:22:47.6102115Z   libwildmidi-config opencl-icd fluid-soundfont-gm
2025-09-11T06:22:47.6102418Z Recommended packages:
2025-09-11T06:22:47.6102739Z   fonts-ipafont-mincho fonts-tlwg-loma gstreamer1.0-x libaacs0
2025-09-11T06:22:47.6103199Z   default-libdecor-0-plugin-1 | libdecor-0-plugin-1 gstreamer1.0-gl
2025-09-11T06:22:47.6103731Z   libgtk-4-bin librsvg2-common libgtk-4-media-gstreamer libpipewire-0.3-common
2025-09-11T06:22:47.6104278Z   pocketsphinx-en-us va-driver-all | va-driver vdpau-driver-all | vdpau-driver
2025-09-11T06:22:47.6104842Z   libmagickcore-6.q16-7-extra
2025-09-11T06:22:47.7689160Z The following NEW packages will be installed:
2025-09-11T06:22:47.7691377Z   fonts-freefont-ttf fonts-ipafont-gothic fonts-tlwg-loma-otf fonts-unifont
2025-09-11T06:22:47.7692152Z   fonts-wqy-zenhei glib-networking glib-networking-common
2025-09-11T06:22:47.7692955Z   glib-networking-services gsettings-desktop-schemas gstreamer1.0-libav
2025-09-11T06:22:47.7693889Z   gstreamer1.0-plugins-bad gstreamer1.0-plugins-base gstreamer1.0-plugins-good
2025-09-11T06:22:47.7694815Z   libaa1 libabsl20220623t64 libass9 libasyncns0 libavc1394-0 libavcodec60
2025-09-11T06:22:47.7695681Z   libavfilter9 libavformat60 libavif16 libavtp0 libavutil58 libblas3
2025-09-11T06:22:47.7696564Z   libbluray2 libbs2b0 libcaca0 libcairo-script-interpreter2 libcdparanoia0
2025-09-11T06:22:47.7697463Z   libchromaprint1 libcjson1 libcodec2-1.2 libdav1d7 libdc1394-25 libdca0
2025-09-11T06:22:47.7698390Z   libdecor-0-0 libdirectfb-1.7-7t64 libdv4t64 libdvdnav4 libdvdread8t64
2025-09-11T06:22:47.7700042Z   libegl-mesa0 libegl1 libevent-2.1-7t64 libfaad2 libflac12t64 libflite1
2025-09-11T06:22:47.7700960Z   libfluidsynth3 libfreeaptx0 libgav1-1 libgles2 libgme0 libgraphene-1.0-0
2025-09-11T06:22:47.7701871Z   libgsm1 libgssdp-1.6-0 libgstreamer-gl1.0-0 libgstreamer-plugins-bad1.0-0
2025-09-11T06:22:47.7702903Z   libgstreamer-plugins-base1.0-0 libgstreamer-plugins-good1.0-0 libgtk-4-1
2025-09-11T06:22:47.7703824Z   libgtk-4-common libgupnp-1.6-0 libgupnp-igd-1.6-0 libharfbuzz-icu0
2025-09-11T06:22:47.7704729Z   libhwy1t64 libhyphen0 libiec61883-0 libimath-3-1-29t64 libinstpatch-1.0-2
2025-09-11T06:22:47.7705664Z   libjack-jackd2-0 libjxl0.7 liblapack3 liblc3-1 libldacbt-enc2 liblilv-0-0
2025-09-11T06:22:47.7706531Z   liblrdf0 libltc11 libmanette-0.2-0 libmbedcrypto7t64 libmfx1
2025-09-11T06:22:47.7707281Z   libmjpegutils-2.1-0t64 libmodplug1 libmp3lame0 libmpcdec6
2025-09-11T06:22:47.7708091Z   libmpeg2encpp-2.1-0t64 libmpg123-0t64 libmplex2-2.1-0t64 libmysofa1
2025-09-11T06:22:47.7709189Z   libneon27t64 libnice10 libopenal-data libopenal1 libopenexr-3-1-30
2025-09-11T06:22:47.7710053Z   libopenh264-7 libopenmpt0t64 libopenni2-0 libopus0 liborc-0.4-0t64
2025-09-11T06:22:47.7711268Z   libpipewire-0.3-0t64 libplacebo338 libpocketsphinx3 libpostproc57
2025-09-11T06:22:47.7712216Z   libproxy1v5 libpulse0 libqrencode4 libraptor2-0 librav1e0 libraw1394-11
2025-09-11T06:22:47.7715040Z   librist4 librsvg2-2 librubberband2 libsamplerate0 libsbc1 libsdl2-2.0-0
2025-09-11T06:22:47.7717509Z   libsecret-1-0 libsecret-common libserd-0-0 libshine3 libshout3 libsndfile1
2025-09-11T06:22:47.7718670Z   libsndio7.0 libsord-0-0 libsoundtouch1 libsoup-3.0-0 libsoup-3.0-common
2025-09-11T06:22:47.7719659Z   libsoxr0 libspa-0.2-modules libspandsp2t64 libspeex1 libsphinxbase3t64
2025-09-11T06:22:47.7720645Z   libsratom-0-0 libsrt1.5-gnutls libsrtp2-1 libssh-gcrypt-4 libsvtav1enc1d1
2025-09-11T06:22:47.7721621Z   libswresample4 libswscale7 libtag1v5 libtag1v5-vanilla libtheora0
2025-09-11T06:22:47.7722554Z   libtwolame0 libudfread0 libunibreak5 libv4l-0t64 libv4lconvert0t64
2025-09-11T06:22:47.7723445Z   libva-drm2 libva-x11-2 libva2 libvdpau1 libvidstab1.1 libvisual-0.4-0
2025-09-11T06:22:47.7724228Z   libvo-aacenc0 libvo-amrwbenc0 libvorbisenc2 libvpl2 libvpx9 libwavpack1
2025-09-11T06:22:47.7725005Z   libwebrtc-audio-processing1 libwildmidi2 libwoff1 libx264-164 libx265-199
2025-09-11T06:22:47.7725780Z   libxcb-xkb1 libxkbcommon-x11-0 libxvidcore4 libyuv0 libzbar0t64 libzimg2
2025-09-11T06:22:47.7750102Z   libzix-0-0 libzvbi-common libzvbi0t64 libzxing3 ocl-icd-libopencl1
2025-09-11T06:22:47.7750981Z   session-migration timgm6mb-soundfont xfonts-cyrillic xfonts-encodings
2025-09-11T06:22:47.7751645Z   xfonts-scalable xfonts-utils
2025-09-11T06:22:47.7752161Z The following packages will be upgraded:
2025-09-11T06:22:47.7752598Z   libxml2 libxml2-dev
2025-09-11T06:22:47.8047751Z 2 upgraded, 179 newly installed, 0 to remove and 15 not upgraded.
2025-09-11T06:22:47.8049500Z Need to get 115 MB of archives.
2025-09-11T06:22:47.8052349Z After this operation, 363 MB of additional disk space will be used.
2025-09-11T06:22:47.8054264Z Get:1 file:/etc/apt/apt-mirrors.txt Mirrorlist [144 B]
2025-09-11T06:22:47.8397230Z Get:2 http://azure.archive.ubuntu.com/ubuntu noble/universe amd64 fonts-ipafont-gothic all 00303-21ubuntu1 [3513 kB]
2025-09-11T06:22:47.8979061Z Get:3 http://azure.archive.ubuntu.com/ubuntu noble-updates/main amd64 libxml2-dev amd64 2.9.14+dfsg-1.3ubuntu3.5 [781 kB]
2025-09-11T06:22:47.9289051Z Get:4 http://azure.archive.ubuntu.com/ubuntu noble-updates/main amd64 libxml2 amd64 2.9.14+dfsg-1.3ubuntu3.5 [763 kB]
2025-09-11T06:22:47.9591132Z Get:5 http://azure.archive.ubuntu.com/ubuntu noble/main amd64 fonts-freefont-ttf all 20211204+svn4273-2 [5641 kB]
2025-09-11T06:22:48.0161618Z Get:6 http://azure.archive.ubuntu.com/ubuntu noble/universe amd64 fonts-tlwg-loma-otf all 1:0.7.3-1 [107 kB]
2025-09-11T06:22:48.0466385Z Get:7 http://azure.archive.ubuntu.com/ubuntu noble/universe amd64 fonts-unifont all 1:15.1.01-1build1 [2993 kB]
2025-09-11T06:22:48.1094497Z Get:8 http://azure.archive.ubuntu.com/ubuntu noble/universe amd64 fonts-wqy-zenhei all 0.9.45-8 [7472 kB]
2025-09-11T06:22:48.2052267Z Get:9 http://azure.archive.ubuntu.com/ubuntu noble/main amd64 libproxy1v5 amd64 0.5.4-4build1 [26.5 kB]
2025-09-11T06:22:48.2204742Z Get:10 http://azure.archive.ubuntu.com/ubuntu noble/main amd64 glib-networking-common all 2.80.0-1build1 [6702 B]
2025-09-11T06:22:48.2357331Z Get:11 http://azure.archive.ubuntu.com/ubuntu noble/main amd64 glib-networking-services amd64 2.80.0-1build1 [12.8 kB]
2025-09-11T06:22:48.2505927Z Get:12 http://azure.archive.ubuntu.com/ubuntu noble/main amd64 session-migration amd64 0.3.9build1 [9034 B]
2025-09-11T06:22:48.2652753Z Get:13 http://azure.archive.ubuntu.com/ubuntu noble-updates/main amd64 gsettings-desktop-schemas all 46.1-0ubuntu1 [35.6 kB]
2025-09-11T06:22:48.2797933Z Get:14 http://azure.archive.ubuntu.com/ubuntu noble/main amd64 glib-networking amd64 2.80.0-1build1 [64.1 kB]
2025-09-11T06:22:48.2950564Z Get:15 http://azure.archive.ubuntu.com/ubuntu noble/universe amd64 libva2 amd64 2.20.0-2build1 [66.2 kB]
2025-09-11T06:22:48.3111131Z Get:16 http://azure.archive.ubuntu.com/ubuntu noble/universe amd64 libva-drm2 amd64 2.20.0-2build1 [7124 B]
2025-09-11T06:22:48.3277867Z Get:17 http://azure.archive.ubuntu.com/ubuntu noble/universe amd64 libva-x11-2 amd64 2.20.0-2build1 [12.0 kB]
2025-09-11T06:22:48.3425091Z Get:18 http://azure.archive.ubuntu.com/ubuntu noble/main amd64 libvdpau1 amd64 1.5-2build1 [27.8 kB]
2025-09-11T06:22:48.3567816Z Get:19 http://azure.archive.ubuntu.com/ubuntu noble/universe amd64 libvpl2 amd64 2023.3.0-1build1 [99.8 kB]
2025-09-11T06:22:48.4146506Z Get:20 http://azure.archive.ubuntu.com/ubuntu noble/universe amd64 ocl-icd-libopencl1 amd64 2.3.2-1build1 [38.5 kB]
2025-09-11T06:22:48.4293918Z Get:21 http://azure.archive.ubuntu.com/ubuntu noble/universe amd64 libavutil58 amd64 7:6.1.1-3ubuntu5 [401 kB]
2025-09-11T06:22:48.4481912Z Get:22 http://azure.archive.ubuntu.com/ubuntu noble/universe amd64 libcodec2-1.2 amd64 1.2.0-2build1 [8998 kB]
2025-09-11T06:22:48.5282467Z Get:23 http://azure.archive.ubuntu.com/ubuntu noble/universe amd64 libdav1d7 amd64 1.4.1-1build1 [604 kB]
2025-09-11T06:22:48.5567885Z Get:24 http://azure.archive.ubuntu.com/ubuntu noble/universe amd64 libgsm1 amd64 1.0.22-1build1 [27.8 kB]
2025-09-11T06:22:48.5824418Z Get:25 http://azure.archive.ubuntu.com/ubuntu noble/universe amd64 libhwy1t64 amd64 1.0.7-8.1build1 [584 kB]
2025-09-11T06:22:48.6099820Z Get:26 http://azure.archive.ubuntu.com/ubuntu noble-updates/universe amd64 libjxl0.7 amd64 0.7.0-10.2ubuntu6.1 [1001 kB]
2025-09-11T06:22:48.6427791Z Get:27 http://azure.archive.ubuntu.com/ubuntu noble/main amd64 libmp3lame0 amd64 3.100-6build1 [142 kB]
2025-09-11T06:22:48.6585774Z Get:28 http://azure.archive.ubuntu.com/ubuntu noble/main amd64 libopus0 amd64 1.4-1build1 [208 kB]
2025-09-11T06:22:48.6757015Z Get:29 http://azure.archive.ubuntu.com/ubuntu noble/universe amd64 librav1e0 amd64 0.7.1-2 [1022 kB]
2025-09-11T06:22:48.7201283Z Get:30 http://azure.archive.ubuntu.com/ubuntu noble/main amd64 librsvg2-2 amd64 2.58.0+dfsg-1build1 [2135 kB]
2025-09-11T06:22:48.7635893Z Get:31 http://azure.archive.ubuntu.com/ubuntu noble/universe amd64 libshine3 amd64 3.1.1-2build1 [23.2 kB]
2025-09-11T06:22:48.7783598Z Get:32 http://azure.archive.ubuntu.com/ubuntu noble-updates/main amd64 libspeex1 amd64 1.2.1-2ubuntu2.24.04.1 [59.6 kB]
2025-09-11T06:22:48.7938815Z Get:33 http://azure.archive.ubuntu.com/ubuntu noble/universe amd64 libsvtav1enc1d1 amd64 1.7.0+dfsg-2build1 [2425 kB]
2025-09-11T06:22:48.8459321Z Get:34 http://azure.archive.ubuntu.com/ubuntu noble/universe amd64 libsoxr0 amd64 0.1.3-4build3 [80.0 kB]
2025-09-11T06:22:48.8609359Z Get:35 http://azure.archive.ubuntu.com/ubuntu noble/universe amd64 libswresample4 amd64 7:6.1.1-3ubuntu5 [63.8 kB]
2025-09-11T06:22:48.8757822Z Get:36 http://azure.archive.ubuntu.com/ubuntu noble/main amd64 libtheora0 amd64 1.1.1+dfsg.1-16.1build3 [211 kB]
2025-09-11T06:22:48.8945627Z Get:37 http://azure.archive.ubuntu.com/ubuntu noble/main amd64 libtwolame0 amd64 0.4.0-2build3 [52.3 kB]
2025-09-11T06:22:48.9088677Z Get:38 http://azure.archive.ubuntu.com/ubuntu noble/main amd64 libvorbisenc2 amd64 1.3.7-1build3 [80.8 kB]
2025-09-11T06:22:48.9679213Z Get:39 http://azure.archive.ubuntu.com/ubuntu noble-updates/main amd64 libvpx9 amd64 1.14.0-1ubuntu2.2 [1143 kB]
2025-09-11T06:22:49.0067090Z Get:40 http://azure.archive.ubuntu.com/ubuntu noble/universe amd64 libx264-164 amd64 2:0.164.3108+git31e19f9-1 [604 kB]
2025-09-11T06:22:49.0352627Z Get:41 http://azure.archive.ubuntu.com/ubuntu noble/universe amd64 libx265-199 amd64 3.5-2build1 [1226 kB]
2025-09-11T06:22:49.0685331Z Get:42 http://azure.archive.ubuntu.com/ubuntu noble/universe amd64 libxvidcore4 amd64 2:1.3.7-1build1 [219 kB]
2025-09-11T06:22:49.0847911Z Get:43 http://azure.archive.ubuntu.com/ubuntu noble/universe amd64 libzvbi-common all 0.2.42-2 [42.4 kB]
2025-09-11T06:22:49.0994343Z Get:44 http://azure.archive.ubuntu.com/ubuntu noble/universe amd64 libzvbi0t64 amd64 0.2.42-2 [261 kB]
2025-09-11T06:22:49.1169522Z Get:45 http://azure.archive.ubuntu.com/ubuntu noble/universe amd64 libavcodec60 amd64 7:6.1.1-3ubuntu5 [5851 kB]
2025-09-11T06:22:49.2747332Z Get:46 http://azure.archive.ubuntu.com/ubuntu noble/universe amd64 libunibreak5 amd64 5.1-2build1 [25.0 kB]
2025-09-11T06:22:49.2898209Z Get:47 http://azure.archive.ubuntu.com/ubuntu noble/universe amd64 libass9 amd64 1:0.17.1-2build1 [104 kB]
2025-09-11T06:22:49.3065762Z Get:48 http://azure.archive.ubuntu.com/ubuntu noble/universe amd64 libudfread0 amd64 1.1.2-1build1 [19.0 kB]
2025-09-11T06:22:49.3239097Z Get:49 http://azure.archive.ubuntu.com/ubuntu noble/universe amd64 libbluray2 amd64 1:1.3.4-1build1 [159 kB]
2025-09-11T06:22:49.3400382Z Get:50 http://azure.archive.ubuntu.com/ubuntu noble/universe amd64 libchromaprint1 amd64 1.5.1-5 [30.5 kB]
2025-09-11T06:22:49.3556769Z Get:51 http://azure.archive.ubuntu.com/ubuntu noble/universe amd64 libgme0 amd64 0.6.3-7build1 [134 kB]
2025-09-11T06:22:49.3723066Z Get:52 http://azure.archive.ubuntu.com/ubuntu noble-updates/main amd64 libmpg123-0t64 amd64 1.32.5-1ubuntu1.1 [169 kB]
2025-09-11T06:22:49.3906664Z Get:53 http://azure.archive.ubuntu.com/ubuntu noble/universe amd64 libopenmpt0t64 amd64 0.7.3-1.1build3 [647 kB]
2025-09-11T06:22:49.4211788Z Get:54 http://azure.archive.ubuntu.com/ubuntu noble/universe amd64 libcjson1 amd64 1.7.17-1 [24.8 kB]
2025-09-11T06:22:49.4383613Z Get:55 http://azure.archive.ubuntu.com/ubuntu noble/universe amd64 libmbedcrypto7t64 amd64 2.28.8-1 [209 kB]
2025-09-11T06:22:49.4569843Z Get:56 http://azure.archive.ubuntu.com/ubuntu noble/universe amd64 librist4 amd64 0.2.10+dfsg-2 [74.9 kB]
2025-09-11T06:22:49.4735499Z Get:57 http://azure.archive.ubuntu.com/ubuntu noble/universe amd64 libsrt1.5-gnutls amd64 1.5.3-1build2 [316 kB]
2025-09-11T06:22:49.5384431Z Get:58 http://azure.archive.ubuntu.com/ubuntu noble-updates/main amd64 libssh-gcrypt-4 amd64 0.10.6-2ubuntu0.1 [224 kB]
2025-09-11T06:22:49.5576239Z Get:59 http://azure.archive.ubuntu.com/ubuntu noble/universe amd64 libavformat60 amd64 7:6.1.1-3ubuntu5 [1153 kB]
2025-09-11T06:22:49.5915948Z Get:60 http://azure.archive.ubuntu.com/ubuntu noble/universe amd64 libbs2b0 amd64 3.1.0+dfsg-7build1 [10.6 kB]
2025-09-11T06:22:49.6063318Z Get:61 http://azure.archive.ubuntu.com/ubuntu noble/universe amd64 libflite1 amd64 2.2-6build3 [13.6 MB]
2025-09-11T06:22:49.8330703Z Get:62 http://azure.archive.ubuntu.com/ubuntu noble/universe amd64 libserd-0-0 amd64 0.32.2-1 [43.6 kB]
2025-09-11T06:22:49.8477875Z Get:63 http://azure.archive.ubuntu.com/ubuntu noble/universe amd64 libzix-0-0 amd64 0.4.2-2build1 [23.6 kB]
2025-09-11T06:22:49.8626586Z Get:64 http://azure.archive.ubuntu.com/ubuntu noble/universe amd64 libsord-0-0 amd64 0.16.16-2build1 [15.8 kB]
2025-09-11T06:22:49.8766927Z Get:65 http://azure.archive.ubuntu.com/ubuntu noble/universe amd64 libsratom-0-0 amd64 0.6.16-1build1 [17.3 kB]
2025-09-11T06:22:49.8915698Z Get:66 http://azure.archive.ubuntu.com/ubuntu noble/universe amd64 liblilv-0-0 amd64 0.24.22-1build1 [41.0 kB]
2025-09-11T06:22:49.9064967Z Get:67 http://azure.archive.ubuntu.com/ubuntu noble/universe amd64 libmysofa1 amd64 1.3.2+dfsg-2ubuntu2 [1158 kB]
2025-09-11T06:22:49.9379043Z Get:68 http://azure.archive.ubuntu.com/ubuntu noble/universe amd64 libplacebo338 amd64 6.338.2-2build1 [2654 kB]
2025-09-11T06:22:49.9887602Z Get:69 http://azure.archive.ubuntu.com/ubuntu noble-updates/main amd64 libblas3 amd64 3.12.0-3build1.1 [238 kB]
2025-09-11T06:22:50.0058403Z Get:70 http://azure.archive.ubuntu.com/ubuntu noble-updates/main amd64 liblapack3 amd64 3.12.0-3build1.1 [2646 kB]
2025-09-11T06:22:50.0598861Z Get:71 http://azure.archive.ubuntu.com/ubuntu noble/main amd64 libasyncns0 amd64 0.8-6build4 [11.3 kB]
2025-09-11T06:22:50.0741919Z Get:72 http://azure.archive.ubuntu.com/ubuntu noble/main amd64 libflac12t64 amd64 1.4.3+ds-2.1ubuntu2 [197 kB]
2025-09-11T06:22:50.0912662Z Get:73 http://azure.archive.ubuntu.com/ubuntu noble-updates/main amd64 libsndfile1 amd64 1.2.2-1ubuntu5.24.04.1 [209 kB]
2025-09-11T06:22:50.1080360Z Get:74 http://azure.archive.ubuntu.com/ubuntu noble-updates/main amd64 libpulse0 amd64 1:16.1+dfsg1-2ubuntu10.1 [292 kB]
2025-09-11T06:22:50.1313612Z Get:75 http://azure.archive.ubuntu.com/ubuntu noble/universe amd64 libsphinxbase3t64 amd64 0.8+5prealpha+1-17build2 [126 kB]
2025-09-11T06:22:50.1916462Z Get:76 http://azure.archive.ubuntu.com/ubuntu noble/universe amd64 libpocketsphinx3 amd64 0.8.0+real5prealpha+1-15ubuntu5 [133 kB]
2025-09-11T06:22:50.2066534Z Get:77 http://azure.archive.ubuntu.com/ubuntu noble/universe amd64 libpostproc57 amd64 7:6.1.1-3ubuntu5 [49.9 kB]
2025-09-11T06:22:50.2221094Z Get:78 http://azure.archive.ubuntu.com/ubuntu noble/main amd64 libsamplerate0 amd64 0.2.2-4build1 [1344 kB]
2025-09-11T06:22:50.2705764Z Get:79 http://azure.archive.ubuntu.com/ubuntu noble/universe amd64 librubberband2 amd64 3.3.0+dfsg-2build1 [130 kB]
2025-09-11T06:22:50.2856135Z Get:80 http://azure.archive.ubuntu.com/ubuntu noble/universe amd64 libswscale7 amd64 7:6.1.1-3ubuntu5 [193 kB]
2025-09-11T06:22:50.3031001Z Get:81 http://azure.archive.ubuntu.com/ubuntu noble/universe amd64 libvidstab1.1 amd64 1.1.0-2build1 [38.5 kB]
2025-09-11T06:22:50.3178397Z Get:82 http://azure.archive.ubuntu.com/ubuntu noble/universe amd64 libzimg2 amd64 3.0.5+ds1-1build1 [254 kB]
2025-09-11T06:22:50.3347650Z Get:83 http://azure.archive.ubuntu.com/ubuntu noble/universe amd64 libavfilter9 amd64 7:6.1.1-3ubuntu5 [4235 kB]
2025-09-11T06:22:50.4338803Z Get:84 http://azure.archive.ubuntu.com/ubuntu noble-updates/main amd64 liborc-0.4-0t64 amd64 1:0.4.38-1ubuntu0.1 [207 kB]
2025-09-11T06:22:50.4506831Z Get:85 http://azure.archive.ubuntu.com/ubuntu noble-updates/main amd64 libgstreamer-plugins-base1.0-0 amd64 1.24.2-1ubuntu0.3 [862 kB]
2025-09-11T06:22:50.4809886Z Get:86 http://azure.archive.ubuntu.com/ubuntu noble/universe amd64 gstreamer1.0-libav amd64 1.24.1-1build1 [103 kB]
2025-09-11T06:22:50.5374940Z Get:87 http://azure.archive.ubuntu.com/ubuntu noble/main amd64 libcdparanoia0 amd64 3.10.2+debian-14build3 [48.5 kB]
2025-09-11T06:22:50.5542020Z Get:88 http://azure.archive.ubuntu.com/ubuntu noble/main amd64 libvisual-0.4-0 amd64 0.4.2-2build1 [115 kB]
2025-09-11T06:22:50.5699236Z Get:89 http://azure.archive.ubuntu.com/ubuntu noble-updates/main amd64 gstreamer1.0-plugins-base amd64 1.24.2-1ubuntu0.3 [721 kB]
2025-09-11T06:22:50.5990169Z Get:90 http://azure.archive.ubuntu.com/ubuntu noble/main amd64 libaa1 amd64 1.4p5-51.1 [49.9 kB]
2025-09-11T06:22:50.6136639Z Get:91 http://azure.archive.ubuntu.com/ubuntu noble/main amd64 libraw1394-11 amd64 2.1.2-2build3 [26.2 kB]
2025-09-11T06:22:50.6289819Z Get:92 http://azure.archive.ubuntu.com/ubuntu noble/main amd64 libavc1394-0 amd64 0.5.4-5build3 [15.4 kB]
2025-09-11T06:22:50.6439588Z Get:93 http://azure.archive.ubuntu.com/ubuntu noble/main amd64 libcaca0 amd64 0.99.beta20-4build2 [208 kB]
2025-09-11T06:22:50.6609084Z Get:94 http://azure.archive.ubuntu.com/ubuntu noble/main amd64 libdv4t64 amd64 1.0.0-17.1build1 [63.2 kB]
2025-09-11T06:22:50.7196171Z Get:95 http://azure.archive.ubuntu.com/ubuntu noble-updates/main amd64 libgstreamer-plugins-good1.0-0 amd64 1.24.2-1ubuntu1.2 [33.0 kB]
2025-09-11T06:22:50.7353709Z Get:96 http://azure.archive.ubuntu.com/ubuntu noble/main amd64 libiec61883-0 amd64 1.2.0-6build1 [24.5 kB]
2025-09-11T06:22:50.7505162Z Get:97 http://azure.archive.ubuntu.com/ubuntu noble/main amd64 libshout3 amd64 2.4.6-1build2 [50.3 kB]
2025-09-11T06:22:50.7655225Z Get:98 http://azure.archive.ubuntu.com/ubuntu noble/main amd64 libtag1v5-vanilla amd64 1.13.1-1build1 [326 kB]
2025-09-11T06:22:50.7824701Z Get:99 http://azure.archive.ubuntu.com/ubuntu noble/main amd64 libtag1v5 amd64 1.13.1-1build1 [11.7 kB]
2025-09-11T06:22:50.7972508Z Get:100 http://azure.archive.ubuntu.com/ubuntu noble/main amd64 libv4lconvert0t64 amd64 1.26.1-4build3 [87.6 kB]
2025-09-11T06:22:50.8128767Z Get:101 http://azure.archive.ubuntu.com/ubuntu noble/main amd64 libv4l-0t64 amd64 1.26.1-4build3 [46.9 kB]
2025-09-11T06:22:50.8276925Z Get:102 http://azure.archive.ubuntu.com/ubuntu noble/main amd64 libwavpack1 amd64 5.6.0-1build1 [84.6 kB]
2025-09-11T06:22:50.8457725Z Get:103 http://azure.archive.ubuntu.com/ubuntu noble-updates/main amd64 libsoup-3.0-common all 3.4.4-5ubuntu0.5 [11.3 kB]
2025-09-11T06:22:50.8624674Z Get:104 http://azure.archive.ubuntu.com/ubuntu noble-updates/main amd64 libsoup-3.0-0 amd64 3.4.4-5ubuntu0.5 [291 kB]
2025-09-11T06:22:50.8842529Z Get:105 http://azure.archive.ubuntu.com/ubuntu noble-updates/main amd64 gstreamer1.0-plugins-good amd64 1.24.2-1ubuntu1.2 [2238 kB]
2025-09-11T06:22:50.9470967Z Get:106 http://azure.archive.ubuntu.com/ubuntu noble-updates/main amd64 libabsl20220623t64 amd64 20220623.1-3.1ubuntu3.2 [423 kB]
2025-09-11T06:22:50.9706084Z Get:107 http://azure.archive.ubuntu.com/ubuntu noble/universe amd64 libgav1-1 amd64 0.18.0-1build3 [357 kB]
2025-09-11T06:22:50.9943219Z Get:108 http://azure.archive.ubuntu.com/ubuntu noble/universe amd64 libyuv0 amd64 0.0~git202401110.af6ac82-1 [178 kB]
2025-09-11T06:22:51.0122279Z Get:109 http://azure.archive.ubuntu.com/ubuntu noble/universe amd64 libavif16 amd64 1.0.4-1ubuntu3 [91.2 kB]
2025-09-11T06:22:51.0290070Z Get:110 http://azure.archive.ubuntu.com/ubuntu noble/universe amd64 libavtp0 amd64 0.2.0-1build1 [6414 B]
2025-09-11T06:22:51.0454887Z Get:111 http://azure.archive.ubuntu.com/ubuntu noble/main amd64 libcairo-script-interpreter2 amd64 1.18.0-3build1 [60.3 kB]
2025-09-11T06:22:51.0627111Z Get:112 http://azure.archive.ubuntu.com/ubuntu noble/universe amd64 libdc1394-25 amd64 2.2.6-4build1 [90.1 kB]
2025-09-11T06:22:51.0842356Z Get:113 http://azure.archive.ubuntu.com/ubuntu noble/main amd64 libdecor-0-0 amd64 0.2.2-1build2 [16.5 kB]
2025-09-11T06:22:51.1234654Z Get:114 http://azure.archive.ubuntu.com/ubuntu noble/main amd64 libgles2 amd64 1.7.0-1build1 [17.1 kB]
2025-09-11T06:22:51.1427807Z Get:115 http://azure.archive.ubuntu.com/ubuntu noble/universe amd64 libdirectfb-1.7-7t64 amd64 1.7.7-11.1ubuntu2 [1035 kB]
2025-09-11T06:22:51.1732676Z Get:116 http://azure.archive.ubuntu.com/ubuntu noble/universe amd64 libdvdread8t64 amd64 6.1.3-1.1build1 [54.7 kB]
2025-09-11T06:22:51.1889984Z Get:117 http://azure.archive.ubuntu.com/ubuntu noble/universe amd64 libdvdnav4 amd64 6.1.1-3build1 [39.5 kB]
2025-09-11T06:22:51.2047278Z Get:118 http://azure.archive.ubuntu.com/ubuntu noble-updates/main amd64 libegl-mesa0 amd64 25.0.7-0ubuntu0.24.04.2 [124 kB]
2025-09-11T06:22:51.2212378Z Get:119 http://azure.archive.ubuntu.com/ubuntu noble/main amd64 libevent-2.1-7t64 amd64 2.1.12-stable-9ubuntu2 [145 kB]
2025-09-11T06:22:51.2379609Z Get:120 http://azure.archive.ubuntu.com/ubuntu noble/universe amd64 libfaad2 amd64 2.11.1-1build1 [207 kB]
2025-09-11T06:22:51.2969295Z Get:121 http://azure.archive.ubuntu.com/ubuntu noble/universe amd64 libinstpatch-1.0-2 amd64 1.1.6-1build2 [251 kB]
2025-09-11T06:22:51.3156563Z Get:122 http://azure.archive.ubuntu.com/ubuntu noble/main amd64 libjack-jackd2-0 amd64 1.9.21~dfsg-3ubuntu3 [289 kB]
2025-09-11T06:22:51.3349742Z Get:123 http://azure.archive.ubuntu.com/ubuntu noble/main amd64 libwebrtc-audio-processing1 amd64 0.3.1-0ubuntu6 [290 kB]
2025-09-11T06:22:51.3603497Z Get:124 http://azure.archive.ubuntu.com/ubuntu noble-updates/main amd64 libspa-0.2-modules amd64 1.0.5-1ubuntu3.1 [626 kB]
2025-09-11T06:22:51.3861660Z Get:125 http://azure.archive.ubuntu.com/ubuntu noble-updates/main amd64 libpipewire-0.3-0t64 amd64 1.0.5-1ubuntu3.1 [252 kB]
2025-09-11T06:22:51.4039249Z Get:126 http://azure.archive.ubuntu.com/ubuntu noble-updates/main amd64 libsdl2-2.0-0 amd64 2.30.0+dfsg-1ubuntu3.1 [686 kB]
2025-09-11T06:22:51.4275370Z Get:127 http://azure.archive.ubuntu.com/ubuntu noble/universe amd64 timgm6mb-soundfont all 1.3-5 [5427 kB]
2025-09-11T06:22:51.5421494Z Get:128 http://azure.archive.ubuntu.com/ubuntu noble/universe amd64 libfluidsynth3 amd64 2.3.4-1build3 [249 kB]
2025-09-11T06:22:51.5652463Z Get:129 http://azure.archive.ubuntu.com/ubuntu noble/main amd64 libfreeaptx0 amd64 0.1.1-2build1 [13.5 kB]
2025-09-11T06:22:51.5806112Z Get:130 http://azure.archive.ubuntu.com/ubuntu noble/main amd64 libgraphene-1.0-0 amd64 1.10.8-3build2 [46.2 kB]
2025-09-11T06:22:51.5963774Z Get:131 http://azure.archive.ubuntu.com/ubuntu noble/main amd64 libgssdp-1.6-0 amd64 1.6.3-1build3 [40.4 kB]
2025-09-11T06:22:51.6123174Z Get:132 http://azure.archive.ubuntu.com/ubuntu noble/main amd64 libegl1 amd64 1.7.0-1build1 [28.7 kB]
2025-09-11T06:22:51.6277019Z Get:133 http://azure.archive.ubuntu.com/ubuntu noble-updates/main amd64 libgstreamer-gl1.0-0 amd64 1.24.2-1ubuntu0.3 [214 kB]
2025-09-11T06:22:51.6543514Z Get:134 http://azure.archive.ubuntu.com/ubuntu noble-updates/main amd64 libgtk-4-common all 4.14.5+ds-0ubuntu0.5 [1497 kB]
2025-09-11T06:22:51.6867279Z Get:135 http://azure.archive.ubuntu.com/ubuntu noble-updates/main amd64 libgtk-4-1 amd64 4.14.5+ds-0ubuntu0.5 [3293 kB]
2025-09-11T06:22:51.7409606Z Get:136 http://azure.archive.ubuntu.com/ubuntu noble/main amd64 libgupnp-1.6-0 amd64 1.6.6-1build3 [92.7 kB]
2025-09-11T06:22:51.7563542Z Get:137 http://azure.archive.ubuntu.com/ubuntu noble/universe amd64 libgupnp-igd-1.6-0 amd64 1.6.0-3build3 [16.5 kB]
2025-09-11T06:22:51.7712217Z Get:138 http://azure.archive.ubuntu.com/ubuntu noble/main amd64 libharfbuzz-icu0 amd64 8.3.0-2build2 [13.3 kB]
2025-09-11T06:22:51.8324416Z Get:139 http://azure.archive.ubuntu.com/ubuntu noble/main amd64 libhyphen0 amd64 2.8.8-7build3 [26.5 kB]
2025-09-11T06:22:51.8475018Z Get:140 http://azure.archive.ubuntu.com/ubuntu noble/universe amd64 libimath-3-1-29t64 amd64 3.1.9-3.1ubuntu2 [72.2 kB]
2025-09-11T06:22:51.8634448Z Get:141 http://azure.archive.ubuntu.com/ubuntu noble/main amd64 liblc3-1 amd64 1.0.4-3build1 [69.7 kB]
2025-09-11T06:22:51.8791200Z Get:142 http://azure.archive.ubuntu.com/ubuntu noble/main amd64 libldacbt-enc2 amd64 2.0.2.3+git20200429+ed310a0-4ubuntu2 [27.1 kB]
2025-09-11T06:22:51.8942218Z Get:143 http://azure.archive.ubuntu.com/ubuntu noble-updates/main amd64 libraptor2-0 amd64 2.0.16-3ubuntu0.1 [165 kB]
2025-09-11T06:22:51.9159486Z Get:144 http://azure.archive.ubuntu.com/ubuntu noble/universe amd64 liblrdf0 amd64 0.6.1-4build1 [18.5 kB]
2025-09-11T06:22:51.9310292Z Get:145 http://azure.archive.ubuntu.com/ubuntu noble/universe amd64 libltc11 amd64 1.3.2-1build1 [13.0 kB]
2025-09-11T06:22:51.9460347Z Get:146 http://azure.archive.ubuntu.com/ubuntu noble/main amd64 libmanette-0.2-0 amd64 0.2.7-1build2 [30.6 kB]
2025-09-11T06:22:51.9612728Z Get:147 http://azure.archive.ubuntu.com/ubuntu noble/universe amd64 libmfx1 amd64 22.5.4-1 [3124 kB]
2025-09-11T06:22:52.0349440Z Get:148 http://azure.archive.ubuntu.com/ubuntu noble/universe amd64 libmjpegutils-2.1-0t64 amd64 1:2.1.0+debian-8.1build1 [25.5 kB]
2025-09-11T06:22:52.0502751Z Get:149 http://azure.archive.ubuntu.com/ubuntu noble/universe amd64 libmodplug1 amd64 1:0.8.9.0-3build1 [166 kB]
2025-09-11T06:22:52.0684354Z Get:150 http://azure.archive.ubuntu.com/ubuntu noble/universe amd64 libmpcdec6 amd64 2:0.1~r495-2build1 [32.7 kB]
2025-09-11T06:22:52.0883967Z Get:151 http://azure.archive.ubuntu.com/ubuntu noble/universe amd64 libmpeg2encpp-2.1-0t64 amd64 1:2.1.0+debian-8.1build1 [75.6 kB]
2025-09-11T06:22:52.1075317Z Get:152 http://azure.archive.ubuntu.com/ubuntu noble/universe amd64 libmplex2-2.1-0t64 amd64 1:2.1.0+debian-8.1build1 [46.1 kB]
2025-09-11T06:22:52.1250266Z Get:153 http://azure.archive.ubuntu.com/ubuntu noble/universe amd64 libneon27t64 amd64 0.33.0-1.1build3 [102 kB]
2025-09-11T06:22:52.1435067Z Get:154 http://azure.archive.ubuntu.com/ubuntu noble/universe amd64 libnice10 amd64 0.1.21-2build3 [157 kB]
2025-09-11T06:22:52.1635480Z Get:155 http://azure.archive.ubuntu.com/ubuntu noble/universe amd64 libopenal-data all 1:1.23.1-4build1 [161 kB]
2025-09-11T06:22:52.1813810Z Get:156 http://azure.archive.ubuntu.com/ubuntu noble/universe amd64 libopenexr-3-1-30 amd64 3.1.5-5.1build3 [1004 kB]
2025-09-11T06:22:52.2175345Z Get:157 http://azure.archive.ubuntu.com/ubuntu noble/universe amd64 libopenh264-7 amd64 2.4.1+dfsg-1 [409 kB]
2025-09-11T06:22:52.2845241Z Get:158 http://azure.archive.ubuntu.com/ubuntu noble/universe amd64 libopenni2-0 amd64 2.2.0.33+dfsg-18 [370 kB]
2025-09-11T06:22:52.3085974Z Get:159 http://azure.archive.ubuntu.com/ubuntu noble/universe amd64 libqrencode4 amd64 4.1.1-1build2 [25.0 kB]
2025-09-11T06:22:52.3237414Z Get:160 http://azure.archive.ubuntu.com/ubuntu noble/main amd64 libsecret-common all 0.21.4-1build3 [4962 B]
2025-09-11T06:22:52.3388767Z Get:161 http://azure.archive.ubuntu.com/ubuntu noble/main amd64 libsecret-1-0 amd64 0.21.4-1build3 [116 kB]
2025-09-11T06:22:52.3564934Z Get:162 http://azure.archive.ubuntu.com/ubuntu noble/universe amd64 libsndio7.0 amd64 1.9.0-0.3build3 [29.6 kB]
2025-09-11T06:22:52.3721495Z Get:163 http://azure.archive.ubuntu.com/ubuntu noble/universe amd64 libsoundtouch1 amd64 2.3.2+ds1-1build1 [60.5 kB]
2025-09-11T06:22:52.3879556Z Get:164 http://azure.archive.ubuntu.com/ubuntu noble/universe amd64 libspandsp2t64 amd64 0.0.6+dfsg-2.1build1 [311 kB]
2025-09-11T06:22:52.4093426Z Get:165 http://azure.archive.ubuntu.com/ubuntu noble/universe amd64 libsrtp2-1 amd64 2.5.0-3build1 [41.9 kB]
2025-09-11T06:22:52.4245326Z Get:166 http://azure.archive.ubuntu.com/ubuntu noble/universe amd64 libwildmidi2 amd64 0.4.3-1build3 [68.5 kB]
2025-09-11T06:22:52.4409936Z Get:167 http://azure.archive.ubuntu.com/ubuntu noble/main amd64 libwoff1 amd64 1.0.2-2build1 [45.3 kB]
2025-09-11T06:22:52.4565049Z Get:168 http://azure.archive.ubuntu.com/ubuntu noble/main amd64 libxcb-xkb1 amd64 1.15-1ubuntu2 [32.3 kB]
2025-09-11T06:22:52.4728744Z Get:169 http://azure.archive.ubuntu.com/ubuntu noble/main amd64 libxkbcommon-x11-0 amd64 1.6.0-1build1 [14.5 kB]
2025-09-11T06:22:52.4875066Z Get:170 http://azure.archive.ubuntu.com/ubuntu noble/universe amd64 libzbar0t64 amd64 0.23.93-4build3 [123 kB]
2025-09-11T06:22:52.5054607Z Get:171 http://azure.archive.ubuntu.com/ubuntu noble/universe amd64 libzxing3 amd64 2.2.1-3 [583 kB]
2025-09-11T06:22:52.5383152Z Get:172 http://azure.archive.ubuntu.com/ubuntu noble/main amd64 xfonts-encodings all 1:1.0.5-0ubuntu2 [578 kB]
2025-09-11T06:22:52.5649104Z Get:173 http://azure.archive.ubuntu.com/ubuntu noble/main amd64 xfonts-utils amd64 1:7.7+6build3 [94.4 kB]
2025-09-11T06:22:52.5832406Z Get:174 http://azure.archive.ubuntu.com/ubuntu noble/universe amd64 xfonts-cyrillic all 1:1.0.5+nmu1 [384 kB]
2025-09-11T06:22:52.6087360Z Get:175 http://azure.archive.ubuntu.com/ubuntu noble/main amd64 xfonts-scalable all 1:1.0.3-1.3 [304 kB]
2025-09-11T06:22:52.6751354Z Get:176 http://azure.archive.ubuntu.com/ubuntu noble/universe amd64 libgstreamer-plugins-bad1.0-0 amd64 1.24.2-1ubuntu4 [797 kB]
2025-09-11T06:22:52.7167253Z Get:177 http://azure.archive.ubuntu.com/ubuntu noble/universe amd64 libdca0 amd64 0.0.7-2build1 [93.8 kB]
2025-09-11T06:22:52.7769553Z Get:178 http://azure.archive.ubuntu.com/ubuntu noble/universe amd64 libopenal1 amd64 1:1.23.1-4build1 [540 kB]
2025-09-11T06:22:52.8257484Z Get:179 http://azure.archive.ubuntu.com/ubuntu noble/main amd64 libsbc1 amd64 2.0-1build1 [33.9 kB]
2025-09-11T06:22:52.8430677Z Get:180 http://azure.archive.ubuntu.com/ubuntu noble/universe amd64 libvo-aacenc0 amd64 0.1.3-2build1 [67.8 kB]
2025-09-11T06:22:52.8611741Z Get:181 http://azure.archive.ubuntu.com/ubuntu noble/universe amd64 libvo-amrwbenc0 amd64 0.1.3-2build1 [76.7 kB]
2025-09-11T06:22:52.8840020Z Get:182 http://azure.archive.ubuntu.com/ubuntu noble/universe amd64 gstreamer1.0-plugins-bad amd64 1.24.2-1ubuntu4 [3081 kB]
2025-09-11T06:22:53.5039506Z Fetched 115 MB in 5s (22.2 MB/s)
2025-09-11T06:22:53.5606576Z Selecting previously unselected package fonts-ipafont-gothic.
2025-09-11T06:22:53.7851830Z (Reading database ... 
2025-09-11T06:22:53.7852485Z (Reading database ... 5%
2025-09-11T06:22:53.7852753Z (Reading database ... 10%
2025-09-11T06:22:53.7852988Z (Reading database ... 15%
2025-09-11T06:22:53.7853226Z (Reading database ... 20%
2025-09-11T06:22:53.7853452Z (Reading database ... 25%
2025-09-11T06:22:53.7853672Z (Reading database ... 30%
2025-09-11T06:22:53.7853896Z (Reading database ... 35%
2025-09-11T06:22:53.7854108Z (Reading database ... 40%
2025-09-11T06:22:53.7854334Z (Reading database ... 45%
2025-09-11T06:22:53.7854559Z (Reading database ... 50%
2025-09-11T06:22:54.0113998Z (Reading database ... 55%
2025-09-11T06:22:54.6646011Z (Reading database ... 60%
2025-09-11T06:22:55.2966698Z (Reading database ... 65%
2025-09-11T06:22:55.9140254Z (Reading database ... 70%
2025-09-11T06:22:56.5265470Z (Reading database ... 75%
2025-09-11T06:22:57.4731356Z (Reading database ... 80%
2025-09-11T06:22:58.2157827Z (Reading database ... 85%
2025-09-11T06:22:58.9266624Z (Reading database ... 90%
2025-09-11T06:23:00.1196163Z (Reading database ... 95%
2025-09-11T06:23:00.1198310Z (Reading database ... 100%
2025-09-11T06:23:00.1200806Z (Reading database ... 218657 files and directories currently installed.)
2025-09-11T06:23:00.1243649Z Preparing to unpack .../000-fonts-ipafont-gothic_00303-21ubuntu1_all.deb ...
2025-09-11T06:23:00.1342090Z Unpacking fonts-ipafont-gothic (00303-21ubuntu1) ...
2025-09-11T06:23:00.3941349Z Preparing to unpack .../001-libxml2-dev_2.9.14+dfsg-1.3ubuntu3.5_amd64.deb ...
2025-09-11T06:23:00.3977905Z Unpacking libxml2-dev:amd64 (2.9.14+dfsg-1.3ubuntu3.5) over (2.9.14+dfsg-1.3ubuntu3.4) ...
2025-09-11T06:23:00.6235061Z Preparing to unpack .../002-libxml2_2.9.14+dfsg-1.3ubuntu3.5_amd64.deb ...
2025-09-11T06:23:00.6331327Z Unpacking libxml2:amd64 (2.9.14+dfsg-1.3ubuntu3.5) over (2.9.14+dfsg-1.3ubuntu3.4) ...
2025-09-11T06:23:00.6870076Z Selecting previously unselected package fonts-freefont-ttf.
2025-09-11T06:23:00.7011198Z Preparing to unpack .../003-fonts-freefont-ttf_20211204+svn4273-2_all.deb ...
2025-09-11T06:23:00.7018363Z Unpacking fonts-freefont-ttf (20211204+svn4273-2) ...
2025-09-11T06:23:00.7973812Z Selecting previously unselected package fonts-tlwg-loma-otf.
2025-09-11T06:23:00.8109925Z Preparing to unpack .../004-fonts-tlwg-loma-otf_1%3a0.7.3-1_all.deb ...
2025-09-11T06:23:00.8123462Z Unpacking fonts-tlwg-loma-otf (1:0.7.3-1) ...
2025-09-11T06:23:00.8377979Z Selecting previously unselected package fonts-unifont.
2025-09-11T06:23:00.8514112Z Preparing to unpack .../005-fonts-unifont_1%3a15.1.01-1build1_all.deb ...
2025-09-11T06:23:00.8526679Z Unpacking fonts-unifont (1:15.1.01-1build1) ...
2025-09-11T06:23:00.9833360Z Selecting previously unselected package fonts-wqy-zenhei.
2025-09-11T06:23:00.9966197Z Preparing to unpack .../006-fonts-wqy-zenhei_0.9.45-8_all.deb ...
2025-09-11T06:23:01.0149308Z Unpacking fonts-wqy-zenhei (0.9.45-8) ...
2025-09-11T06:23:01.4946528Z Selecting previously unselected package libproxy1v5:amd64.
2025-09-11T06:23:01.5080389Z Preparing to unpack .../007-libproxy1v5_0.5.4-4build1_amd64.deb ...
2025-09-11T06:23:01.5091423Z Unpacking libproxy1v5:amd64 (0.5.4-4build1) ...
2025-09-11T06:23:01.5316312Z Selecting previously unselected package glib-networking-common.
2025-09-11T06:23:01.5453108Z Preparing to unpack .../008-glib-networking-common_2.80.0-1build1_all.deb ...
2025-09-11T06:23:01.5463455Z Unpacking glib-networking-common (2.80.0-1build1) ...
2025-09-11T06:23:01.5689951Z Selecting previously unselected package glib-networking-services.
2025-09-11T06:23:01.5822343Z Preparing to unpack .../009-glib-networking-services_2.80.0-1build1_amd64.deb ...
2025-09-11T06:23:01.5831475Z Unpacking glib-networking-services (2.80.0-1build1) ...
2025-09-11T06:23:01.6099608Z Selecting previously unselected package session-migration.
2025-09-11T06:23:01.6233383Z Preparing to unpack .../010-session-migration_0.3.9build1_amd64.deb ...
2025-09-11T06:23:01.6243102Z Unpacking session-migration (0.3.9build1) ...
2025-09-11T06:23:01.6658325Z Selecting previously unselected package gsettings-desktop-schemas.
2025-09-11T06:23:01.6794803Z Preparing to unpack .../011-gsettings-desktop-schemas_46.1-0ubuntu1_all.deb ...
2025-09-11T06:23:01.6805993Z Unpacking gsettings-desktop-schemas (46.1-0ubuntu1) ...
2025-09-11T06:23:01.7126099Z Selecting previously unselected package glib-networking:amd64.
2025-09-11T06:23:01.7264664Z Preparing to unpack .../012-glib-networking_2.80.0-1build1_amd64.deb ...
2025-09-11T06:23:01.7273961Z Unpacking glib-networking:amd64 (2.80.0-1build1) ...
2025-09-11T06:23:01.7530579Z Selecting previously unselected package libva2:amd64.
2025-09-11T06:23:01.7665205Z Preparing to unpack .../013-libva2_2.20.0-2build1_amd64.deb ...
2025-09-11T06:23:01.7677981Z Unpacking libva2:amd64 (2.20.0-2build1) ...
2025-09-11T06:23:01.7914635Z Selecting previously unselected package libva-drm2:amd64.
2025-09-11T06:23:01.8050460Z Preparing to unpack .../014-libva-drm2_2.20.0-2build1_amd64.deb ...
2025-09-11T06:23:01.8060105Z Unpacking libva-drm2:amd64 (2.20.0-2build1) ...
2025-09-11T06:23:01.8300020Z Selecting previously unselected package libva-x11-2:amd64.
2025-09-11T06:23:01.8425158Z Preparing to unpack .../015-libva-x11-2_2.20.0-2build1_amd64.deb ...
2025-09-11T06:23:01.8439689Z Unpacking libva-x11-2:amd64 (2.20.0-2build1) ...
2025-09-11T06:23:01.8689529Z Selecting previously unselected package libvdpau1:amd64.
2025-09-11T06:23:01.8805412Z Preparing to unpack .../016-libvdpau1_1.5-2build1_amd64.deb ...
2025-09-11T06:23:01.8817642Z Unpacking libvdpau1:amd64 (1.5-2build1) ...
2025-09-11T06:23:01.9056715Z Selecting previously unselected package libvpl2.
2025-09-11T06:23:01.9192246Z Preparing to unpack .../017-libvpl2_2023.3.0-1build1_amd64.deb ...
2025-09-11T06:23:01.9200900Z Unpacking libvpl2 (2023.3.0-1build1) ...
2025-09-11T06:23:01.9467737Z Selecting previously unselected package ocl-icd-libopencl1:amd64.
2025-09-11T06:23:01.9601333Z Preparing to unpack .../018-ocl-icd-libopencl1_2.3.2-1build1_amd64.deb ...
2025-09-11T06:23:01.9612553Z Unpacking ocl-icd-libopencl1:amd64 (2.3.2-1build1) ...
2025-09-11T06:23:02.0122620Z Selecting previously unselected package libavutil58:amd64.
2025-09-11T06:23:02.0258433Z Preparing to unpack .../019-libavutil58_7%3a6.1.1-3ubuntu5_amd64.deb ...
2025-09-11T06:23:02.0271822Z Unpacking libavutil58:amd64 (7:6.1.1-3ubuntu5) ...
2025-09-11T06:23:02.0563005Z Selecting previously unselected package libcodec2-1.2:amd64.
2025-09-11T06:23:02.0699228Z Preparing to unpack .../020-libcodec2-1.2_1.2.0-2build1_amd64.deb ...
2025-09-11T06:23:02.0710834Z Unpacking libcodec2-1.2:amd64 (1.2.0-2build1) ...
2025-09-11T06:23:02.1553458Z Selecting previously unselected package libdav1d7:amd64.
2025-09-11T06:23:02.1691334Z Preparing to unpack .../021-libdav1d7_1.4.1-1build1_amd64.deb ...
2025-09-11T06:23:02.1701899Z Unpacking libdav1d7:amd64 (1.4.1-1build1) ...
2025-09-11T06:23:02.2019269Z Selecting previously unselected package libgsm1:amd64.
2025-09-11T06:23:02.2154021Z Preparing to unpack .../022-libgsm1_1.0.22-1build1_amd64.deb ...
2025-09-11T06:23:02.2166876Z Unpacking libgsm1:amd64 (1.0.22-1build1) ...
2025-09-11T06:23:02.2401334Z Selecting previously unselected package libhwy1t64:amd64.
2025-09-11T06:23:02.2536378Z Preparing to unpack .../023-libhwy1t64_1.0.7-8.1build1_amd64.deb ...
2025-09-11T06:23:02.2552280Z Unpacking libhwy1t64:amd64 (1.0.7-8.1build1) ...
2025-09-11T06:23:02.2931331Z Selecting previously unselected package libjxl0.7:amd64.
2025-09-11T06:23:02.3064862Z Preparing to unpack .../024-libjxl0.7_0.7.0-10.2ubuntu6.1_amd64.deb ...
2025-09-11T06:23:02.3076109Z Unpacking libjxl0.7:amd64 (0.7.0-10.2ubuntu6.1) ...
2025-09-11T06:23:02.3491121Z Selecting previously unselected package libmp3lame0:amd64.
2025-09-11T06:23:02.3625142Z Preparing to unpack .../025-libmp3lame0_3.100-6build1_amd64.deb ...
2025-09-11T06:23:02.3637498Z Unpacking libmp3lame0:amd64 (3.100-6build1) ...
2025-09-11T06:23:02.3900163Z Selecting previously unselected package libopus0:amd64.
2025-09-11T06:23:02.4035861Z Preparing to unpack .../026-libopus0_1.4-1build1_amd64.deb ...
2025-09-11T06:23:02.4046129Z Unpacking libopus0:amd64 (1.4-1build1) ...
2025-09-11T06:23:02.4307647Z Selecting previously unselected package librav1e0:amd64.
2025-09-11T06:23:02.4446597Z Preparing to unpack .../027-librav1e0_0.7.1-2_amd64.deb ...
2025-09-11T06:23:02.4456719Z Unpacking librav1e0:amd64 (0.7.1-2) ...
2025-09-11T06:23:02.4840301Z Selecting previously unselected package librsvg2-2:amd64.
2025-09-11T06:23:02.4977397Z Preparing to unpack .../028-librsvg2-2_2.58.0+dfsg-1build1_amd64.deb ...
2025-09-11T06:23:02.4991381Z Unpacking librsvg2-2:amd64 (2.58.0+dfsg-1build1) ...
2025-09-11T06:23:02.5514654Z Selecting previously unselected package libshine3:amd64.
2025-09-11T06:23:02.5650264Z Preparing to unpack .../029-libshine3_3.1.1-2build1_amd64.deb ...
2025-09-11T06:23:02.5663891Z Unpacking libshine3:amd64 (3.1.1-2build1) ...
2025-09-11T06:23:02.5903282Z Selecting previously unselected package libspeex1:amd64.
2025-09-11T06:23:02.6040670Z Preparing to unpack .../030-libspeex1_1.2.1-2ubuntu2.24.04.1_amd64.deb ...
2025-09-11T06:23:02.6052477Z Unpacking libspeex1:amd64 (1.2.1-2ubuntu2.24.04.1) ...
2025-09-11T06:23:02.6304794Z Selecting previously unselected package libsvtav1enc1d1:amd64.
2025-09-11T06:23:02.6441032Z Preparing to unpack .../031-libsvtav1enc1d1_1.7.0+dfsg-2build1_amd64.deb ...
2025-09-11T06:23:02.6454139Z Unpacking libsvtav1enc1d1:amd64 (1.7.0+dfsg-2build1) ...
2025-09-11T06:23:02.7020205Z Selecting previously unselected package libsoxr0:amd64.
2025-09-11T06:23:02.7154133Z Preparing to unpack .../032-libsoxr0_0.1.3-4build3_amd64.deb ...
2025-09-11T06:23:02.7165092Z Unpacking libsoxr0:amd64 (0.1.3-4build3) ...
2025-09-11T06:23:02.7402151Z Selecting previously unselected package libswresample4:amd64.
2025-09-11T06:23:02.7539179Z Preparing to unpack .../033-libswresample4_7%3a6.1.1-3ubuntu5_amd64.deb ...
2025-09-11T06:23:02.7549228Z Unpacking libswresample4:amd64 (7:6.1.1-3ubuntu5) ...
2025-09-11T06:23:02.7820352Z Selecting previously unselected package libtheora0:amd64.
2025-09-11T06:23:02.7936967Z Preparing to unpack .../034-libtheora0_1.1.1+dfsg.1-16.1build3_amd64.deb ...
2025-09-11T06:23:02.7949071Z Unpacking libtheora0:amd64 (1.1.1+dfsg.1-16.1build3) ...
2025-09-11T06:23:02.8218227Z Selecting previously unselected package libtwolame0:amd64.
2025-09-11T06:23:02.8353354Z Preparing to unpack .../035-libtwolame0_0.4.0-2build3_amd64.deb ...
2025-09-11T06:23:02.8365052Z Unpacking libtwolame0:amd64 (0.4.0-2build3) ...
2025-09-11T06:23:02.8630304Z Selecting previously unselected package libvorbisenc2:amd64.
2025-09-11T06:23:02.8748709Z Preparing to unpack .../036-libvorbisenc2_1.3.7-1build3_amd64.deb ...
2025-09-11T06:23:02.8760303Z Unpacking libvorbisenc2:amd64 (1.3.7-1build3) ...
2025-09-11T06:23:02.9042259Z Selecting previously unselected package libvpx9:amd64.
2025-09-11T06:23:02.9175454Z Preparing to unpack .../037-libvpx9_1.14.0-1ubuntu2.2_amd64.deb ...
2025-09-11T06:23:02.9189525Z Unpacking libvpx9:amd64 (1.14.0-1ubuntu2.2) ...
2025-09-11T06:23:02.9620445Z Selecting previously unselected package libx264-164:amd64.
2025-09-11T06:23:02.9741235Z Preparing to unpack .../038-libx264-164_2%3a0.164.3108+git31e19f9-1_amd64.deb ...
2025-09-11T06:23:02.9753458Z Unpacking libx264-164:amd64 (2:0.164.3108+git31e19f9-1) ...
2025-09-11T06:23:03.0100401Z Selecting previously unselected package libx265-199:amd64.
2025-09-11T06:23:03.0220102Z Preparing to unpack .../039-libx265-199_3.5-2build1_amd64.deb ...
2025-09-11T06:23:03.0233533Z Unpacking libx265-199:amd64 (3.5-2build1) ...
2025-09-11T06:23:03.1030771Z Selecting previously unselected package libxvidcore4:amd64.
2025-09-11T06:23:03.1165138Z Preparing to unpack .../040-libxvidcore4_2%3a1.3.7-1build1_amd64.deb ...
2025-09-11T06:23:03.1178154Z Unpacking libxvidcore4:amd64 (2:1.3.7-1build1) ...
2025-09-11T06:23:03.1428243Z Selecting previously unselected package libzvbi-common.
2025-09-11T06:23:03.1564317Z Preparing to unpack .../041-libzvbi-common_0.2.42-2_all.deb ...
2025-09-11T06:23:03.1576240Z Unpacking libzvbi-common (0.2.42-2) ...
2025-09-11T06:23:03.2401650Z Selecting previously unselected package libzvbi0t64:amd64.
2025-09-11T06:23:03.2537384Z Preparing to unpack .../042-libzvbi0t64_0.2.42-2_amd64.deb ...
2025-09-11T06:23:03.2547825Z Unpacking libzvbi0t64:amd64 (0.2.42-2) ...
2025-09-11T06:23:03.2849773Z Selecting previously unselected package libavcodec60:amd64.
2025-09-11T06:23:03.2966745Z Preparing to unpack .../043-libavcodec60_7%3a6.1.1-3ubuntu5_amd64.deb ...
2025-09-11T06:23:03.2987130Z Unpacking libavcodec60:amd64 (7:6.1.1-3ubuntu5) ...
2025-09-11T06:23:03.3955538Z Selecting previously unselected package libunibreak5:amd64.
2025-09-11T06:23:03.4091607Z Preparing to unpack .../044-libunibreak5_5.1-2build1_amd64.deb ...
2025-09-11T06:23:03.4101609Z Unpacking libunibreak5:amd64 (5.1-2build1) ...
2025-09-11T06:23:03.4349765Z Selecting previously unselected package libass9:amd64.
2025-09-11T06:23:03.4509465Z Preparing to unpack .../045-libass9_1%3a0.17.1-2build1_amd64.deb ...
2025-09-11T06:23:03.4520789Z Unpacking libass9:amd64 (1:0.17.1-2build1) ...
2025-09-11T06:23:03.4780191Z Selecting previously unselected package libudfread0:amd64.
2025-09-11T06:23:03.4914089Z Preparing to unpack .../046-libudfread0_1.1.2-1build1_amd64.deb ...
2025-09-11T06:23:03.4927600Z Unpacking libudfread0:amd64 (1.1.2-1build1) ...
2025-09-11T06:23:03.5220641Z Selecting previously unselected package libbluray2:amd64.
2025-09-11T06:23:03.5346064Z Preparing to unpack .../047-libbluray2_1%3a1.3.4-1build1_amd64.deb ...
2025-09-11T06:23:03.5360117Z Unpacking libbluray2:amd64 (1:1.3.4-1build1) ...
2025-09-11T06:23:03.5644936Z Selecting previously unselected package libchromaprint1:amd64.
2025-09-11T06:23:03.5781417Z Preparing to unpack .../048-libchromaprint1_1.5.1-5_amd64.deb ...
2025-09-11T06:23:03.5789748Z Unpacking libchromaprint1:amd64 (1.5.1-5) ...
2025-09-11T06:23:03.6050292Z Selecting previously unselected package libgme0:amd64.
2025-09-11T06:23:03.6169453Z Preparing to unpack .../049-libgme0_0.6.3-7build1_amd64.deb ...
2025-09-11T06:23:03.6180887Z Unpacking libgme0:amd64 (0.6.3-7build1) ...
2025-09-11T06:23:03.6456112Z Selecting previously unselected package libmpg123-0t64:amd64.
2025-09-11T06:23:03.6594225Z Preparing to unpack .../050-libmpg123-0t64_1.32.5-1ubuntu1.1_amd64.deb ...
2025-09-11T06:23:03.6604041Z Unpacking libmpg123-0t64:amd64 (1.32.5-1ubuntu1.1) ...
2025-09-11T06:23:03.6890672Z Selecting previously unselected package libopenmpt0t64:amd64.
2025-09-11T06:23:03.7012506Z Preparing to unpack .../051-libopenmpt0t64_0.7.3-1.1build3_amd64.deb ...
2025-09-11T06:23:03.7024433Z Unpacking libopenmpt0t64:amd64 (0.7.3-1.1build3) ...
2025-09-11T06:23:03.7369792Z Selecting previously unselected package libcjson1:amd64.
2025-09-11T06:23:03.7506491Z Preparing to unpack .../052-libcjson1_1.7.17-1_amd64.deb ...
2025-09-11T06:23:03.7518202Z Unpacking libcjson1:amd64 (1.7.17-1) ...
2025-09-11T06:23:03.7780737Z Selecting previously unselected package libmbedcrypto7t64:amd64.
2025-09-11T06:23:03.7911953Z Preparing to unpack .../053-libmbedcrypto7t64_2.28.8-1_amd64.deb ...
2025-09-11T06:23:03.7925699Z Unpacking libmbedcrypto7t64:amd64 (2.28.8-1) ...
2025-09-11T06:23:03.8210345Z Selecting previously unselected package librist4:amd64.
2025-09-11T06:23:03.8346755Z Preparing to unpack .../054-librist4_0.2.10+dfsg-2_amd64.deb ...
2025-09-11T06:23:03.8360312Z Unpacking librist4:amd64 (0.2.10+dfsg-2) ...
2025-09-11T06:23:03.8611163Z Selecting previously unselected package libsrt1.5-gnutls:amd64.
2025-09-11T06:23:03.8746522Z Preparing to unpack .../055-libsrt1.5-gnutls_1.5.3-1build2_amd64.deb ...
2025-09-11T06:23:03.8757186Z Unpacking libsrt1.5-gnutls:amd64 (1.5.3-1build2) ...
2025-09-11T06:23:03.9043171Z Selecting previously unselected package libssh-gcrypt-4:amd64.
2025-09-11T06:23:03.9180433Z Preparing to unpack .../056-libssh-gcrypt-4_0.10.6-2ubuntu0.1_amd64.deb ...
2025-09-11T06:23:03.9196439Z Unpacking libssh-gcrypt-4:amd64 (0.10.6-2ubuntu0.1) ...
2025-09-11T06:23:03.9474464Z Selecting previously unselected package libavformat60:amd64.
2025-09-11T06:23:03.9613508Z Preparing to unpack .../057-libavformat60_7%3a6.1.1-3ubuntu5_amd64.deb ...
2025-09-11T06:23:03.9625556Z Unpacking libavformat60:amd64 (7:6.1.1-3ubuntu5) ...
2025-09-11T06:23:04.0033318Z Selecting previously unselected package libbs2b0:amd64.
2025-09-11T06:23:04.0172498Z Preparing to unpack .../058-libbs2b0_3.1.0+dfsg-7build1_amd64.deb ...
2025-09-11T06:23:04.0186406Z Unpacking libbs2b0:amd64 (3.1.0+dfsg-7build1) ...
2025-09-11T06:23:04.0466995Z Selecting previously unselected package libflite1:amd64.
2025-09-11T06:23:04.0606002Z Preparing to unpack .../059-libflite1_2.2-6build3_amd64.deb ...
2025-09-11T06:23:04.0621331Z Unpacking libflite1:amd64 (2.2-6build3) ...
2025-09-11T06:23:04.2310891Z Selecting previously unselected package libserd-0-0:amd64.
2025-09-11T06:23:04.2426010Z Preparing to unpack .../060-libserd-0-0_0.32.2-1_amd64.deb ...
2025-09-11T06:23:04.2437413Z Unpacking libserd-0-0:amd64 (0.32.2-1) ...
2025-09-11T06:23:04.2676064Z Selecting previously unselected package libzix-0-0:amd64.
2025-09-11T06:23:04.2813649Z Preparing to unpack .../061-libzix-0-0_0.4.2-2build1_amd64.deb ...
2025-09-11T06:23:04.2826470Z Unpacking libzix-0-0:amd64 (0.4.2-2build1) ...
2025-09-11T06:23:04.3082226Z Selecting previously unselected package libsord-0-0:amd64.
2025-09-11T06:23:04.3220227Z Preparing to unpack .../062-libsord-0-0_0.16.16-2build1_amd64.deb ...
2025-09-11T06:23:04.3229511Z Unpacking libsord-0-0:amd64 (0.16.16-2build1) ...
2025-09-11T06:23:04.3474337Z Selecting previously unselected package libsratom-0-0:amd64.
2025-09-11T06:23:04.3609488Z Preparing to unpack .../063-libsratom-0-0_0.6.16-1build1_amd64.deb ...
2025-09-11T06:23:04.3621991Z Unpacking libsratom-0-0:amd64 (0.6.16-1build1) ...
2025-09-11T06:23:04.3894440Z Selecting previously unselected package liblilv-0-0:amd64.
2025-09-11T06:23:04.4029794Z Preparing to unpack .../064-liblilv-0-0_0.24.22-1build1_amd64.deb ...
2025-09-11T06:23:04.4040723Z Unpacking liblilv-0-0:amd64 (0.24.22-1build1) ...
2025-09-11T06:23:04.4300876Z Selecting previously unselected package libmysofa1:amd64.
2025-09-11T06:23:04.4426372Z Preparing to unpack .../065-libmysofa1_1.3.2+dfsg-2ubuntu2_amd64.deb ...
2025-09-11T06:23:04.4438697Z Unpacking libmysofa1:amd64 (1.3.2+dfsg-2ubuntu2) ...
2025-09-11T06:23:04.4743161Z Selecting previously unselected package libplacebo338:amd64.
2025-09-11T06:23:04.4878696Z Preparing to unpack .../066-libplacebo338_6.338.2-2build1_amd64.deb ...
2025-09-11T06:23:04.4888881Z Unpacking libplacebo338:amd64 (6.338.2-2build1) ...
2025-09-11T06:23:04.5515086Z Selecting previously unselected package libblas3:amd64.
2025-09-11T06:23:04.5649725Z Preparing to unpack .../067-libblas3_3.12.0-3build1.1_amd64.deb ...
2025-09-11T06:23:04.5685587Z Unpacking libblas3:amd64 (3.12.0-3build1.1) ...
2025-09-11T06:23:04.5972598Z Selecting previously unselected package liblapack3:amd64.
2025-09-11T06:23:04.6109798Z Preparing to unpack .../068-liblapack3_3.12.0-3build1.1_amd64.deb ...
2025-09-11T06:23:04.6144827Z Unpacking liblapack3:amd64 (3.12.0-3build1.1) ...
2025-09-11T06:23:04.6700250Z Selecting previously unselected package libasyncns0:amd64.
2025-09-11T06:23:04.6835871Z Preparing to unpack .../069-libasyncns0_0.8-6build4_amd64.deb ...
2025-09-11T06:23:04.6846239Z Unpacking libasyncns0:amd64 (0.8-6build4) ...
2025-09-11T06:23:04.7067092Z Selecting previously unselected package libflac12t64:amd64.
2025-09-11T06:23:04.7204867Z Preparing to unpack .../070-libflac12t64_1.4.3+ds-2.1ubuntu2_amd64.deb ...
2025-09-11T06:23:04.7219171Z Unpacking libflac12t64:amd64 (1.4.3+ds-2.1ubuntu2) ...
2025-09-11T06:23:04.7489921Z Selecting previously unselected package libsndfile1:amd64.
2025-09-11T06:23:04.7626336Z Preparing to unpack .../071-libsndfile1_1.2.2-1ubuntu5.24.04.1_amd64.deb ...
2025-09-11T06:23:04.7635592Z Unpacking libsndfile1:amd64 (1.2.2-1ubuntu5.24.04.1) ...
2025-09-11T06:23:04.7929562Z Selecting previously unselected package libpulse0:amd64.
2025-09-11T06:23:04.8056439Z Preparing to unpack .../072-libpulse0_1%3a16.1+dfsg1-2ubuntu10.1_amd64.deb ...
2025-09-11T06:23:04.8123570Z Unpacking libpulse0:amd64 (1:16.1+dfsg1-2ubuntu10.1) ...
2025-09-11T06:23:04.8435681Z Selecting previously unselected package libsphinxbase3t64:amd64.
2025-09-11T06:23:04.8574837Z Preparing to unpack .../073-libsphinxbase3t64_0.8+5prealpha+1-17build2_amd64.deb ...
2025-09-11T06:23:04.8591067Z Unpacking libsphinxbase3t64:amd64 (0.8+5prealpha+1-17build2) ...
2025-09-11T06:23:04.8857222Z Selecting previously unselected package libpocketsphinx3:amd64.
2025-09-11T06:23:04.8991978Z Preparing to unpack .../074-libpocketsphinx3_0.8.0+real5prealpha+1-15ubuntu5_amd64.deb ...
2025-09-11T06:23:04.9008214Z Unpacking libpocketsphinx3:amd64 (0.8.0+real5prealpha+1-15ubuntu5) ...
2025-09-11T06:23:04.9287482Z Selecting previously unselected package libpostproc57:amd64.
2025-09-11T06:23:04.9423888Z Preparing to unpack .../075-libpostproc57_7%3a6.1.1-3ubuntu5_amd64.deb ...
2025-09-11T06:23:04.9434826Z Unpacking libpostproc57:amd64 (7:6.1.1-3ubuntu5) ...
2025-09-11T06:23:04.9695430Z Selecting previously unselected package libsamplerate0:amd64.
2025-09-11T06:23:04.9832283Z Preparing to unpack .../076-libsamplerate0_0.2.2-4build1_amd64.deb ...
2025-09-11T06:23:04.9846178Z Unpacking libsamplerate0:amd64 (0.2.2-4build1) ...
2025-09-11T06:23:05.0171067Z Selecting previously unselected package librubberband2:amd64.
2025-09-11T06:23:05.0293303Z Preparing to unpack .../077-librubberband2_3.3.0+dfsg-2build1_amd64.deb ...
2025-09-11T06:23:05.0303638Z Unpacking librubberband2:amd64 (3.3.0+dfsg-2build1) ...
2025-09-11T06:23:05.0552492Z Selecting previously unselected package libswscale7:amd64.
2025-09-11T06:23:05.0703893Z Preparing to unpack .../078-libswscale7_7%3a6.1.1-3ubuntu5_amd64.deb ...
2025-09-11T06:23:05.0714306Z Unpacking libswscale7:amd64 (7:6.1.1-3ubuntu5) ...
2025-09-11T06:23:05.0987463Z Selecting previously unselected package libvidstab1.1:amd64.
2025-09-11T06:23:05.1128929Z Preparing to unpack .../079-libvidstab1.1_1.1.0-2build1_amd64.deb ...
2025-09-11T06:23:05.1140632Z Unpacking libvidstab1.1:amd64 (1.1.0-2build1) ...
2025-09-11T06:23:05.1527556Z Selecting previously unselected package libzimg2:amd64.
2025-09-11T06:23:05.1672531Z Preparing to unpack .../080-libzimg2_3.0.5+ds1-1build1_amd64.deb ...
2025-09-11T06:23:05.1712480Z Unpacking libzimg2:amd64 (3.0.5+ds1-1build1) ...
2025-09-11T06:23:05.1992610Z Selecting previously unselected package libavfilter9:amd64.
2025-09-11T06:23:05.2130575Z Preparing to unpack .../081-libavfilter9_7%3a6.1.1-3ubuntu5_amd64.deb ...
2025-09-11T06:23:05.2141113Z Unpacking libavfilter9:amd64 (7:6.1.1-3ubuntu5) ...
2025-09-11T06:23:05.3010880Z Selecting previously unselected package liborc-0.4-0t64:amd64.
2025-09-11T06:23:05.3145682Z Preparing to unpack .../082-liborc-0.4-0t64_1%3a0.4.38-1ubuntu0.1_amd64.deb ...
2025-09-11T06:23:05.3157379Z Unpacking liborc-0.4-0t64:amd64 (1:0.4.38-1ubuntu0.1) ...
2025-09-11T06:23:05.3433183Z Selecting previously unselected package libgstreamer-plugins-base1.0-0:amd64.
2025-09-11T06:23:05.3570024Z Preparing to unpack .../083-libgstreamer-plugins-base1.0-0_1.24.2-1ubuntu0.3_amd64.deb ...
2025-09-11T06:23:05.3578144Z Unpacking libgstreamer-plugins-base1.0-0:amd64 (1.24.2-1ubuntu0.3) ...
2025-09-11T06:23:05.3973713Z Selecting previously unselected package gstreamer1.0-libav:amd64.
2025-09-11T06:23:05.4107263Z Preparing to unpack .../084-gstreamer1.0-libav_1.24.1-1build1_amd64.deb ...
2025-09-11T06:23:05.4115927Z Unpacking gstreamer1.0-libav:amd64 (1.24.1-1build1) ...
2025-09-11T06:23:05.4379691Z Selecting previously unselected package libcdparanoia0:amd64.
2025-09-11T06:23:05.4504439Z Preparing to unpack .../085-libcdparanoia0_3.10.2+debian-14build3_amd64.deb ...
2025-09-11T06:23:05.4514329Z Unpacking libcdparanoia0:amd64 (3.10.2+debian-14build3) ...
2025-09-11T06:23:05.4771530Z Selecting previously unselected package libvisual-0.4-0:amd64.
2025-09-11T06:23:05.4899947Z Preparing to unpack .../086-libvisual-0.4-0_0.4.2-2build1_amd64.deb ...
2025-09-11T06:23:05.4915372Z Unpacking libvisual-0.4-0:amd64 (0.4.2-2build1) ...
2025-09-11T06:23:05.5199486Z Selecting previously unselected package gstreamer1.0-plugins-base:amd64.
2025-09-11T06:23:05.5340386Z Preparing to unpack .../087-gstreamer1.0-plugins-base_1.24.2-1ubuntu0.3_amd64.deb ...
2025-09-11T06:23:05.5347430Z Unpacking gstreamer1.0-plugins-base:amd64 (1.24.2-1ubuntu0.3) ...
2025-09-11T06:23:05.5731112Z Selecting previously unselected package libaa1:amd64.
2025-09-11T06:23:05.5870353Z Preparing to unpack .../088-libaa1_1.4p5-51.1_amd64.deb ...
2025-09-11T06:23:05.5877560Z Unpacking libaa1:amd64 (1.4p5-51.1) ...
2025-09-11T06:23:05.6132209Z Selecting previously unselected package libraw1394-11:amd64.
2025-09-11T06:23:05.6304314Z Preparing to unpack .../089-libraw1394-11_2.1.2-2build3_amd64.deb ...
2025-09-11T06:23:05.6327163Z Unpacking libraw1394-11:amd64 (2.1.2-2build3) ...
2025-09-11T06:23:05.6653973Z Selecting previously unselected package libavc1394-0:amd64.
2025-09-11T06:23:05.6791575Z Preparing to unpack .../090-libavc1394-0_0.5.4-5build3_amd64.deb ...
2025-09-11T06:23:05.6804772Z Unpacking libavc1394-0:amd64 (0.5.4-5build3) ...
2025-09-11T06:23:05.7080205Z Selecting previously unselected package libcaca0:amd64.
2025-09-11T06:23:05.7205354Z Preparing to unpack .../091-libcaca0_0.99.beta20-4build2_amd64.deb ...
2025-09-11T06:23:05.7214813Z Unpacking libcaca0:amd64 (0.99.beta20-4build2) ...
2025-09-11T06:23:05.7550922Z Selecting previously unselected package libdv4t64:amd64.
2025-09-11T06:23:05.7738143Z Preparing to unpack .../092-libdv4t64_1.0.0-17.1build1_amd64.deb ...
2025-09-11T06:23:05.7759949Z Unpacking libdv4t64:amd64 (1.0.0-17.1build1) ...
2025-09-11T06:23:05.8080891Z Selecting previously unselected package libgstreamer-plugins-good1.0-0:amd64.
2025-09-11T06:23:05.8206010Z Preparing to unpack .../093-libgstreamer-plugins-good1.0-0_1.24.2-1ubuntu1.2_amd64.deb ...
2025-09-11T06:23:05.8219545Z Unpacking libgstreamer-plugins-good1.0-0:amd64 (1.24.2-1ubuntu1.2) ...
2025-09-11T06:23:05.8500661Z Selecting previously unselected package libiec61883-0:amd64.
2025-09-11T06:23:05.8632800Z Preparing to unpack .../094-libiec61883-0_1.2.0-6build1_amd64.deb ...
2025-09-11T06:23:05.8645546Z Unpacking libiec61883-0:amd64 (1.2.0-6build1) ...
2025-09-11T06:23:05.8922784Z Selecting previously unselected package libshout3:amd64.
2025-09-11T06:23:05.9065906Z Preparing to unpack .../095-libshout3_2.4.6-1build2_amd64.deb ...
2025-09-11T06:23:05.9080764Z Unpacking libshout3:amd64 (2.4.6-1build2) ...
2025-09-11T06:23:05.9341894Z Selecting previously unselected package libtag1v5-vanilla:amd64.
2025-09-11T06:23:05.9478224Z Preparing to unpack .../096-libtag1v5-vanilla_1.13.1-1build1_amd64.deb ...
2025-09-11T06:23:05.9491138Z Unpacking libtag1v5-vanilla:amd64 (1.13.1-1build1) ...
2025-09-11T06:23:05.9766892Z Selecting previously unselected package libtag1v5:amd64.
2025-09-11T06:23:05.9903576Z Preparing to unpack .../097-libtag1v5_1.13.1-1build1_amd64.deb ...
2025-09-11T06:23:05.9911385Z Unpacking libtag1v5:amd64 (1.13.1-1build1) ...
2025-09-11T06:23:06.0150084Z Selecting previously unselected package libv4lconvert0t64:amd64.
2025-09-11T06:23:06.0277385Z Preparing to unpack .../098-libv4lconvert0t64_1.26.1-4build3_amd64.deb ...
2025-09-11T06:23:06.0285083Z Unpacking libv4lconvert0t64:amd64 (1.26.1-4build3) ...
2025-09-11T06:23:06.0534962Z Selecting previously unselected package libv4l-0t64:amd64.
2025-09-11T06:23:06.0673726Z Preparing to unpack .../099-libv4l-0t64_1.26.1-4build3_amd64.deb ...
2025-09-11T06:23:06.0684779Z Unpacking libv4l-0t64:amd64 (1.26.1-4build3) ...
2025-09-11T06:23:06.0942895Z Selecting previously unselected package libwavpack1:amd64.
2025-09-11T06:23:06.1080569Z Preparing to unpack .../100-libwavpack1_5.6.0-1build1_amd64.deb ...
2025-09-11T06:23:06.1089102Z Unpacking libwavpack1:amd64 (5.6.0-1build1) ...
2025-09-11T06:23:06.1320498Z Selecting previously unselected package libsoup-3.0-common.
2025-09-11T06:23:06.1457254Z Preparing to unpack .../101-libsoup-3.0-common_3.4.4-5ubuntu0.5_all.deb ...
2025-09-11T06:23:06.1466971Z Unpacking libsoup-3.0-common (3.4.4-5ubuntu0.5) ...
2025-09-11T06:23:06.1721304Z Selecting previously unselected package libsoup-3.0-0:amd64.
2025-09-11T06:23:06.1842822Z Preparing to unpack .../102-libsoup-3.0-0_3.4.4-5ubuntu0.5_amd64.deb ...
2025-09-11T06:23:06.1852587Z Unpacking libsoup-3.0-0:amd64 (3.4.4-5ubuntu0.5) ...
2025-09-11T06:23:06.2112841Z Selecting previously unselected package gstreamer1.0-plugins-good:amd64.
2025-09-11T06:23:06.2249544Z Preparing to unpack .../103-gstreamer1.0-plugins-good_1.24.2-1ubuntu1.2_amd64.deb ...
2025-09-11T06:23:06.2259363Z Unpacking gstreamer1.0-plugins-good:amd64 (1.24.2-1ubuntu1.2) ...
2025-09-11T06:23:06.2926759Z Selecting previously unselected package libabsl20220623t64:amd64.
2025-09-11T06:23:06.3063887Z Preparing to unpack .../104-libabsl20220623t64_20220623.1-3.1ubuntu3.2_amd64.deb ...
2025-09-11T06:23:06.3074498Z Unpacking libabsl20220623t64:amd64 (20220623.1-3.1ubuntu3.2) ...
2025-09-11T06:23:06.3561619Z Selecting previously unselected package libgav1-1:amd64.
2025-09-11T06:23:06.3699528Z Preparing to unpack .../105-libgav1-1_0.18.0-1build3_amd64.deb ...
2025-09-11T06:23:06.3709674Z Unpacking libgav1-1:amd64 (0.18.0-1build3) ...
2025-09-11T06:23:06.4011135Z Selecting previously unselected package libyuv0:amd64.
2025-09-11T06:23:06.4136897Z Preparing to unpack .../106-libyuv0_0.0~git202401110.af6ac82-1_amd64.deb ...
2025-09-11T06:23:06.4151698Z Unpacking libyuv0:amd64 (0.0~git202401110.af6ac82-1) ...
2025-09-11T06:23:06.4421593Z Selecting previously unselected package libavif16:amd64.
2025-09-11T06:23:06.4559140Z Preparing to unpack .../107-libavif16_1.0.4-1ubuntu3_amd64.deb ...
2025-09-11T06:23:06.4570170Z Unpacking libavif16:amd64 (1.0.4-1ubuntu3) ...
2025-09-11T06:23:06.4836296Z Selecting previously unselected package libavtp0:amd64.
2025-09-11T06:23:06.4973979Z Preparing to unpack .../108-libavtp0_0.2.0-1build1_amd64.deb ...
2025-09-11T06:23:06.4986605Z Unpacking libavtp0:amd64 (0.2.0-1build1) ...
2025-09-11T06:23:06.5250451Z Selecting previously unselected package libcairo-script-interpreter2:amd64.
2025-09-11T06:23:06.5377518Z Preparing to unpack .../109-libcairo-script-interpreter2_1.18.0-3build1_amd64.deb ...
2025-09-11T06:23:06.5393348Z Unpacking libcairo-script-interpreter2:amd64 (1.18.0-3build1) ...
2025-09-11T06:23:06.5656439Z Selecting previously unselected package libdc1394-25:amd64.
2025-09-11T06:23:06.5792381Z Preparing to unpack .../110-libdc1394-25_2.2.6-4build1_amd64.deb ...
2025-09-11T06:23:06.5803268Z Unpacking libdc1394-25:amd64 (2.2.6-4build1) ...
2025-09-11T06:23:06.6069897Z Selecting previously unselected package libdecor-0-0:amd64.
2025-09-11T06:23:06.6196649Z Preparing to unpack .../111-libdecor-0-0_0.2.2-1build2_amd64.deb ...
2025-09-11T06:23:06.6208206Z Unpacking libdecor-0-0:amd64 (0.2.2-1build2) ...
2025-09-11T06:23:06.6474709Z Selecting previously unselected package libgles2:amd64.
2025-09-11T06:23:06.6613230Z Preparing to unpack .../112-libgles2_1.7.0-1build1_amd64.deb ...
2025-09-11T06:23:06.6626533Z Unpacking libgles2:amd64 (1.7.0-1build1) ...
2025-09-11T06:23:06.6900013Z Selecting previously unselected package libdirectfb-1.7-7t64:amd64.
2025-09-11T06:23:06.7020390Z Preparing to unpack .../113-libdirectfb-1.7-7t64_1.7.7-11.1ubuntu2_amd64.deb ...
2025-09-11T06:23:06.7031022Z Unpacking libdirectfb-1.7-7t64:amd64 (1.7.7-11.1ubuntu2) ...
2025-09-11T06:23:06.7520817Z Selecting previously unselected package libdvdread8t64:amd64.
2025-09-11T06:23:06.7646492Z Preparing to unpack .../114-libdvdread8t64_6.1.3-1.1build1_amd64.deb ...
2025-09-11T06:23:06.7654653Z Unpacking libdvdread8t64:amd64 (6.1.3-1.1build1) ...
2025-09-11T06:23:06.7909475Z Selecting previously unselected package libdvdnav4:amd64.
2025-09-11T06:23:06.8044501Z Preparing to unpack .../115-libdvdnav4_6.1.1-3build1_amd64.deb ...
2025-09-11T06:23:06.8054827Z Unpacking libdvdnav4:amd64 (6.1.1-3build1) ...
2025-09-11T06:23:06.8309125Z Selecting previously unselected package libegl-mesa0:amd64.
2025-09-11T06:23:06.8444355Z Preparing to unpack .../116-libegl-mesa0_25.0.7-0ubuntu0.24.04.2_amd64.deb ...
2025-09-11T06:23:06.8454864Z Unpacking libegl-mesa0:amd64 (25.0.7-0ubuntu0.24.04.2) ...
2025-09-11T06:23:06.8728304Z Selecting previously unselected package libevent-2.1-7t64:amd64.
2025-09-11T06:23:06.8863524Z Preparing to unpack .../117-libevent-2.1-7t64_2.1.12-stable-9ubuntu2_amd64.deb ...
2025-09-11T06:23:06.8876132Z Unpacking libevent-2.1-7t64:amd64 (2.1.12-stable-9ubuntu2) ...
2025-09-11T06:23:06.9163183Z Selecting previously unselected package libfaad2:amd64.
2025-09-11T06:23:06.9281299Z Preparing to unpack .../118-libfaad2_2.11.1-1build1_amd64.deb ...
2025-09-11T06:23:06.9293654Z Unpacking libfaad2:amd64 (2.11.1-1build1) ...
2025-09-11T06:23:06.9579784Z Selecting previously unselected package libinstpatch-1.0-2:amd64.
2025-09-11T06:23:06.9703611Z Preparing to unpack .../119-libinstpatch-1.0-2_1.1.6-1build2_amd64.deb ...
2025-09-11T06:23:06.9716476Z Unpacking libinstpatch-1.0-2:amd64 (1.1.6-1build2) ...
2025-09-11T06:23:06.9995865Z Selecting previously unselected package libjack-jackd2-0:amd64.
2025-09-11T06:23:07.0131189Z Preparing to unpack .../120-libjack-jackd2-0_1.9.21~dfsg-3ubuntu3_amd64.deb ...
2025-09-11T06:23:07.0145067Z Unpacking libjack-jackd2-0:amd64 (1.9.21~dfsg-3ubuntu3) ...
2025-09-11T06:23:07.0440788Z Selecting previously unselected package libwebrtc-audio-processing1:amd64.
2025-09-11T06:23:07.0578143Z Preparing to unpack .../121-libwebrtc-audio-processing1_0.3.1-0ubuntu6_amd64.deb ...
2025-09-11T06:23:07.0590006Z Unpacking libwebrtc-audio-processing1:amd64 (0.3.1-0ubuntu6) ...
2025-09-11T06:23:07.0945813Z Selecting previously unselected package libspa-0.2-modules:amd64.
2025-09-11T06:23:07.1085464Z Preparing to unpack .../122-libspa-0.2-modules_1.0.5-1ubuntu3.1_amd64.deb ...
2025-09-11T06:23:07.1104845Z Unpacking libspa-0.2-modules:amd64 (1.0.5-1ubuntu3.1) ...
2025-09-11T06:23:07.1487387Z Selecting previously unselected package libpipewire-0.3-0t64:amd64.
2025-09-11T06:23:07.1628841Z Preparing to unpack .../123-libpipewire-0.3-0t64_1.0.5-1ubuntu3.1_amd64.deb ...
2025-09-11T06:23:07.1639395Z Unpacking libpipewire-0.3-0t64:amd64 (1.0.5-1ubuntu3.1) ...
2025-09-11T06:23:07.1942915Z Selecting previously unselected package libsdl2-2.0-0:amd64.
2025-09-11T06:23:07.2079611Z Preparing to unpack .../124-libsdl2-2.0-0_2.30.0+dfsg-1ubuntu3.1_amd64.deb ...
2025-09-11T06:23:07.2091439Z Unpacking libsdl2-2.0-0:amd64 (2.30.0+dfsg-1ubuntu3.1) ...
2025-09-11T06:23:07.2434987Z Selecting previously unselected package timgm6mb-soundfont.
2025-09-11T06:23:07.2574308Z Preparing to unpack .../125-timgm6mb-soundfont_1.3-5_all.deb ...
2025-09-11T06:23:07.2585019Z Unpacking timgm6mb-soundfont (1.3-5) ...
2025-09-11T06:23:07.6102174Z Selecting previously unselected package libfluidsynth3:amd64.
2025-09-11T06:23:07.6234619Z Preparing to unpack .../126-libfluidsynth3_2.3.4-1build3_amd64.deb ...
2025-09-11T06:23:07.6249877Z Unpacking libfluidsynth3:amd64 (2.3.4-1build3) ...
2025-09-11T06:23:07.6554432Z Selecting previously unselected package libfreeaptx0:amd64.
2025-09-11T06:23:07.6692245Z Preparing to unpack .../127-libfreeaptx0_0.1.1-2build1_amd64.deb ...
2025-09-11T06:23:07.6706689Z Unpacking libfreeaptx0:amd64 (0.1.1-2build1) ...
2025-09-11T06:23:07.7010405Z Selecting previously unselected package libgraphene-1.0-0:amd64.
2025-09-11T06:23:07.7134204Z Preparing to unpack .../128-libgraphene-1.0-0_1.10.8-3build2_amd64.deb ...
2025-09-11T06:23:07.7153942Z Unpacking libgraphene-1.0-0:amd64 (1.10.8-3build2) ...
2025-09-11T06:23:07.7431895Z Selecting previously unselected package libgssdp-1.6-0:amd64.
2025-09-11T06:23:07.7566541Z Preparing to unpack .../129-libgssdp-1.6-0_1.6.3-1build3_amd64.deb ...
2025-09-11T06:23:07.7587188Z Unpacking libgssdp-1.6-0:amd64 (1.6.3-1build3) ...
2025-09-11T06:23:07.7880961Z Selecting previously unselected package libegl1:amd64.
2025-09-11T06:23:07.7997077Z Preparing to unpack .../130-libegl1_1.7.0-1build1_amd64.deb ...
2025-09-11T06:23:07.8015826Z Unpacking libegl1:amd64 (1.7.0-1build1) ...
2025-09-11T06:23:07.8299999Z Selecting previously unselected package libgstreamer-gl1.0-0:amd64.
2025-09-11T06:23:07.8437872Z Preparing to unpack .../131-libgstreamer-gl1.0-0_1.24.2-1ubuntu0.3_amd64.deb ...
2025-09-11T06:23:07.8451668Z Unpacking libgstreamer-gl1.0-0:amd64 (1.24.2-1ubuntu0.3) ...
2025-09-11T06:23:07.8753607Z Selecting previously unselected package libgtk-4-common.
2025-09-11T06:23:07.8890013Z Preparing to unpack .../132-libgtk-4-common_4.14.5+ds-0ubuntu0.5_all.deb ...
2025-09-11T06:23:07.8901790Z Unpacking libgtk-4-common (4.14.5+ds-0ubuntu0.5) ...
2025-09-11T06:23:07.9490159Z Selecting previously unselected package libgtk-4-1:amd64.
2025-09-11T06:23:07.9625220Z Preparing to unpack .../133-libgtk-4-1_4.14.5+ds-0ubuntu0.5_amd64.deb ...
2025-09-11T06:23:07.9637368Z Unpacking libgtk-4-1:amd64 (4.14.5+ds-0ubuntu0.5) ...
2025-09-11T06:23:08.0391661Z Selecting previously unselected package libgupnp-1.6-0:amd64.
2025-09-11T06:23:08.0531189Z Preparing to unpack .../134-libgupnp-1.6-0_1.6.6-1build3_amd64.deb ...
2025-09-11T06:23:08.0541021Z Unpacking libgupnp-1.6-0:amd64 (1.6.6-1build3) ...
2025-09-11T06:23:08.0839923Z Selecting previously unselected package libgupnp-igd-1.6-0:amd64.
2025-09-11T06:23:08.0976132Z Preparing to unpack .../135-libgupnp-igd-1.6-0_1.6.0-3build3_amd64.deb ...
2025-09-11T06:23:08.0989183Z Unpacking libgupnp-igd-1.6-0:amd64 (1.6.0-3build3) ...
2025-09-11T06:23:08.1278060Z Selecting previously unselected package libharfbuzz-icu0:amd64.
2025-09-11T06:23:08.1413748Z Preparing to unpack .../136-libharfbuzz-icu0_8.3.0-2build2_amd64.deb ...
2025-09-11T06:23:08.1428826Z Unpacking libharfbuzz-icu0:amd64 (8.3.0-2build2) ...
2025-09-11T06:23:08.1719922Z Selecting previously unselected package libhyphen0:amd64.
2025-09-11T06:23:08.1849597Z Preparing to unpack .../137-libhyphen0_2.8.8-7build3_amd64.deb ...
2025-09-11T06:23:08.1862772Z Unpacking libhyphen0:amd64 (2.8.8-7build3) ...
2025-09-11T06:23:08.2203976Z Selecting previously unselected package libimath-3-1-29t64:amd64.
2025-09-11T06:23:08.2342486Z Preparing to unpack .../138-libimath-3-1-29t64_3.1.9-3.1ubuntu2_amd64.deb ...
2025-09-11T06:23:08.2356680Z Unpacking libimath-3-1-29t64:amd64 (3.1.9-3.1ubuntu2) ...
2025-09-11T06:23:08.2643478Z Selecting previously unselected package liblc3-1:amd64.
2025-09-11T06:23:08.2781471Z Preparing to unpack .../139-liblc3-1_1.0.4-3build1_amd64.deb ...
2025-09-11T06:23:08.2792104Z Unpacking liblc3-1:amd64 (1.0.4-3build1) ...
2025-09-11T06:23:08.3070907Z Selecting previously unselected package libldacbt-enc2:amd64.
2025-09-11T06:23:08.3205875Z Preparing to unpack .../140-libldacbt-enc2_2.0.2.3+git20200429+ed310a0-4ubuntu2_amd64.deb ...
2025-09-11T06:23:08.3219641Z Unpacking libldacbt-enc2:amd64 (2.0.2.3+git20200429+ed310a0-4ubuntu2) ...
2025-09-11T06:23:08.3480508Z Selecting previously unselected package libraptor2-0:amd64.
2025-09-11T06:23:08.3607708Z Preparing to unpack .../141-libraptor2-0_2.0.16-3ubuntu0.1_amd64.deb ...
2025-09-11T06:23:08.3624551Z Unpacking libraptor2-0:amd64 (2.0.16-3ubuntu0.1) ...
2025-09-11T06:23:08.3938886Z Selecting previously unselected package liblrdf0:amd64.
2025-09-11T06:23:08.4075844Z Preparing to unpack .../142-liblrdf0_0.6.1-4build1_amd64.deb ...
2025-09-11T06:23:08.4090690Z Unpacking liblrdf0:amd64 (0.6.1-4build1) ...
2025-09-11T06:23:08.4371412Z Selecting previously unselected package libltc11:amd64.
2025-09-11T06:23:08.4507901Z Preparing to unpack .../143-libltc11_1.3.2-1build1_amd64.deb ...
2025-09-11T06:23:08.4528304Z Unpacking libltc11:amd64 (1.3.2-1build1) ...
2025-09-11T06:23:08.4800703Z Selecting previously unselected package libmanette-0.2-0:amd64.
2025-09-11T06:23:08.4936219Z Preparing to unpack .../144-libmanette-0.2-0_0.2.7-1build2_amd64.deb ...
2025-09-11T06:23:08.4951097Z Unpacking libmanette-0.2-0:amd64 (0.2.7-1build2) ...
2025-09-11T06:23:08.5220563Z Selecting previously unselected package libmfx1:amd64.
2025-09-11T06:23:08.5347249Z Preparing to unpack .../145-libmfx1_22.5.4-1_amd64.deb ...
2025-09-11T06:23:08.5366194Z Unpacking libmfx1:amd64 (22.5.4-1) ...
2025-09-11T06:23:08.6490721Z Selecting previously unselected package libmjpegutils-2.1-0t64:amd64.
2025-09-11T06:23:08.6624400Z Preparing to unpack .../146-libmjpegutils-2.1-0t64_1%3a2.1.0+debian-8.1build1_amd64.deb ...
2025-09-11T06:23:08.6639102Z Unpacking libmjpegutils-2.1-0t64:amd64 (1:2.1.0+debian-8.1build1) ...
2025-09-11T06:23:08.6930206Z Selecting previously unselected package libmodplug1:amd64.
2025-09-11T06:23:08.7067470Z Preparing to unpack .../147-libmodplug1_1%3a0.8.9.0-3build1_amd64.deb ...
2025-09-11T06:23:08.7079675Z Unpacking libmodplug1:amd64 (1:0.8.9.0-3build1) ...
2025-09-11T06:23:08.7391604Z Selecting previously unselected package libmpcdec6:amd64.
2025-09-11T06:23:08.7526646Z Preparing to unpack .../148-libmpcdec6_2%3a0.1~r495-2build1_amd64.deb ...
2025-09-11T06:23:08.7538251Z Unpacking libmpcdec6:amd64 (2:0.1~r495-2build1) ...
2025-09-11T06:23:08.7784273Z Selecting previously unselected package libmpeg2encpp-2.1-0t64:amd64.
2025-09-11T06:23:08.7924315Z Preparing to unpack .../149-libmpeg2encpp-2.1-0t64_1%3a2.1.0+debian-8.1build1_amd64.deb ...
2025-09-11T06:23:08.7934456Z Unpacking libmpeg2encpp-2.1-0t64:amd64 (1:2.1.0+debian-8.1build1) ...
2025-09-11T06:23:08.8186582Z Selecting previously unselected package libmplex2-2.1-0t64:amd64.
2025-09-11T06:23:08.8322859Z Preparing to unpack .../150-libmplex2-2.1-0t64_1%3a2.1.0+debian-8.1build1_amd64.deb ...
2025-09-11T06:23:08.8332651Z Unpacking libmplex2-2.1-0t64:amd64 (1:2.1.0+debian-8.1build1) ...
2025-09-11T06:23:08.8577154Z Selecting previously unselected package libneon27t64:amd64.
2025-09-11T06:23:08.8716930Z Preparing to unpack .../151-libneon27t64_0.33.0-1.1build3_amd64.deb ...
2025-09-11T06:23:08.8727494Z Unpacking libneon27t64:amd64 (0.33.0-1.1build3) ...
2025-09-11T06:23:08.9040600Z Selecting previously unselected package libnice10:amd64.
2025-09-11T06:23:08.9163117Z Preparing to unpack .../152-libnice10_0.1.21-2build3_amd64.deb ...
2025-09-11T06:23:08.9174245Z Unpacking libnice10:amd64 (0.1.21-2build3) ...
2025-09-11T06:23:08.9434429Z Selecting previously unselected package libopenal-data.
2025-09-11T06:23:08.9569431Z Preparing to unpack .../153-libopenal-data_1%3a1.23.1-4build1_all.deb ...
2025-09-11T06:23:08.9582882Z Unpacking libopenal-data (1:1.23.1-4build1) ...
2025-09-11T06:23:08.9855363Z Selecting previously unselected package libopenexr-3-1-30:amd64.
2025-09-11T06:23:08.9992681Z Preparing to unpack .../154-libopenexr-3-1-30_3.1.5-5.1build3_amd64.deb ...
2025-09-11T06:23:09.0005044Z Unpacking libopenexr-3-1-30:amd64 (3.1.5-5.1build3) ...
2025-09-11T06:23:09.0506054Z Selecting previously unselected package libopenh264-7:amd64.
2025-09-11T06:23:09.0651462Z Preparing to unpack .../155-libopenh264-7_2.4.1+dfsg-1_amd64.deb ...
2025-09-11T06:23:09.0661473Z Unpacking libopenh264-7:amd64 (2.4.1+dfsg-1) ...
2025-09-11T06:23:09.0988327Z Selecting previously unselected package libopenni2-0:amd64.
2025-09-11T06:23:09.1124573Z Preparing to unpack .../156-libopenni2-0_2.2.0.33+dfsg-18_amd64.deb ...
2025-09-11T06:23:09.1163085Z Unpacking libopenni2-0:amd64 (2.2.0.33+dfsg-18) ...
2025-09-11T06:23:09.1511782Z Selecting previously unselected package libqrencode4:amd64.
2025-09-11T06:23:09.1633892Z Preparing to unpack .../157-libqrencode4_4.1.1-1build2_amd64.deb ...
2025-09-11T06:23:09.1680593Z Unpacking libqrencode4:amd64 (4.1.1-1build2) ...
2025-09-11T06:23:09.1932855Z Selecting previously unselected package libsecret-common.
2025-09-11T06:23:09.2067417Z Preparing to unpack .../158-libsecret-common_0.21.4-1build3_all.deb ...
2025-09-11T06:23:09.2083933Z Unpacking libsecret-common (0.21.4-1build3) ...
2025-09-11T06:23:09.2329647Z Selecting previously unselected package libsecret-1-0:amd64.
2025-09-11T06:23:09.2466214Z Preparing to unpack .../159-libsecret-1-0_0.21.4-1build3_amd64.deb ...
2025-09-11T06:23:09.2474867Z Unpacking libsecret-1-0:amd64 (0.21.4-1build3) ...
2025-09-11T06:23:09.2749594Z Selecting previously unselected package libsndio7.0:amd64.
2025-09-11T06:23:09.2877322Z Preparing to unpack .../160-libsndio7.0_1.9.0-0.3build3_amd64.deb ...
2025-09-11T06:23:09.2888308Z Unpacking libsndio7.0:amd64 (1.9.0-0.3build3) ...
2025-09-11T06:23:09.3170427Z Selecting previously unselected package libsoundtouch1:amd64.
2025-09-11T06:23:09.3296701Z Preparing to unpack .../161-libsoundtouch1_2.3.2+ds1-1build1_amd64.deb ...
2025-09-11T06:23:09.3307831Z Unpacking libsoundtouch1:amd64 (2.3.2+ds1-1build1) ...
2025-09-11T06:23:09.3561429Z Selecting previously unselected package libspandsp2t64:amd64.
2025-09-11T06:23:09.3701388Z Preparing to unpack .../162-libspandsp2t64_0.0.6+dfsg-2.1build1_amd64.deb ...
2025-09-11T06:23:09.3712608Z Unpacking libspandsp2t64:amd64 (0.0.6+dfsg-2.1build1) ...
2025-09-11T06:23:09.4152947Z Selecting previously unselected package libsrtp2-1:amd64.
2025-09-11T06:23:09.4294524Z Preparing to unpack .../163-libsrtp2-1_2.5.0-3build1_amd64.deb ...
2025-09-11T06:23:09.4304360Z Unpacking libsrtp2-1:amd64 (2.5.0-3build1) ...
2025-09-11T06:23:09.4559830Z Selecting previously unselected package libwildmidi2:amd64.
2025-09-11T06:23:09.4689597Z Preparing to unpack .../164-libwildmidi2_0.4.3-1build3_amd64.deb ...
2025-09-11T06:23:09.4699393Z Unpacking libwildmidi2:amd64 (0.4.3-1build3) ...
2025-09-11T06:23:09.4950866Z Selecting previously unselected package libwoff1:amd64.
2025-09-11T06:23:09.5071201Z Preparing to unpack .../165-libwoff1_1.0.2-2build1_amd64.deb ...
2025-09-11T06:23:09.5080010Z Unpacking libwoff1:amd64 (1.0.2-2build1) ...
2025-09-11T06:23:09.5321456Z Selecting previously unselected package libxcb-xkb1:amd64.
2025-09-11T06:23:09.5459014Z Preparing to unpack .../166-libxcb-xkb1_1.15-1ubuntu2_amd64.deb ...
2025-09-11T06:23:09.5474754Z Unpacking libxcb-xkb1:amd64 (1.15-1ubuntu2) ...
2025-09-11T06:23:09.5713948Z Selecting previously unselected package libxkbcommon-x11-0:amd64.
2025-09-11T06:23:09.5849538Z Preparing to unpack .../167-libxkbcommon-x11-0_1.6.0-1build1_amd64.deb ...
2025-09-11T06:23:09.5867729Z Unpacking libxkbcommon-x11-0:amd64 (1.6.0-1build1) ...
2025-09-11T06:23:09.6100109Z Selecting previously unselected package libzbar0t64:amd64.
2025-09-11T06:23:09.6239889Z Preparing to unpack .../168-libzbar0t64_0.23.93-4build3_amd64.deb ...
2025-09-11T06:23:09.6245159Z Unpacking libzbar0t64:amd64 (0.23.93-4build3) ...
2025-09-11T06:23:09.6502830Z Selecting previously unselected package libzxing3:amd64.
2025-09-11T06:23:09.6647113Z Preparing to unpack .../169-libzxing3_2.2.1-3_amd64.deb ...
2025-09-11T06:23:09.6662584Z Unpacking libzxing3:amd64 (2.2.1-3) ...
2025-09-11T06:23:09.6958137Z Selecting previously unselected package xfonts-encodings.
2025-09-11T06:23:09.7098185Z Preparing to unpack .../170-xfonts-encodings_1%3a1.0.5-0ubuntu2_all.deb ...
2025-09-11T06:23:09.7107377Z Unpacking xfonts-encodings (1:1.0.5-0ubuntu2) ...
2025-09-11T06:23:09.7450188Z Selecting previously unselected package xfonts-utils.
2025-09-11T06:23:09.7573894Z Preparing to unpack .../171-xfonts-utils_1%3a7.7+6build3_amd64.deb ...
2025-09-11T06:23:09.7582483Z Unpacking xfonts-utils (1:7.7+6build3) ...
2025-09-11T06:23:09.9100883Z Selecting previously unselected package xfonts-cyrillic.
2025-09-11T06:23:09.9241131Z Preparing to unpack .../172-xfonts-cyrillic_1%3a1.0.5+nmu1_all.deb ...
2025-09-11T06:23:09.9249357Z Unpacking xfonts-cyrillic (1:1.0.5+nmu1) ...
2025-09-11T06:23:09.9640309Z Selecting previously unselected package xfonts-scalable.
2025-09-11T06:23:09.9783238Z Preparing to unpack .../173-xfonts-scalable_1%3a1.0.3-1.3_all.deb ...
2025-09-11T06:23:09.9796913Z Unpacking xfonts-scalable (1:1.0.3-1.3) ...
2025-09-11T06:23:10.0078764Z Selecting previously unselected package libgstreamer-plugins-bad1.0-0:amd64.
2025-09-11T06:23:10.0218872Z Preparing to unpack .../174-libgstreamer-plugins-bad1.0-0_1.24.2-1ubuntu4_amd64.deb ...
2025-09-11T06:23:10.0231529Z Unpacking libgstreamer-plugins-bad1.0-0:amd64 (1.24.2-1ubuntu4) ...
2025-09-11T06:23:10.0644463Z Selecting previously unselected package libdca0:amd64.
2025-09-11T06:23:10.0781225Z Preparing to unpack .../175-libdca0_0.0.7-2build1_amd64.deb ...
2025-09-11T06:23:10.0795552Z Unpacking libdca0:amd64 (0.0.7-2build1) ...
2025-09-11T06:23:10.1050215Z Selecting previously unselected package libopenal1:amd64.
2025-09-11T06:23:10.1186587Z Preparing to unpack .../176-libopenal1_1%3a1.23.1-4build1_amd64.deb ...
2025-09-11T06:23:10.1195927Z Unpacking libopenal1:amd64 (1:1.23.1-4build1) ...
2025-09-11T06:23:10.1511385Z Selecting previously unselected package libsbc1:amd64.
2025-09-11T06:23:10.1634364Z Preparing to unpack .../177-libsbc1_2.0-1build1_amd64.deb ...
2025-09-11T06:23:10.1646472Z Unpacking libsbc1:amd64 (2.0-1build1) ...
2025-09-11T06:23:10.1878991Z Selecting previously unselected package libvo-aacenc0:amd64.
2025-09-11T06:23:10.2024177Z Preparing to unpack .../178-libvo-aacenc0_0.1.3-2build1_amd64.deb ...
2025-09-11T06:23:10.2033515Z Unpacking libvo-aacenc0:amd64 (0.1.3-2build1) ...
2025-09-11T06:23:10.2300810Z Selecting previously unselected package libvo-amrwbenc0:amd64.
2025-09-11T06:23:10.2426501Z Preparing to unpack .../179-libvo-amrwbenc0_0.1.3-2build1_amd64.deb ...
2025-09-11T06:23:10.2439771Z Unpacking libvo-amrwbenc0:amd64 (0.1.3-2build1) ...
2025-09-11T06:23:10.2689954Z Selecting previously unselected package gstreamer1.0-plugins-bad:amd64.
2025-09-11T06:23:10.2834560Z Preparing to unpack .../180-gstreamer1.0-plugins-bad_1.24.2-1ubuntu4_amd64.deb ...
2025-09-11T06:23:10.2842871Z Unpacking gstreamer1.0-plugins-bad:amd64 (1.24.2-1ubuntu4) ...
2025-09-11T06:23:10.6204898Z Setting up libgme0:amd64 (0.6.3-7build1) ...
2025-09-11T06:23:10.6236057Z Setting up libchromaprint1:amd64 (1.5.1-5) ...
2025-09-11T06:23:10.6261403Z Setting up libssh-gcrypt-4:amd64 (0.10.6-2ubuntu0.1) ...
2025-09-11T06:23:10.6289375Z Setting up libhwy1t64:amd64 (1.0.7-8.1build1) ...
2025-09-11T06:23:10.6313494Z Setting up libcairo-script-interpreter2:amd64 (1.18.0-3build1) ...
2025-09-11T06:23:10.6340925Z Setting up libfreeaptx0:amd64 (0.1.1-2build1) ...
2025-09-11T06:23:10.6365455Z Setting up libdvdread8t64:amd64 (6.1.3-1.1build1) ...
2025-09-11T06:23:10.6385987Z Setting up libudfread0:amd64 (1.1.2-1build1) ...
2025-09-11T06:23:10.6413953Z Setting up libmodplug1:amd64 (1:0.8.9.0-3build1) ...
2025-09-11T06:23:10.6435260Z Setting up libcdparanoia0:amd64 (3.10.2+debian-14build3) ...
2025-09-11T06:23:10.6484163Z Setting up libvo-amrwbenc0:amd64 (0.1.3-2build1) ...
2025-09-11T06:23:10.6509901Z Setting up session-migration (0.3.9build1) ...
2025-09-11T06:23:10.7752241Z Created symlink /etc/systemd/user/graphical-session-pre.target.wants/session-migration.service → /usr/lib/systemd/user/session-migration.service.
2025-09-11T06:23:10.7755970Z 
2025-09-11T06:23:10.7783784Z Setting up libraw1394-11:amd64 (2.1.2-2build3) ...
2025-09-11T06:23:10.7809337Z Setting up libsbc1:amd64 (2.0-1build1) ...
2025-09-11T06:23:10.7832108Z Setting up libproxy1v5:amd64 (0.5.4-4build1) ...
2025-09-11T06:23:10.7856887Z Setting up libtag1v5-vanilla:amd64 (1.13.1-1build1) ...
2025-09-11T06:23:10.7890463Z Setting up libharfbuzz-icu0:amd64 (8.3.0-2build2) ...
2025-09-11T06:23:10.7916955Z Setting up libopenni2-0:amd64 (2.2.0.33+dfsg-18) ...
2025-09-11T06:23:10.8091227Z Setting up libspeex1:amd64 (1.2.1-2ubuntu2.24.04.1) ...
2025-09-11T06:23:10.8115226Z Setting up libshine3:amd64 (3.1.1-2build1) ...
2025-09-11T06:23:10.8138345Z Setting up libcaca0:amd64 (0.99.beta20-4build2) ...
2025-09-11T06:23:10.8166111Z Setting up libvpl2 (2023.3.0-1build1) ...
2025-09-11T06:23:10.8193827Z Setting up libv4lconvert0t64:amd64 (1.26.1-4build3) ...
2025-09-11T06:23:10.8226023Z Setting up libx264-164:amd64 (2:0.164.3108+git31e19f9-1) ...
2025-09-11T06:23:10.8255042Z Setting up libtwolame0:amd64 (0.4.0-2build3) ...
2025-09-11T06:23:10.8281217Z Setting up libmbedcrypto7t64:amd64 (2.28.8-1) ...
2025-09-11T06:23:10.8306716Z Setting up libwoff1:amd64 (1.0.2-2build1) ...
2025-09-11T06:23:10.8337163Z Setting up liblc3-1:amd64 (1.0.4-3build1) ...
2025-09-11T06:23:10.8371430Z Setting up libqrencode4:amd64 (4.1.1-1build2) ...
2025-09-11T06:23:10.8396328Z Setting up libhyphen0:amd64 (2.8.8-7build3) ...
2025-09-11T06:23:10.8423397Z Setting up libgsm1:amd64 (1.0.22-1build1) ...
2025-09-11T06:23:10.8447008Z Setting up libvisual-0.4-0:amd64 (0.4.2-2build1) ...
2025-09-11T06:23:10.8472488Z Setting up libsoxr0:amd64 (0.1.3-4build3) ...
2025-09-11T06:23:10.8498409Z Setting up libzix-0-0:amd64 (0.4.2-2build1) ...
2025-09-11T06:23:10.8524979Z Setting up libcodec2-1.2:amd64 (1.2.0-2build1) ...
2025-09-11T06:23:10.8550654Z Setting up libmanette-0.2-0:amd64 (0.2.7-1build2) ...
2025-09-11T06:23:10.8577668Z Setting up libsrtp2-1:amd64 (2.5.0-3build1) ...
2025-09-11T06:23:10.8601807Z Setting up libmysofa1:amd64 (1.3.2+dfsg-2ubuntu2) ...
2025-09-11T06:23:10.8625893Z Setting up libldacbt-enc2:amd64 (2.0.2.3+git20200429+ed310a0-4ubuntu2) ...
2025-09-11T06:23:10.8654524Z Setting up fonts-wqy-zenhei (0.9.45-8) ...
2025-09-11T06:23:10.8872327Z Setting up libwebrtc-audio-processing1:amd64 (0.3.1-0ubuntu6) ...
2025-09-11T06:23:10.8896466Z Setting up fonts-freefont-ttf (20211204+svn4273-2) ...
2025-09-11T06:23:10.8923933Z Setting up libevent-2.1-7t64:amd64 (2.1.12-stable-9ubuntu2) ...
2025-09-11T06:23:10.8952122Z Setting up libsvtav1enc1d1:amd64 (1.7.0+dfsg-2build1) ...
2025-09-11T06:23:10.8976682Z Setting up libsoup-3.0-common (3.4.4-5ubuntu0.5) ...
2025-09-11T06:23:10.9002284Z Setting up libmpg123-0t64:amd64 (1.32.5-1ubuntu1.1) ...
2025-09-11T06:23:10.9032048Z Setting up libcjson1:amd64 (1.7.17-1) ...
2025-09-11T06:23:10.9057162Z Setting up libxvidcore4:amd64 (2:1.3.7-1build1) ...
2025-09-11T06:23:10.9082710Z Setting up libmpcdec6:amd64 (2:0.1~r495-2build1) ...
2025-09-11T06:23:10.9112367Z Setting up libmjpegutils-2.1-0t64:amd64 (1:2.1.0+debian-8.1build1) ...
2025-09-11T06:23:10.9139823Z Setting up librav1e0:amd64 (0.7.1-2) ...
2025-09-11T06:23:10.9173398Z Setting up liborc-0.4-0t64:amd64 (1:0.4.38-1ubuntu0.1) ...
2025-09-11T06:23:10.9204092Z Setting up libxcb-xkb1:amd64 (1.15-1ubuntu2) ...
2025-09-11T06:23:10.9228140Z Setting up libvo-aacenc0:amd64 (0.1.3-2build1) ...
2025-09-11T06:23:10.9251530Z Setting up librist4:amd64 (0.2.10+dfsg-2) ...
2025-09-11T06:23:10.9277233Z Setting up libblas3:amd64 (3.12.0-3build1.1) ...
2025-09-11T06:23:10.9340759Z update-alternatives: using /usr/lib/x86_64-linux-gnu/blas/libblas.so.3 to provide /usr/lib/x86_64-linux-gnu/libblas.so.3 (libblas.so.3-x86_64-linux-gnu) in auto mode
2025-09-11T06:23:10.9360747Z Setting up libegl-mesa0:amd64 (25.0.7-0ubuntu0.24.04.2) ...
2025-09-11T06:23:10.9386840Z Setting up libsoundtouch1:amd64 (2.3.2+ds1-1build1) ...
2025-09-11T06:23:10.9410412Z Setting up libplacebo338:amd64 (6.338.2-2build1) ...
2025-09-11T06:23:10.9433240Z Setting up libgles2:amd64 (1.7.0-1build1) ...
2025-09-11T06:23:10.9457551Z Setting up fonts-tlwg-loma-otf (1:0.7.3-1) ...
2025-09-11T06:23:10.9480948Z Setting up libva2:amd64 (2.20.0-2build1) ...
2025-09-11T06:23:10.9514865Z Setting up libspa-0.2-modules:amd64 (1.0.5-1ubuntu3.1) ...
2025-09-11T06:23:10.9539332Z Setting up libzxing3:amd64 (2.2.1-3) ...
2025-09-11T06:23:10.9562626Z Setting up xfonts-encodings (1:1.0.5-0ubuntu2) ...
2025-09-11T06:23:10.9592297Z Setting up libopus0:amd64 (1.4-1build1) ...
2025-09-11T06:23:10.9618054Z Setting up libfaad2:amd64 (2.11.1-1build1) ...
2025-09-11T06:23:10.9641421Z Setting up libxkbcommon-x11-0:amd64 (1.6.0-1build1) ...
2025-09-11T06:23:10.9672061Z Setting up libdc1394-25:amd64 (2.2.6-4build1) ...
2025-09-11T06:23:10.9699582Z Setting up libimath-3-1-29t64:amd64 (3.1.9-3.1ubuntu2) ...
2025-09-11T06:23:10.9724643Z Setting up libunibreak5:amd64 (5.1-2build1) ...
2025-09-11T06:23:10.9757339Z Setting up libdv4t64:amd64 (1.0.0-17.1build1) ...
2025-09-11T06:23:10.9781238Z Setting up libjxl0.7:amd64 (0.7.0-10.2ubuntu6.1) ...
2025-09-11T06:23:10.9804970Z Setting up libopenh264-7:amd64 (2.4.1+dfsg-1) ...
2025-09-11T06:23:10.9862806Z Setting up libltc11:amd64 (1.3.2-1build1) ...
2025-09-11T06:23:10.9890883Z Setting up libx265-199:amd64 (3.5-2build1) ...
2025-09-11T06:23:10.9915148Z Setting up libv4l-0t64:amd64 (1.26.1-4build3) ...
2025-09-11T06:23:10.9945102Z Setting up libavtp0:amd64 (0.2.0-1build1) ...
2025-09-11T06:23:10.9971398Z Setting up libsndio7.0:amd64 (1.9.0-0.3build3) ...
2025-09-11T06:23:11.0003933Z Setting up libdirectfb-1.7-7t64:amd64 (1.7.7-11.1ubuntu2) ...
2025-09-11T06:23:11.0028009Z Setting up libspandsp2t64:amd64 (0.0.6+dfsg-2.1build1) ...
2025-09-11T06:23:11.0055183Z Setting up libvidstab1.1:amd64 (1.1.0-2build1) ...
2025-09-11T06:23:11.0082611Z Setting up libvpx9:amd64 (1.14.0-1ubuntu2.2) ...
2025-09-11T06:23:11.0230235Z Setting up libsrt1.5-gnutls:amd64 (1.5.3-1build2) ...
2025-09-11T06:23:11.0256713Z Setting up libtag1v5:amd64 (1.13.1-1build1) ...
2025-09-11T06:23:11.0279429Z Setting up libflite1:amd64 (2.2-6build3) ...
2025-09-11T06:23:11.0304235Z Setting up libdav1d7:amd64 (1.4.1-1build1) ...
2025-09-11T06:23:11.0332416Z Setting up libva-drm2:amd64 (2.20.0-2build1) ...
2025-09-11T06:23:11.0359133Z Setting up fonts-ipafont-gothic (00303-21ubuntu1) ...
2025-09-11T06:23:11.0430277Z update-alternatives: using /usr/share/fonts/opentype/ipafont-gothic/ipag.ttf to provide /usr/share/fonts/truetype/fonts-japanese-gothic.ttf (fonts-japanese-gothic.ttf) in auto mode
2025-09-11T06:23:11.0457540Z Setting up ocl-icd-libopencl1:amd64 (2.3.2-1build1) ...
2025-09-11T06:23:11.0490356Z Setting up libasyncns0:amd64 (0.8-6build4) ...
2025-09-11T06:23:11.0516739Z Setting up libwildmidi2:amd64 (0.4.3-1build3) ...
2025-09-11T06:23:11.0543030Z Setting up libvdpau1:amd64 (1.5-2build1) ...
2025-09-11T06:23:11.0576574Z Setting up libwavpack1:amd64 (5.6.0-1build1) ...
2025-09-11T06:23:11.0602556Z Setting up libbs2b0:amd64 (3.1.0+dfsg-7build1) ...
2025-09-11T06:23:11.0644353Z Setting up libtheora0:amd64 (1.1.1+dfsg.1-16.1build3) ...
2025-09-11T06:23:11.0674907Z Setting up libegl1:amd64 (1.7.0-1build1) ...
2025-09-11T06:23:11.0701936Z Setting up libdecor-0-0:amd64 (0.2.2-1build2) ...
2025-09-11T06:23:11.0729629Z Setting up libdca0:amd64 (0.0.7-2build1) ...
2025-09-11T06:23:11.0756318Z Setting up libzimg2:amd64 (3.0.5+ds1-1build1) ...
2025-09-11T06:23:11.0781768Z Setting up libopenal-data (1:1.23.1-4build1) ...
2025-09-11T06:23:11.0814733Z Setting up libabsl20220623t64:amd64 (20220623.1-3.1ubuntu3.2) ...
2025-09-11T06:23:11.0841095Z Setting up libflac12t64:amd64 (1.4.3+ds-2.1ubuntu2) ...
2025-09-11T06:23:11.0867191Z Setting up libgtk-4-common (4.14.5+ds-0ubuntu0.5) ...
2025-09-11T06:23:11.0893114Z Setting up libmpeg2encpp-2.1-0t64:amd64 (1:2.1.0+debian-8.1build1) ...
2025-09-11T06:23:11.0920256Z Setting up glib-networking-common (2.80.0-1build1) ...
2025-09-11T06:23:11.0972281Z Setting up libmfx1:amd64 (22.5.4-1) ...
2025-09-11T06:23:11.1003093Z Setting up libsamplerate0:amd64 (0.2.2-4build1) ...
2025-09-11T06:23:11.1027864Z Setting up timgm6mb-soundfont (1.3-5) ...
2025-09-11T06:23:11.1118749Z update-alternatives: using /usr/share/sounds/sf2/TimGM6mb.sf2 to provide /usr/share/sounds/sf2/default-GM.sf2 (default-GM.sf2) in auto mode
2025-09-11T06:23:11.1161195Z update-alternatives: using /usr/share/sounds/sf2/TimGM6mb.sf2 to provide /usr/share/sounds/sf3/default-GM.sf3 (default-GM.sf3) in auto mode
2025-09-11T06:23:11.1182029Z Setting up libva-x11-2:amd64 (2.20.0-2build1) ...
2025-09-11T06:23:11.1206617Z Setting up libyuv0:amd64 (0.0~git202401110.af6ac82-1) ...
2025-09-11T06:23:11.1232688Z Setting up libmplex2-2.1-0t64:amd64 (1:2.1.0+debian-8.1build1) ...
2025-09-11T06:23:11.1256554Z Setting up libpipewire-0.3-0t64:amd64 (1.0.5-1ubuntu3.1) ...
2025-09-11T06:23:11.1284186Z Setting up libxml2:amd64 (2.9.14+dfsg-1.3ubuntu3.5) ...
2025-09-11T06:23:11.1309099Z Setting up libopenmpt0t64:amd64 (0.7.3-1.1build3) ...
2025-09-11T06:23:11.1331324Z Setting up libzvbi-common (0.2.42-2) ...
2025-09-11T06:23:11.1355115Z Setting up libsecret-common (0.21.4-1build3) ...
2025-09-11T06:23:11.1380158Z Setting up libmp3lame0:amd64 (3.100-6build1) ...
2025-09-11T06:23:11.1409112Z Setting up libgraphene-1.0-0:amd64 (1.10.8-3build2) ...
2025-09-11T06:23:11.1443356Z Setting up libvorbisenc2:amd64 (1.3.7-1build3) ...
2025-09-11T06:23:11.1477540Z Setting up libdvdnav4:amd64 (6.1.1-3build1) ...
2025-09-11T06:23:11.1510426Z Setting up fonts-unifont (1:15.1.01-1build1) ...
2025-09-11T06:23:11.1539057Z Setting up libaa1:amd64 (1.4p5-51.1) ...
2025-09-11T06:23:11.1582828Z Setting up libiec61883-0:amd64 (1.2.0-6build1) ...
2025-09-11T06:23:11.1614270Z Setting up libserd-0-0:amd64 (0.32.2-1) ...
2025-09-11T06:23:11.1649239Z Setting up libavc1394-0:amd64 (0.5.4-5build3) ...
2025-09-11T06:23:11.1675875Z Setting up gsettings-desktop-schemas (46.1-0ubuntu1) ...
2025-09-11T06:23:11.1701899Z Setting up glib-networking-services (2.80.0-1build1) ...
2025-09-11T06:23:11.1740047Z Setting up liblapack3:amd64 (3.12.0-3build1.1) ...
2025-09-11T06:23:11.1807909Z update-alternatives: using /usr/lib/x86_64-linux-gnu/lapack/liblapack.so.3 to provide /usr/lib/x86_64-linux-gnu/liblapack.so.3 (liblapack.so.3-x86_64-linux-gnu) in auto mode
2025-09-11T06:23:11.1827221Z Setting up libneon27t64:amd64 (0.33.0-1.1build3) ...
2025-09-11T06:23:11.1864515Z Setting up libzvbi0t64:amd64 (0.2.42-2) ...
2025-09-11T06:23:11.1899135Z Setting up libraptor2-0:amd64 (2.0.16-3ubuntu0.1) ...
2025-09-11T06:23:11.1931496Z Setting up libzbar0t64:amd64 (0.23.93-4build3) ...
2025-09-11T06:23:11.1970032Z Setting up libgstreamer-plugins-base1.0-0:amd64 (1.24.2-1ubuntu0.3) ...
2025-09-11T06:23:11.2000332Z Setting up libavutil58:amd64 (7:6.1.1-3ubuntu5) ...
2025-09-11T06:23:11.2030462Z Setting up libopenal1:amd64 (1:1.23.1-4build1) ...
2025-09-11T06:23:11.2097136Z Setting up xfonts-utils (1:7.7+6build3) ...
2025-09-11T06:23:11.2157249Z Setting up librsvg2-2:amd64 (2.58.0+dfsg-1build1) ...
2025-09-11T06:23:11.2189154Z Setting up libxml2-dev:amd64 (2.9.14+dfsg-1.3ubuntu3.5) ...
2025-09-11T06:23:11.2230143Z Setting up libsecret-1-0:amd64 (0.21.4-1build3) ...
2025-09-11T06:23:11.2264546Z Setting up libgstreamer-plugins-good1.0-0:amd64 (1.24.2-1ubuntu1.2) ...
2025-09-11T06:23:11.2292937Z Setting up libgstreamer-gl1.0-0:amd64 (1.24.2-1ubuntu0.3) ...
2025-09-11T06:23:11.2325018Z Setting up gstreamer1.0-plugins-base:amd64 (1.24.2-1ubuntu0.3) ...
2025-09-11T06:23:11.2356932Z Setting up libass9:amd64 (1:0.17.1-2build1) ...
2025-09-11T06:23:11.2392798Z Setting up libswresample4:amd64 (7:6.1.1-3ubuntu5) ...
2025-09-11T06:23:11.2421807Z Setting up libopenexr-3-1-30:amd64 (3.1.5-5.1build3) ...
2025-09-11T06:23:11.2455534Z Setting up libshout3:amd64 (2.4.6-1build2) ...
2025-09-11T06:23:11.2494668Z Setting up libgav1-1:amd64 (0.18.0-1build3) ...
2025-09-11T06:23:11.2529261Z Setting up libavcodec60:amd64 (7:6.1.1-3ubuntu5) ...
2025-09-11T06:23:11.2560175Z Setting up librubberband2:amd64 (3.3.0+dfsg-2build1) ...
2025-09-11T06:23:11.2602819Z Setting up libjack-jackd2-0:amd64 (1.9.21~dfsg-3ubuntu3) ...
2025-09-11T06:23:11.2632961Z Setting up libsord-0-0:amd64 (0.16.16-2build1) ...
2025-09-11T06:23:11.2665075Z Setting up xfonts-cyrillic (1:1.0.5+nmu1) ...
2025-09-11T06:23:11.3226017Z Setting up libpostproc57:amd64 (7:6.1.1-3ubuntu5) ...
2025-09-11T06:23:11.3267491Z Setting up libsratom-0-0:amd64 (0.6.16-1build1) ...
2025-09-11T06:23:11.3297204Z Setting up libsndfile1:amd64 (1.2.2-1ubuntu5.24.04.1) ...
2025-09-11T06:23:11.3332918Z Setting up libbluray2:amd64 (1:1.3.4-1build1) ...
2025-09-11T06:23:11.3363573Z Setting up liblilv-0-0:amd64 (0.24.22-1build1) ...
2025-09-11T06:23:11.3395289Z Setting up libinstpatch-1.0-2:amd64 (1.1.6-1build2) ...
2025-09-11T06:23:11.3424818Z Setting up xfonts-scalable (1:1.0.3-1.3) ...
2025-09-11T06:23:11.3807101Z Setting up libswscale7:amd64 (7:6.1.1-3ubuntu5) ...
2025-09-11T06:23:11.3848821Z Setting up libavif16:amd64 (1.0.4-1ubuntu3) ...
2025-09-11T06:23:11.3883506Z Setting up libpulse0:amd64 (1:16.1+dfsg1-2ubuntu10.1) ...
2025-09-11T06:23:11.3983580Z Setting up liblrdf0:amd64 (0.6.1-4build1) ...
2025-09-11T06:23:11.4157667Z Setting up libavformat60:amd64 (7:6.1.1-3ubuntu5) ...
2025-09-11T06:23:11.4192350Z Setting up libsphinxbase3t64:amd64 (0.8+5prealpha+1-17build2) ...
2025-09-11T06:23:11.4223627Z Setting up libsdl2-2.0-0:amd64 (2.30.0+dfsg-1ubuntu3.1) ...
2025-09-11T06:23:11.4252952Z Setting up libfluidsynth3:amd64 (2.3.4-1build3) ...
2025-09-11T06:23:11.4286752Z Setting up libpocketsphinx3:amd64 (0.8.0+real5prealpha+1-15ubuntu5) ...
2025-09-11T06:23:11.4342354Z Setting up libavfilter9:amd64 (7:6.1.1-3ubuntu5) ...
2025-09-11T06:23:11.4381151Z Setting up gstreamer1.0-libav:amd64 (1.24.1-1build1) ...
2025-09-11T06:23:11.4724453Z Processing triggers for fontconfig (2.15.0-1.1ubuntu2) ...
2025-09-11T06:23:11.8795368Z Processing triggers for libc-bin (2.39-0ubuntu8.5) ...
2025-09-11T06:23:15.3217257Z Processing triggers for man-db (2.12.0-4build2) ...
2025-09-11T06:24:51.3424954Z Processing triggers for libglib2.0-0t64:amd64 (2.80.0-6ubuntu3.4) ...
2025-09-11T06:24:51.4012974Z Setting up libgtk-4-1:amd64 (4.14.5+ds-0ubuntu0.5) ...
2025-09-11T06:24:51.4979700Z Setting up glib-networking:amd64 (2.80.0-1build1) ...
2025-09-11T06:24:51.5026985Z Setting up libsoup-3.0-0:amd64 (3.4.4-5ubuntu0.5) ...
2025-09-11T06:24:51.5075382Z Setting up libgssdp-1.6-0:amd64 (1.6.3-1build3) ...
2025-09-11T06:24:51.5152205Z Setting up gstreamer1.0-plugins-good:amd64 (1.24.2-1ubuntu1.2) ...
2025-09-11T06:24:51.5185074Z Setting up libgupnp-1.6-0:amd64 (1.6.6-1build3) ...
2025-09-11T06:24:51.5252347Z Setting up libgupnp-igd-1.6-0:amd64 (1.6.0-3build3) ...
2025-09-11T06:24:51.5299249Z Setting up libnice10:amd64 (0.1.21-2build3) ...
2025-09-11T06:24:51.5357814Z Setting up libgstreamer-plugins-bad1.0-0:amd64 (1.24.2-1ubuntu4) ...
2025-09-11T06:24:51.5406601Z Setting up gstreamer1.0-plugins-bad:amd64 (1.24.2-1ubuntu4) ...
2025-09-11T06:24:51.5441943Z Processing triggers for libc-bin (2.39-0ubuntu8.5) ...
2025-09-11T06:24:53.0488044Z 
2025-09-11T06:24:53.0489623Z Running kernel seems to be up-to-date.
2025-09-11T06:24:53.0490283Z 
2025-09-11T06:24:53.0490930Z Restarting services...
2025-09-11T06:24:53.0726515Z  systemctl restart packagekit.service php8.3-fpm.service
2025-09-11T06:24:53.1970585Z 
2025-09-11T06:24:53.1972499Z Service restarts being deferred:
2025-09-11T06:24:53.1975767Z  systemctl restart hosted-compute-agent.service
2025-09-11T06:24:53.1987890Z 
2025-09-11T06:24:53.1988477Z No containers need to be restarted.
2025-09-11T06:24:53.1989771Z 
2025-09-11T06:24:53.1990069Z No user sessions are running outdated binaries.
2025-09-11T06:24:53.1990441Z 
2025-09-11T06:24:53.1990884Z No VM guests are running outdated hypervisor (qemu) binaries on this host.
2025-09-11T06:24:54.1810460Z Downloading Chromium 140.0.7339.16 (playwright build v1187) from https://cdn.playwright.dev/dbazure/download/playwright/builds/chromium/1187/chromium-linux.zip
2025-09-11T06:24:54.3600844Z |                                                                                |   0% of 173.7 MiB
2025-09-11T06:24:54.5685852Z |■■■■■■■■                                                                        |  10% of 173.7 MiB
2025-09-11T06:24:54.7326309Z |■■■■■■■■■■■■■■■■                                                                |  20% of 173.7 MiB
2025-09-11T06:24:54.8767794Z |■■■■■■■■■■■■■■■■■■■■■■■■                                                        |  30% of 173.7 MiB
2025-09-11T06:24:55.0005718Z |■■■■■■■■■■■■■■■■■■■■■■■■■■■■■■■■                                                |  40% of 173.7 MiB
2025-09-11T06:24:55.1223418Z |■■■■■■■■■■■■■■■■■■■■■■■■■■■■■■■■■■■■■■■■                                        |  50% of 173.7 MiB
2025-09-11T06:24:55.2485678Z |■■■■■■■■■■■■■■■■■■■■■■■■■■■■■■■■■■■■■■■■■■■■■■■■                                |  60% of 173.7 MiB
2025-09-11T06:24:55.3654341Z |■■■■■■■■■■■■■■■■■■■■■■■■■■■■■■■■■■■■■■■■■■■■■■■■■■■■■■■■                        |  70% of 173.7 MiB
2025-09-11T06:24:55.4769043Z ##[error]The operation was canceled.
2025-09-11T06:24:55.5011174Z ##[group]Run actions/upload-artifact@v4
2025-09-11T06:24:55.5011654Z with:
2025-09-11T06:24:55.5012015Z   name: playwright-report-ubuntu-latest
2025-09-11T06:24:55.5012530Z   path: dashboard/frontend/playwright-report
2025-09-11T06:24:55.5013000Z   if-no-files-found: warn
2025-09-11T06:24:55.5013995Z   compression-level: 6
2025-09-11T06:24:55.5014389Z   overwrite: false
2025-09-11T06:24:55.5014737Z   include-hidden-files: false
2025-09-11T06:24:55.5015135Z ##[endgroup]
2025-09-11T06:24:56.9611609Z ##[warning]No files were found with the provided path: dashboard/frontend/playwright-report. No artifacts will be uploaded.
2025-09-11T06:24:56.9718395Z Post job cleanup.
2025-09-11T06:24:57.3431234Z [command]/usr/bin/git version
2025-09-11T06:24:57.3431710Z git version 2.51.0
2025-09-11T06:24:57.3434964Z Temporarily overriding HOME='/home/runner/work/_temp/bfcf2482-02c0-493d-b899-a50679de62d6' before making global git config changes
2025-09-11T06:24:57.3436437Z Adding repository directory to the temporary git global config as a safe directory
2025-09-11T06:24:57.3437538Z [command]/usr/bin/git config --global --add safe.directory /home/runner/work/N8N-Self/N8N-Self
2025-09-11T06:24:57.3439427Z [command]/usr/bin/git config --local --name-only --get-regexp core\.sshCommand
2025-09-11T06:24:57.3442283Z [command]/usr/bin/git submodule foreach --recursive sh -c "git config --local --name-only --get-regexp 'core\.sshCommand' && git config --local --unset-all 'core.sshCommand' || :"
2025-09-11T06:24:57.3447424Z [command]/usr/bin/git config --local --name-only --get-regexp http\.https\:\/\/github\.com\/\.extraheader
2025-09-11T06:24:57.3448438Z http.https://github.com/.extraheader
2025-09-11T06:24:57.3460354Z [command]/usr/bin/git config --local --unset-all http.https://github.com/.extraheader
2025-09-11T06:24:57.3463087Z [command]/usr/bin/git submodule foreach --recursive sh -c "git config --local --name-only --get-regexp 'http\.https\:\/\/github\.com\/\.extraheader' && git config --local --unset-all 'http.https://github.com/.extraheader' || :"
2025-09-11T06:24:57.3553359Z Cleaning up orphan processes
2025-09-11T06:24:57.3866685Z Terminate orphan process: pid (1971) (npm exec playwright install --with-deps)
2025-09-11T06:24:57.3904383Z Terminate orphan process: pid (1982) (sh)
2025-09-11T06:24:57.3941961Z Terminate orphan process: pid (1983) (node)
2025-09-11T06:24:57.4072544Z Terminate orphan process: pid (4803) (node)
